Archive member included because of file (symbol)

/cygdrive/C/cygwin/nxtOSEK/ecrobot/../ecrobot/libecrobot.a(ecrobot_interface.o)
                              build/src/movements.o (ecrobot_set_motor_speed)
/cygdrive/C/cygwin/nxtOSEK/ecrobot/../ecrobot/libecrobot.a(colorsensor.o)
                              /cygdrive/C/cygwin/nxtOSEK/ecrobot/../ecrobot/libecrobot.a(ecrobot_interface.o) (colorsensor_init)
/cygdrive/C/cygwin/nxtOSEK/ecrobot/../ecrobot/libecrobot.a(osek_hook.o)
                              build/kernel/osctl.o (StartupHook)
/cygdrive/C/cygwin/nxtOSEK/ecrobot/../ecrobot/libecrobot.a(uart.oram)
                              build/config/at91sam7s-gnu/irq.oram (uart_isr_C_0)
/cygdrive/C/cygwin/nxtOSEK/ecrobot/../ecrobot/libecrobot.a(systick.oram)
                              build/syslib/at91sam7s-gnu/lego_nxt/hw_sys_timer.oram (systick_low_priority_C)
/cygdrive/C/cygwin/nxtOSEK/ecrobot/../ecrobot/libecrobot.a(byte_fifo.oram)
                              /cygdrive/C/cygwin/nxtOSEK/ecrobot/../ecrobot/libecrobot.a(uart.oram) (byte_fifo_put)
/cygdrive/C/cygwin/nxtOSEK/ecrobot/../ecrobot/libecrobot.a(aic.oram)
                              /cygdrive/C/cygwin/nxtOSEK/ecrobot/../ecrobot/libecrobot.a(uart.oram) (aic_set_vector)
/cygdrive/C/cygwin/nxtOSEK/ecrobot/../ecrobot/libecrobot.a(udp.oram)
                              build/config/at91sam7s-gnu/irq.oram (udp_isr_C)
/cygdrive/C/cygwin/nxtOSEK/ecrobot/../ecrobot/libecrobot.a(twi.oram)
                              build/config/at91sam7s-gnu/irq.oram (twi_isr_C)
/cygdrive/C/cygwin/nxtOSEK/ecrobot/../ecrobot/libecrobot.a(nxt_spi.oram)
                              build/config/at91sam7s-gnu/irq.oram (spi_isr_C)
/cygdrive/C/cygwin/nxtOSEK/ecrobot/../ecrobot/libecrobot.a(nxt_motors.oram)
                              build/src/directions.o (nxt_motor_get_count)
/cygdrive/C/cygwin/nxtOSEK/ecrobot/../ecrobot/libecrobot.a(data_abort.oram)
                              build/ecrobot_init.o (data_abort_C)
/cygdrive/C/cygwin/nxtOSEK/ecrobot/../ecrobot/libecrobot.a(display.oram)
                              build/ecrobot_base.o (display_update)
/cygdrive/C/cygwin/nxtOSEK/ecrobot/../ecrobot/libecrobot.a(i2c.oram)
                              build/config/at91sam7s-gnu/irq.oram (i2c_timer_isr_C)
/cygdrive/C/cygwin/nxtOSEK/ecrobot/../ecrobot/libecrobot.a(sound.oram)
                              /cygdrive/C/cygwin/nxtOSEK/ecrobot/../ecrobot/libecrobot.a(ecrobot_interface.o) (sound_get_time)
/cygdrive/C/cygwin/nxtOSEK/ecrobot/../ecrobot/libecrobot.a(bt.oram)
                              build/ecrobot_bluetooth.o (bt_send)
/cygdrive/C/cygwin/nxtOSEK/ecrobot/../ecrobot/libecrobot.a(nxt_avr.oram)
                              build/ecrobot_base.o (nxt_avr_power_down)
/cygdrive/C/cygwin/nxtOSEK/ecrobot/../ecrobot/libecrobot.a(sensors.oram)
                              /cygdrive/C/cygwin/nxtOSEK/ecrobot/../ecrobot/libecrobot.a(ecrobot_interface.o) (unset_digi0)
/cygdrive/C/cygwin/nxtOSEK/ecrobot/../ecrobot/libecrobot.a(sensors1.oram)
                              /cygdrive/C/cygwin/nxtOSEK/ecrobot/../ecrobot/libecrobot.a(colorsensor.o) (sensor_pins)
/cygdrive/C/cygwin/nxtOSEK/ecrobot/../ecrobot/libecrobot.a(nxt_lcd.oram)
                              /cygdrive/C/cygwin/nxtOSEK/ecrobot/../ecrobot/libecrobot.a(display.oram) (nxt_lcd_force_update)
/cygdrive/C/cygwin/nxtOSEK/ecrobot/../ecrobot/libecrobot.a(flash_loader.oram)
                              build/ecrobot.o (set_flash_request)
/cygdrive/C/cygwin/nxtOSEK/ecrobot/../ecrobot/libecrobot.a(interrupts.oram)
                              /cygdrive/C/cygwin/nxtOSEK/ecrobot/../ecrobot/libecrobot.a(uart.oram) (interrupts_get_and_disable)
/cygdrive/C/cygwin/nxtOSEK/ecrobot/../ecrobot/libecrobot.a(nxtosek_splash.obmp)
                              build/ecrobot_base.o (nxtosek_splash_bmp_start)
/cygdrive/C/cygwin/nxtOSEK/ecrobot/../ecrobot/libecrobot.a(ecrobot_usb.o)
                              /cygdrive/C/cygwin/nxtOSEK/ecrobot/../ecrobot/libecrobot.a(flash_loader.oram) (ecrobot_init_usb)
/cygdrive/C/cygwin/nxtOSEK/ecrobot/../ecrobot/libecrobot.a(flashprog.oram)
                              /cygdrive/C/cygwin/nxtOSEK/ecrobot/../ecrobot/libecrobot.a(flash_loader.oram) (flash_write_page)
/cygdrive/C/cygwin/GNUARM/bin/../lib/gcc/arm-elf/4.0.2/thumb/interwork/libgcc.a(_udivsi3.o)
                              build/ecrobot_base.o (__udivsi3)
/cygdrive/C/cygwin/GNUARM/bin/../lib/gcc/arm-elf/4.0.2/thumb/interwork/libgcc.a(_divsi3.o)
                              /cygdrive/C/cygwin/nxtOSEK/ecrobot/../ecrobot/libecrobot.a(uart.oram) (__divsi3)
/cygdrive/C/cygwin/GNUARM/bin/../lib/gcc/arm-elf/4.0.2/thumb/interwork/libgcc.a(_umodsi3.o)
                              /cygdrive/C/cygwin/nxtOSEK/ecrobot/../ecrobot/libecrobot.a(display.oram) (__umodsi3)
/cygdrive/C/cygwin/GNUARM/bin/../lib/gcc/arm-elf/4.0.2/thumb/interwork/libgcc.a(_modsi3.o)
[...]
Memory Configuration

Name             Origin             Length             Attributes
vector_ram       0x00200000         0x00000040
ram              0x00200040         0x0000ffc0
*default*        0x00000000         0xffffffff

Linker script and memory map

LOAD build/kernel/alarm.o
LOAD build/kernel/event.o
LOAD build/kernel/interrupt.o
LOAD build/kernel/osctl.o
LOAD build/kernel/resource.o
LOAD build/kernel/task.o
LOAD build/kernel/task_manage.o
LOAD build/config/at91sam7s-gnu/cpu_config.o
LOAD build/config/at91sam7s-gnu/lego_nxt/sys_config.o
LOAD build/./kernel_cfg.o
LOAD build/syscalls.o
LOAD build/ecrobot_bluetooth.o
LOAD build/ecrobot_base.o
LOAD build/ecrobot.o
LOAD build/src/main.o
LOAD build/src/types.o
LOAD build/src/directions.o
LOAD build/src/lightsensor.o
LOAD build/src/movements.o
LOAD build/src/RobotHandler.o
LOAD build/src/algo/Algo.o
LOAD build/src/algo/AStarNode.o
LOAD build/src/algo/AStarPathFinder.o
LOAD build/src/algo/DeadEndHandler.o
LOAD build/src/algo/MazeArray.o
LOAD build/src/algo/Node.o
LOAD build/syslib/at91sam7s-gnu/lego_nxt/hw_sys_timer.oram
LOAD build/nxtvm/platform/nxt/vectors.o
LOAD build/config/at91sam7s-gnu/debug.o
LOAD build/config/at91sam7s-gnu/lego_nxt/sys_support.o
LOAD build/nxt_binary_header.o
LOAD build/nxt_entry_point.o
LOAD build/ecrobot_init.o
LOAD build/config/at91sam7s-gnu/cpu_support.oram
LOAD build/config/at91sam7s-gnu/irq.oram
LOAD /cygdrive/C/cygwin/nxtOSEK/ecrobot/../c++/liblejososek.a
LOAD /cygdrive/C/cygwin/nxtOSEK/ecrobot/../ecrobot/libecrobot.a
LOAD /cygdrive/C/cygwin/GNUARM/bin/../lib/gcc/arm-elf/4.0.2/../../../../arm-elf/lib/thumb/interwork/libstdc++.a
LOAD /cygdrive/C/cygwin/GNUARM/bin/../lib/gcc/arm-elf/4.0.2/../../../../arm-elf/lib/thumb/interwork/libm.a
LOAD /cygdrive/C/cygwin/GNUARM/bin/../lib/gcc/arm-elf/4.0.2/thumb/interwork/libgcc.a
LOAD /cygdrive/C/cygwin/GNUARM/bin/../lib/gcc/arm-elf/4.0.2/../../../../arm-elf/lib/thumb/interwork/libc.a
LOAD /cygdrive/C/cygwin/GNUARM/bin/../lib/gcc/arm-elf/4.0.2/thumb/interwork/libgcc.a
                0x00200000                RAM_BASE = 0x200000
                0x00010000                RAM_SIZE = 0x10000

.samba_reserved
                0x00200040     0x1fc0
                0x00202000                . = 0x1fc0
 *fill*         0x00200040     0x1fc0 00
                0x00200040                __samba_ram_start__ = ADDR (.samba_reserved)
                0x00202000                __samba_ram_end__ = (__samba_ram_start__ + SIZEOF (.samba_reserved))

.vectors        0x00200000       0x40 load address 0x00202000
 vectors.o(*.text *.text.*)
 .text          0x00200000       0x38 build/nxtvm/platform/nxt/vectors.o
                0x00200040                . = ALIGN (0x10)
 *fill*         0x00200038        0x8 00
                0x00200000                __vectors_ram_start__ = ADDR (.vectors)
                0x00200040                __vectors_ram_end__ = (ADDR (.vectors) + SIZEOF (.vectors))
                0x00202000                __vectors_load_start__ = LOADADDR (.vectors)
                0x00202040                __vectors_load_end__ = (LOADADDR (.vectors) + SIZEOF (.vectors))

.init           0x00202040      0x280
 *ecrobot_init.o(*.text *.text.*)
 .text          0x00202040      0x280 build/ecrobot_init.o
                0x002021ac                undef_handler
                0x002021b4                prefetch_abort_handler
                0x002021b8                data_abort_handler
                0x002021b0                swi_handler
                0x00202040                start
                0x002021d4                reserved_handler
                0x002022c0                . = ALIGN (0x10)

.ram_text       0x002022c0     0x3290
                0x002022c0                . = ALIGN (0x10)
 *.oram(*.text *.text.* *.glue*)
 .text.systick_isr_C1
                0x002022c0       0x28 build/syslib/at91sam7s-gnu/lego_nxt/hw_sys_timer.oram
                0x002022c0                systick_isr_C1
 *fill*         0x002022e8        0x8 00
 .text          0x002022f0      0x230 build/config/at91sam7s-gnu/cpu_support.oram
                0x002024d0                enable_int
                0x00202370                start_dispatch
                0x00202330                activate_r
                0x002024c8                disable_int
                0x002022f0                dispatch
                0x0020249c                int_return
                0x0020242c                _interrupt
                0x00202360                exit_and_dispatch
                0x002024d8                nop
 .text          0x00202520      0x2c0 build/config/at91sam7s-gnu/irq.oram
                0x00202520                default_isr
                0x002026ac                uart_isr_entry_0
                0x0020262c                twi_isr_entry
                0x002026ec                uart_isr_entry_1
                0x002025ec                spi_isr_entry
                0x0020256c                systick_low_priority_entry
                0x0020272c                nxt_motor_isr_entry
                0x0020276c                i2c_timer_isr_entry
                0x00202520                default_fiq
                0x00202524                systick_isr_entry
                0x00202520                spurious_isr
                0x0020266c                sound_isr_entry
                0x002025ac                udp_isr_entry
 .text.uart_process_isr
                0x002027e0       0x88 /cygdrive/C/cygwin/nxtOSEK/ecrobot/../ecrobot/libecrobot.a(uart.oram)
 .text.uart_isr_C_0
                0x00202868        0xc /cygdrive/C/cygwin/nxtOSEK/ecrobot/../ecrobot/libecrobot.a(uart.oram)
                0x00202868                uart_isr_C_0
 .text.uart_isr_C_1
                0x00202874        0xc /cygdrive/C/cygwin/nxtOSEK/ecrobot/../ecrobot/libecrobot.a(uart.oram)
                0x00202874                uart_isr_C_1
 .text.systick_low_priority_C
                0x00202880       0x1c /cygdrive/C/cygwin/nxtOSEK/ecrobot/../ecrobot/libecrobot.a(systick.oram)
                0x00202880                systick_low_priority_C
 .text.systick_isr_C
                0x0020289c       0x24 /cygdrive/C/cygwin/nxtOSEK/ecrobot/../ecrobot/libecrobot.a(systick.oram)
                0x0020289c                systick_isr_C
 .text.systick_get_ms
                0x002028c0        0xc /cygdrive/C/cygwin/nxtOSEK/ecrobot/../ecrobot/libecrobot.a(systick.oram)
                0x002028c0                systick_get_ms
 .text.systick_wait_ms
                0x002028cc       0x1c /cygdrive/C/cygwin/nxtOSEK/ecrobot/../ecrobot/libecrobot.a(systick.oram)
                0x002028cc                systick_wait_ms
 .text.systick_wait_ns
                0x002028e8       0x1c /cygdrive/C/cygwin/nxtOSEK/ecrobot/../ecrobot/libecrobot.a(systick.oram)
                0x002028e8                systick_wait_ns
 .text.systick_init
                0x00202904       0x58 /cygdrive/C/cygwin/nxtOSEK/ecrobot/../ecrobot/libecrobot.a(systick.oram)
                0x00202904                systick_init
 .text.systick_suspend
                0x0020295c        0xc /cygdrive/C/cygwin/nxtOSEK/ecrobot/../ecrobot/libecrobot.a(systick.oram)
                0x0020295c                systick_suspend
 .text.systick_resume
                0x00202968        0xc /cygdrive/C/cygwin/nxtOSEK/ecrobot/../ecrobot/libecrobot.a(systick.oram)
                0x00202968                systick_resume
 .text.byte_fifo_put
                0x00202974       0x58 /cygdrive/C/cygwin/nxtOSEK/ecrobot/../ecrobot/libecrobot.a(byte_fifo.oram)
                0x00202974                byte_fifo_put
 .text.byte_fifo_get
                0x002029cc       0x2c /cygdrive/C/cygwin/nxtOSEK/ecrobot/../ecrobot/libecrobot.a(byte_fifo.oram)
                0x002029cc                byte_fifo_get
 .text.aic_initialise
                0x002029f8       0x5c /cygdrive/C/cygwin/nxtOSEK/ecrobot/../ecrobot/libecrobot.a(aic.oram)
                0x002029f8                aic_initialise
 .text.aic_set_vector
                0x00202a54       0x30 /cygdrive/C/cygwin/nxtOSEK/ecrobot/../ecrobot/libecrobot.a(aic.oram)
                0x00202a54                aic_set_vector
 .text.aic_mask_on
                0x00202a84       0x24 /cygdrive/C/cygwin/nxtOSEK/ecrobot/../ecrobot/libecrobot.a(aic.oram)
                0x00202a84                aic_mask_on
 .text.aic_mask_off
                0x00202aa8       0x24 /cygdrive/C/cygwin/nxtOSEK/ecrobot/../ecrobot/libecrobot.a(aic.oram)
                0x00202aa8                aic_mask_off
 .text.aic_clear
                0x00202acc       0x24 /cygdrive/C/cygwin/nxtOSEK/ecrobot/../ecrobot/libecrobot.a(aic.oram)
                0x00202acc                aic_clear
 .text.reset    0x00202af0       0x4c /cygdrive/C/cygwin/nxtOSEK/ecrobot/../ecrobot/libecrobot.a(udp.oram)
 .text.udp_send_null
                0x00202b3c       0x2c /cygdrive/C/cygwin/nxtOSEK/ecrobot/../ecrobot/libecrobot.a(udp.oram)
 .text.udp_send_stall
                0x00202b68       0x2c /cygdrive/C/cygwin/nxtOSEK/ecrobot/../ecrobot/libecrobot.a(udp.oram)
 .text.udp_send_control
                0x00202b94       0x60 /cygdrive/C/cygwin/nxtOSEK/ecrobot/../ecrobot/libecrobot.a(udp.oram)
 .text.udp_isr_C
                0x00202bf4      0x7d0 /cygdrive/C/cygwin/nxtOSEK/ecrobot/../ecrobot/libecrobot.a(udp.oram)
                0x00202bf4                udp_isr_C
 .text.twi_status
                0x002033c4       0x20 /cygdrive/C/cygwin/nxtOSEK/ecrobot/../ecrobot/libecrobot.a(twi.oram)
                0x002033c4                twi_status
 .text.twi_isr_C
                0x002033e4       0xc4 /cygdrive/C/cygwin/nxtOSEK/ecrobot/../ecrobot/libecrobot.a(twi.oram)
                0x002033e4                twi_isr_C
 .text.twi_reset
                0x002034a8       0xb4 /cygdrive/C/cygwin/nxtOSEK/ecrobot/../ecrobot/libecrobot.a(twi.oram)
                0x002034a8                twi_reset
 .text.twi_init
                0x0020355c       0x4c /cygdrive/C/cygwin/nxtOSEK/ecrobot/../ecrobot/libecrobot.a(twi.oram)
                0x0020355c                twi_init
 .text.twi_start_read
                0x002035a8       0x60 /cygdrive/C/cygwin/nxtOSEK/ecrobot/../ecrobot/libecrobot.a(twi.oram)
                0x002035a8                twi_start_read
 .text.twi_start_write
                0x00203608       0x64 /cygdrive/C/cygwin/nxtOSEK/ecrobot/../ecrobot/libecrobot.a(twi.oram)
                0x00203608                twi_start_write
 .text.spi_set_mode
                0x0020366c       0x40 /cygdrive/C/cygwin/nxtOSEK/ecrobot/../ecrobot/libecrobot.a(nxt_spi.oram)
 .text.spi_isr_C
                0x002036ac       0x8c /cygdrive/C/cygwin/nxtOSEK/ecrobot/../ecrobot/libecrobot.a(nxt_spi.oram)
                0x002036ac                spi_isr_C
 .text.nxt_spi_init
                0x00203738      0x12c /cygdrive/C/cygwin/nxtOSEK/ecrobot/../ecrobot/libecrobot.a(nxt_spi.oram)
                0x00203738                nxt_spi_init
 .text.nxt_spi_write
                0x00203864       0x44 /cygdrive/C/cygwin/nxtOSEK/ecrobot/../ecrobot/libecrobot.a(nxt_spi.oram)
                0x00203864                nxt_spi_write
 .text.nxt_spi_set_display
                0x002038a8       0x10 /cygdrive/C/cygwin/nxtOSEK/ecrobot/../ecrobot/libecrobot.a(nxt_spi.oram)
                0x002038a8                nxt_spi_set_display
 .text.nxt_spi_refresh
                0x002038b8       0x24 /cygdrive/C/cygwin/nxtOSEK/ecrobot/../ecrobot/libecrobot.a(nxt_spi.oram)
                0x002038b8                nxt_spi_refresh
 .text.nxt_motor_get_count
                0x002038dc       0x14 /cygdrive/C/cygwin/nxtOSEK/ecrobot/../ecrobot/libecrobot.a(nxt_motors.oram)
                0x002038dc                nxt_motor_get_count
 .text.nxt_motor_set_count
                0x002038f0       0x10 /cygdrive/C/cygwin/nxtOSEK/ecrobot/../ecrobot/libecrobot.a(nxt_motors.oram)
                0x002038f0                nxt_motor_set_count
 .text.nxt_motor_set_speed
                0x00203900       0x34 /cygdrive/C/cygwin/nxtOSEK/ecrobot/../ecrobot/libecrobot.a(nxt_motors.oram)
                0x00203900                nxt_motor_set_speed
 .text.nxt_motor_1kHz_process
                0x00203934       0x28 /cygdrive/C/cygwin/nxtOSEK/ecrobot/../ecrobot/libecrobot.a(nxt_motors.oram)
                0x00203934                nxt_motor_1kHz_process
 .text.nxt_motor_quad_decode
                0x0020395c       0x30 /cygdrive/C/cygwin/nxtOSEK/ecrobot/../ecrobot/libecrobot.a(nxt_motors.oram)
                0x0020395c                nxt_motor_quad_decode
 .text.nxt_motor_isr_C
                0x0020398c       0x88 /cygdrive/C/cygwin/nxtOSEK/ecrobot/../ecrobot/libecrobot.a(nxt_motors.oram)
                0x0020398c                nxt_motor_isr_C
 .text.nxt_motor_init
                0x00203a14       0x68 /cygdrive/C/cygwin/nxtOSEK/ecrobot/../ecrobot/libecrobot.a(nxt_motors.oram)
                0x00203a14                nxt_motor_init
 .text.data_abort_C
                0x00203a7c       0x7c /cygdrive/C/cygwin/nxtOSEK/ecrobot/../ecrobot/libecrobot.a(data_abort.oram)
                0x00203a7c                data_abort_C
 .text.display_update
                0x00203af8       0x14 /cygdrive/C/cygwin/nxtOSEK/ecrobot/../ecrobot/libecrobot.a(display.oram)
                0x00203af8                display_update
 .text.display_force_update
                0x00203b0c        0xc /cygdrive/C/cygwin/nxtOSEK/ecrobot/../ecrobot/libecrobot.a(display.oram)
                0x00203b0c                display_force_update
 .text.display_clear
                0x00203b18       0x24 /cygdrive/C/cygwin/nxtOSEK/ecrobot/../ecrobot/libecrobot.a(display.oram)
                0x00203b18                display_clear
 .text.display_goto_xy
                0x00203b3c       0x14 /cygdrive/C/cygwin/nxtOSEK/ecrobot/../ecrobot/libecrobot.a(display.oram)
                0x00203b3c                display_goto_xy
 .text.display_char
                0x00203b50       0x60 /cygdrive/C/cygwin/nxtOSEK/ecrobot/../ecrobot/libecrobot.a(display.oram)
                0x00203b50                display_char
 .text.display_string
                0x00203bb0       0x3c /cygdrive/C/cygwin/nxtOSEK/ecrobot/../ecrobot/libecrobot.a(display.oram)
                0x00203bb0                display_string
 .text.display_hex
                0x00203bec       0x50 /cygdrive/C/cygwin/nxtOSEK/ecrobot/../ecrobot/libecrobot.a(display.oram)
                0x00203bec                display_hex
 .text.display_unsigned_worker
                0x00203c3c       0x70 /cygdrive/C/cygwin/nxtOSEK/ecrobot/../ecrobot/libecrobot.a(display.oram)
 .text.display_unsigned
                0x00203cac        0xc /cygdrive/C/cygwin/nxtOSEK/ecrobot/../ecrobot/libecrobot.a(display.oram)
                0x00203cac                display_unsigned
 .text.display_int
                0x00203cb8       0x14 /cygdrive/C/cygwin/nxtOSEK/ecrobot/../ecrobot/libecrobot.a(display.oram)
                0x00203cb8                display_int
 .text.display_bitmap_copy
                0x00203ccc       0x5c /cygdrive/C/cygwin/nxtOSEK/ecrobot/../ecrobot/libecrobot.a(display.oram)
                0x00203ccc                display_bitmap_copy
 .text.display_init
                0x00203d28       0x50 /cygdrive/C/cygwin/nxtOSEK/ecrobot/../ecrobot/libecrobot.a(display.oram)
                0x00203d28                display_init
 .text.i2c_timer_isr_C
                0x00203d78      0x314 /cygdrive/C/cygwin/nxtOSEK/ecrobot/../ecrobot/libecrobot.a(i2c.oram)
                0x00203d78                i2c_timer_isr_C
 .text.i2c_disable
                0x0020408c       0x20 /cygdrive/C/cygwin/nxtOSEK/ecrobot/../ecrobot/libecrobot.a(i2c.oram)
                0x0020408c                i2c_disable
 .text.i2c_init
                0x002040ac       0xa4 /cygdrive/C/cygwin/nxtOSEK/ecrobot/../ecrobot/libecrobot.a(i2c.oram)
                0x002040ac                i2c_init
 .text.set_vol  0x00204150       0xa4 /cygdrive/C/cygwin/nxtOSEK/ecrobot/../ecrobot/libecrobot.a(sound.oram)
 .text.sound_fill_sample_buffer
                0x002041f4       0xe4 /cygdrive/C/cygwin/nxtOSEK/ecrobot/../ecrobot/libecrobot.a(sound.oram)
                0x002041f4                sound_fill_sample_buffer
 .text.sound_freq_vol
                0x002042d8      0x1e4 /cygdrive/C/cygwin/nxtOSEK/ecrobot/../ecrobot/libecrobot.a(sound.oram)
                0x002042d8                sound_freq_vol
 .text.sound_freq
                0x002044bc        0xc /cygdrive/C/cygwin/nxtOSEK/ecrobot/../ecrobot/libecrobot.a(sound.oram)
                0x002044bc                sound_freq
 .text.sound_init
                0x002044c8       0xa0 /cygdrive/C/cygwin/nxtOSEK/ecrobot/../ecrobot/libecrobot.a(sound.oram)
                0x002044c8                sound_init
 .text.sound_isr_C
                0x00204568      0x144 /cygdrive/C/cygwin/nxtOSEK/ecrobot/../ecrobot/libecrobot.a(sound.oram)
                0x00204568                sound_isr_C
 .text.bt_init  0x002046ac      0x1c0 /cygdrive/C/cygwin/nxtOSEK/ecrobot/../ecrobot/libecrobot.a(bt.oram)
                0x002046ac                bt_init
 .text.nxt_avr_power_down
                0x0020486c       0x10 /cygdrive/C/cygwin/nxtOSEK/ecrobot/../ecrobot/libecrobot.a(nxt_avr.oram)
                0x0020486c                nxt_avr_power_down
 .text.nxt_avr_link_init
                0x0020487c       0x20 /cygdrive/C/cygwin/nxtOSEK/ecrobot/../ecrobot/libecrobot.a(nxt_avr.oram)
                0x0020487c                nxt_avr_link_init
 .text.nxt_avr_init
                0x0020489c       0x6c /cygdrive/C/cygwin/nxtOSEK/ecrobot/../ecrobot/libecrobot.a(nxt_avr.oram)
                0x0020489c                nxt_avr_init
 .text.nxt_avr_1kHz_update
                0x00204908      0x1cc /cygdrive/C/cygwin/nxtOSEK/ecrobot/../ecrobot/libecrobot.a(nxt_avr.oram)
                0x00204908                nxt_avr_1kHz_update
 .text.buttons_get
                0x00204ad4        0xc /cygdrive/C/cygwin/nxtOSEK/ecrobot/../ecrobot/libecrobot.a(nxt_avr.oram)
                0x00204ad4                buttons_get
 .text.battery_voltage
                0x00204ae0       0x28 /cygdrive/C/cygwin/nxtOSEK/ecrobot/../ecrobot/libecrobot.a(nxt_avr.oram)
                0x00204ae0                battery_voltage
 .text.sensor_adc
                0x00204b08       0x20 /cygdrive/C/cygwin/nxtOSEK/ecrobot/../ecrobot/libecrobot.a(nxt_avr.oram)
                0x00204b08                sensor_adc
 .text.nxt_avr_set_motor
                0x00204b28       0x34 /cygdrive/C/cygwin/nxtOSEK/ecrobot/../ecrobot/libecrobot.a(nxt_avr.oram)
                0x00204b28                nxt_avr_set_motor
 .text.nxt_avr_set_input_power
                0x00204b5c       0x3c /cygdrive/C/cygwin/nxtOSEK/ecrobot/../ecrobot/libecrobot.a(nxt_avr.oram)
                0x00204b5c                nxt_avr_set_input_power
 .text.unset_digi0
                0x00204b98       0x44 /cygdrive/C/cygwin/nxtOSEK/ecrobot/../ecrobot/libecrobot.a(sensors.oram)
                0x00204b98                unset_digi0
 .text.unset_digi1
                0x00204bdc       0x44 /cygdrive/C/cygwin/nxtOSEK/ecrobot/../ecrobot/libecrobot.a(sensors.oram)
                0x00204bdc                unset_digi1
 .text.init_sensors
                0x00204c20       0x4c /cygdrive/C/cygwin/nxtOSEK/ecrobot/../ecrobot/libecrobot.a(sensors.oram)
                0x00204c20                init_sensors
 .text.set_digi0
                0x00204c6c       0x44 /cygdrive/C/cygwin/nxtOSEK/ecrobot/../ecrobot/libecrobot.a(sensors.oram)
                0x00204c6c                set_digi0
 .text.nxt_lcd_command
                0x00204cb0       0x18 /cygdrive/C/cygwin/nxtOSEK/ecrobot/../ecrobot/libecrobot.a(nxt_lcd.oram)
                0x00204cb0                nxt_lcd_command
 .text.nxt_lcd_set_col
                0x00204cc8       0x24 /cygdrive/C/cygwin/nxtOSEK/ecrobot/../ecrobot/libecrobot.a(nxt_lcd.oram)
                0x00204cc8                nxt_lcd_set_col
 .text.nxt_lcd_set_multiplex_rate
                0x00204cec       0x18 /cygdrive/C/cygwin/nxtOSEK/ecrobot/../ecrobot/libecrobot.a(nxt_lcd.oram)
                0x00204cec                nxt_lcd_set_multiplex_rate
 .text.nxt_lcd_set_page_address
                0x00204d04       0x18 /cygdrive/C/cygwin/nxtOSEK/ecrobot/../ecrobot/libecrobot.a(nxt_lcd.oram)
                0x00204d04                nxt_lcd_set_page_address
 .text.nxt_lcd_set_pot
                0x00204d1c       0x1c /cygdrive/C/cygwin/nxtOSEK/ecrobot/../ecrobot/libecrobot.a(nxt_lcd.oram)
                0x00204d1c                nxt_lcd_set_pot
 .text.nxt_lcd_set_ram_address_control
                0x00204d38       0x18 /cygdrive/C/cygwin/nxtOSEK/ecrobot/../ecrobot/libecrobot.a(nxt_lcd.oram)
                0x00204d38                nxt_lcd_set_ram_address_control
 .text.nxt_lcd_enable
                0x00204d50       0x14 /cygdrive/C/cygwin/nxtOSEK/ecrobot/../ecrobot/libecrobot.a(nxt_lcd.oram)
                0x00204d50                nxt_lcd_enable
 .text.nxt_lcd_set_map_control
                0x00204d64       0x18 /cygdrive/C/cygwin/nxtOSEK/ecrobot/../ecrobot/libecrobot.a(nxt_lcd.oram)
                0x00204d64                nxt_lcd_set_map_control
 .text.nxt_lcd_reset
                0x00204d7c        0xc /cygdrive/C/cygwin/nxtOSEK/ecrobot/../ecrobot/libecrobot.a(nxt_lcd.oram)
                0x00204d7c                nxt_lcd_reset
 .text.nxt_lcd_set_bias_ratio
                0x00204d88       0x18 /cygdrive/C/cygwin/nxtOSEK/ecrobot/../ecrobot/libecrobot.a(nxt_lcd.oram)
                0x00204d88                nxt_lcd_set_bias_ratio
 .text.nxt_lcd_force_update
                0x00204da0       0x30 /cygdrive/C/cygwin/nxtOSEK/ecrobot/../ecrobot/libecrobot.a(nxt_lcd.oram)
                0x00204da0                nxt_lcd_force_update
 .text.nxt_lcd_update
                0x00204dd0        0xc /cygdrive/C/cygwin/nxtOSEK/ecrobot/../ecrobot/libecrobot.a(nxt_lcd.oram)
                0x00204dd0                nxt_lcd_update
 .text.nxt_lcd_power_up
                0x00204ddc       0x48 /cygdrive/C/cygwin/nxtOSEK/ecrobot/../ecrobot/libecrobot.a(nxt_lcd.oram)
                0x00204ddc                nxt_lcd_power_up
 .text.nxt_lcd_power_down
                0x00204e24        0xc /cygdrive/C/cygwin/nxtOSEK/ecrobot/../ecrobot/libecrobot.a(nxt_lcd.oram)
                0x00204e24                nxt_lcd_power_down
 .text.nxt_lcd_init
                0x00204e30       0x18 /cygdrive/C/cygwin/nxtOSEK/ecrobot/../ecrobot/libecrobot.a(nxt_lcd.oram)
                0x00204e30                nxt_lcd_init
 .text.verify_flash_page
                0x00204e48       0x34 /cygdrive/C/cygwin/nxtOSEK/ecrobot/../ecrobot/libecrobot.a(flash_loader.oram)
 .text.set_flash_request
                0x00204e7c       0x38 /cygdrive/C/cygwin/nxtOSEK/ecrobot/../ecrobot/libecrobot.a(flash_loader.oram)
                0x00204e7c                set_flash_request
 .text.nxt_device_init
                0x00204eb4       0x38 /cygdrive/C/cygwin/nxtOSEK/ecrobot/../ecrobot/libecrobot.a(flash_loader.oram)
                0x00204eb4                nxt_device_init
 .text          0x00204eec       0x68 /cygdrive/C/cygwin/nxtOSEK/ecrobot/../ecrobot/libecrobot.a(interrupts.oram)
                0x00204f44                fiq_enable
                0x00204eec                interrupts_get_and_disable
                0x00204f20                fiq_get_and_disable
                0x00204f10                interrupts_enable
 .text.flash_write_page
                0x00204f54       0xc0 /cygdrive/C/cygwin/nxtOSEK/ecrobot/../ecrobot/libecrobot.a(flashprog.oram)
                0x00204f54                flash_write_page
                0x00205020                . = ALIGN (0x10)
 *fill*         0x00205014        0xc 00
 *.oram(*.rodata *.rodata.*)
 .rodata.ld     0x00205020        0x4 /cygdrive/C/cygwin/nxtOSEK/ecrobot/../ecrobot/libecrobot.a(udp.oram)
 .rodata.cfd    0x00205024       0x20 /cygdrive/C/cygwin/nxtOSEK/ecrobot/../ecrobot/libecrobot.a(udp.oram)
 .rodata.dd     0x00205044       0x12 /cygdrive/C/cygwin/nxtOSEK/ecrobot/../ecrobot/libecrobot.a(udp.oram)
 *fill*         0x00205056        0x2 00
 .rodata.str1.4
                0x00205058       0x22 /cygdrive/C/cygwin/nxtOSEK/ecrobot/../ecrobot/libecrobot.a(data_abort.oram)
                                 0x24 (size before relaxing)
 .rodata.font   0x0020507a      0x280 /cygdrive/C/cygwin/nxtOSEK/ecrobot/../ecrobot/libecrobot.a(display.oram)
 *fill*         0x002052fa        0x2 00
 .rodata.str1.4
                0x002052fc       0x76 /cygdrive/C/cygwin/nxtOSEK/ecrobot/../ecrobot/libecrobot.a(display.oram)
                                 0x78 (size before relaxing)
 *fill*         0x00205372        0x2 00
 .rodata.i2c_pin
                0x00205374       0x20 /cygdrive/C/cygwin/nxtOSEK/ecrobot/../ecrobot/libecrobot.a(i2c.oram)
 .rodata.i2c_timer_isr_C
                0x00205394       0x38 /cygdrive/C/cygwin/nxtOSEK/ecrobot/../ecrobot/libecrobot.a(i2c.oram)
 .rodata.logvol
                0x002053cc        0xc /cygdrive/C/cygwin/nxtOSEK/ecrobot/../ecrobot/libecrobot.a(sound.oram)
                0x002053cc                logvol
 .rodata.silence
                0x002053d8       0x40 /cygdrive/C/cygwin/nxtOSEK/ecrobot/../ecrobot/libecrobot.a(sound.oram)
                0x002053d8                silence
 .rodata.sine   0x00205418       0x10 /cygdrive/C/cygwin/nxtOSEK/ecrobot/../ecrobot/libecrobot.a(sound.oram)
                0x00205418                sine
 .rodata.sample_pattern
                0x00205428       0x84 /cygdrive/C/cygwin/nxtOSEK/ecrobot/../ecrobot/libecrobot.a(sound.oram)
                0x00205428                sample_pattern
 .rodata        0x002054ac        0xc /cygdrive/C/cygwin/nxtOSEK/ecrobot/../ecrobot/libecrobot.a(sound.oram)
 .rodata.avr_brainwash_string
                0x002054b8       0x30 /cygdrive/C/cygwin/nxtOSEK/ecrobot/../ecrobot/libecrobot.a(nxt_avr.oram)
                0x002054b8                avr_brainwash_string
 .rodata.nxt_avr_1kHz_update
                0x002054e8       0x14 /cygdrive/C/cygwin/nxtOSEK/ecrobot/../ecrobot/libecrobot.a(nxt_avr.oram)
 .rodata.C.33.1823
                0x002054fc       0x10 /cygdrive/C/cygwin/nxtOSEK/ecrobot/../ecrobot/libecrobot.a(sensors.oram)
 .rodata.C.37.1857
                0x0020550c       0x10 /cygdrive/C/cygwin/nxtOSEK/ecrobot/../ecrobot/libecrobot.a(sensors.oram)
 .rodata.C.31.1806
                0x0020551c       0x10 /cygdrive/C/cygwin/nxtOSEK/ecrobot/../ecrobot/libecrobot.a(sensors.oram)
 .rodata.str1.4
                0x0020552c       0x23 /cygdrive/C/cygwin/nxtOSEK/ecrobot/../ecrobot/libecrobot.a(flash_loader.oram)
                                 0x24 (size before relaxing)
                0x00205550                . = ALIGN (0x10)
 *fill*         0x0020554f        0x1 00
                0x002022c0                __ramtext_ram_start__ = ADDR (.ram_text)
                0x00205550                __ramtext_ram_end__ = (ADDR (.ram_text) + SIZEOF (.ram_text))
                0x002022c0                __ramtext_load_start__ = LOADADDR (.ram_text)
                0x00205550                __ramtext_load_end__ = (__ramtext_load_start__ + SIZEOF (.ram_text))

.wav_data       0x00205550        0x0
 *.owav(*.data *.data.*)
                0x00205550                . = ALIGN (0x10)

.bmp_data       0x00205550      0x440
 *.obmp(*.data *.data.*)
 .data          0x00205550      0x43e /cygdrive/C/cygwin/nxtOSEK/ecrobot/../ecrobot/libecrobot.a(nxtosek_splash.obmp)
                0x00205550                nxtosek_splash_bmp_start
                0x0020598e                nxtosek_splash_bmp_end
                0x00205990                . = ALIGN (0x10)
 *fill*         0x0020598e        0x2 00

.spr_data       0x00205990        0x0
 *.ospr(*.data *.data.*)
                0x00205990                . = ALIGN (0x10)

.data           0x00205990      0x880
 *(*.data *.data.*)
 .data.bt_status
                0x00205990        0x1 build/ecrobot_bluetooth.o
 *fill*         0x00205991        0x3 00
 .data.distance_state
                0x00205994       0x10 /cygdrive/C/cygwin/nxtOSEK/ecrobot/../ecrobot/libecrobot.a(ecrobot_interface.o)
 .data.deviceStatus
                0x002059a4        0x1 /cygdrive/C/cygwin/nxtOSEK/ecrobot/../ecrobot/libecrobot.a(ecrobot_interface.o)
 .data.named    0x002059a5       0x22 /cygdrive/C/cygwin/nxtOSEK/ecrobot/../ecrobot/libecrobot.a(udp.oram)
 .data.snd      0x002059c7       0x1a /cygdrive/C/cygwin/nxtOSEK/ecrobot/../ecrobot/libecrobot.a(udp.oram)
 *fill*         0x002059e1        0x3 00
 .data.configured
                0x002059e4        0x4 /cygdrive/C/cygwin/nxtOSEK/ecrobot/../ecrobot/libecrobot.a(udp.oram)
 .data.mode     0x002059e8        0x1 /cygdrive/C/cygwin/nxtOSEK/ecrobot/../ecrobot/libecrobot.a(nxt_spi.oram)
                0x002059e8                mode
 *fill*         0x002059e9        0x3 00
 .bss.data      0x002059ec        0x4 /cygdrive/C/cygwin/nxtOSEK/ecrobot/../ecrobot/libecrobot.a(nxt_spi.oram)
                0x002059ec                data
 .data.display_auto_update
                0x002059f0        0x4 /cygdrive/C/cygwin/nxtOSEK/ecrobot/../ecrobot/libecrobot.a(display.oram)
                0x002059f0                display_auto_update
 .data.display_buffer
                0x002059f4        0x4 /cygdrive/C/cygwin/nxtOSEK/ecrobot/../ecrobot/libecrobot.a(display.oram)
 .data          0x002059f8      0x410 /cygdrive/C/cygwin/GNUARM/bin/../lib/gcc/arm-elf/4.0.2/../../../../arm-elf/lib/thumb/interwork/libc.a(mallocr.o)
                0x002059f8                __malloc_sbrk_base
                0x00205a00                __malloc_av_
                0x002059fc                __malloc_trim_threshold
 .data          0x00205e08      0x404 /cygdrive/C/cygwin/GNUARM/bin/../lib/gcc/arm-elf/4.0.2/../../../../arm-elf/lib/thumb/interwork/libc.a(impure.o)
                0x00206208                _impure_ptr
                0x00206210                . = ALIGN (0x10)
 *fill*         0x0020620c        0x4 00
                0x00205990                __data_ram_start__ = ADDR (.data)
                0x00206210                __data_ram_end__ = (ADDR (.data) + SIZEOF (.data))
                0x00205990                __data_load_start__ = LOADADDR (.data)
                0x00206210                __data_load_end__ = (__data_load_start__ + SIZEOF (.data))

.text           0x00206210     0x4510
                0x00206210                . = ALIGN (0x10)
 *(*.text *.text.* *.glue*)
 .text.StartOS  0x00206210       0x58 build/kernel/osctl.o
                0x00206210                StartOS
 .text.ShutdownOS
                0x00206268       0x4c build/kernel/osctl.o
                0x00206268                ShutdownOS
 .text.call_pretaskhook
                0x002062b4       0x24 build/kernel/osctl.o
                0x002062b4                call_pretaskhook
 .text.call_errorhook
                0x002062d8       0x78 build/kernel/osctl.o
                0x002062d8                call_errorhook
 .text.call_posttaskhook
                0x00206350       0x24 build/kernel/osctl.o
                0x00206350                call_posttaskhook
 .text.search_schedtsk
                0x00206374       0x94 build/kernel/task.o
                0x00206374                search_schedtsk
 .text.make_runnable
                0x00206408       0xac build/kernel/task.o
                0x00206408                make_runnable
 .text.make_active
                0x002064b4       0x78 build/kernel/task.o
                0x002064b4                make_active
 .text.task_initialize
                0x0020652c       0x90 build/kernel/task.o
                0x0020652c                task_initialize
 .text.TerminateTask
                0x002065bc       0x74 build/kernel/task_manage.o
                0x002065bc                TerminateTask
 .text.cpu_initialize
                0x00206630        0x4 build/config/at91sam7s-gnu/cpu_config.o
                0x00206630                cpu_initialize
 .text.cpu_terminate
                0x00206634        0x4 build/config/at91sam7s-gnu/cpu_config.o
                0x00206634                cpu_terminate
 .text.sys_initialize
                0x00206638        0x4 build/config/at91sam7s-gnu/lego_nxt/sys_config.o
                0x00206638                sys_initialize
 .text.sys_exit
                0x0020663c        0x4 build/config/at91sam7s-gnu/lego_nxt/sys_config.o
                0x0020663c                sys_exit
 .text.object_initialize
                0x00206640        0xc build/./kernel_cfg.o
                0x00206640                object_initialize
 .text._sbrk_r  0x0020664c       0x1c build/syscalls.o
                0x0020664c                _sbrk_r
 .text.ecrobot_get_bt_status
                0x00206668       0x10 build/ecrobot_bluetooth.o
                0x00206668                ecrobot_get_bt_status
 .text.init_OS_flag
                0x00206678        0xc build/ecrobot_base.o
                0x00206678                init_OS_flag
 .text.set_OS_flag
                0x00206684        0xc build/ecrobot_base.o
                0x00206684                set_OS_flag
 .text.get_OS_flag
                0x00206690        0xc build/ecrobot_base.o
                0x00206690                get_OS_flag
 .text.cpp_constructor
                0x0020669c       0x28 build/ecrobot_base.o
                0x0020669c                cpp_constructor
 .text.cpp_destructor
                0x002066c4       0x28 build/ecrobot_base.o
                0x002066c4                cpp_destructor
 .text.execution_mode
                0x002066ec       0x24 build/ecrobot_base.o
                0x002066ec                execution_mode
 .text.show_main_screen
                0x00206710       0x48 build/ecrobot_base.o
                0x00206710                show_main_screen
 .text.display_status_bar
                0x00206758       0x5c build/ecrobot_base.o
                0x00206758                display_status_bar
 .text.check_NXT_buttons
                0x002067b4       0x7c build/ecrobot_base.o
                0x002067b4                check_NXT_buttons
 .text.add_status_info
                0x00206830       0x68 build/ecrobot_base.o
                0x00206830                add_status_info
 .text.show_splash_screen
                0x00206898       0x90 build/ecrobot_base.o
                0x00206898                show_splash_screen
 .text.main     0x00206928      0x108 build/ecrobot.o
                0x00206928                main
 .text.user_1ms_isr_type2
                0x00206a30        0x4 build/src/main.o
                0x00206a30                user_1ms_isr_type2
 .text.ecrobot_device_initialize
                0x00206a34        0x4 build/src/main.o
                0x00206a34                ecrobot_device_initialize
 .text.ecrobot_device_terminate
                0x00206a38        0x4 build/src/main.o
                0x00206a38                ecrobot_device_terminate
 .text.getCurrentOrientation
                0x00206a3c        0xc build/src/main.o
                0x00206a3c                getCurrentOrientation
 .text.setCurrentOrientation
                0x00206a48        0xc build/src/main.o
                0x00206a48                setCurrentOrientation
 .text.endRobot
                0x00206a54       0x1c build/src/main.o
                0x00206a54                endRobot
 .text.initRobot
                0x00206a70       0x20 build/src/main.o
                0x00206a70                initRobot
 .text.TaskMainOSEK_Main_Task
                0x00206a90       0x58 build/src/main.o
                0x00206a90                TaskMainOSEK_Main_Task
 .text.printString
                0x00206ae8        0x4 build/src/types.o
                0x00206ae8                printString
 .text.oring    0x00206aec       0x58 build/src/directions.o
                0x00206aec                oring
 .text.getOppositeOrientation
                0x00206b44       0x1c build/src/directions.o
                0x00206b44                getOppositeOrientation
 .text.faultTolerant
                0x00206b60       0xc4 build/src/directions.o
                0x00206b60                faultTolerant
 .text.scan360  0x00206c24      0x148 build/src/directions.o
                0x00206c24                scan360
 .text.calculatethreshold
                0x00206d6c        0xc build/src/lightsensor.o
                0x00206d6c                calculatethreshold
 .text.calibration
                0x00206d78       0x4c build/src/lightsensor.o
                0x00206d78                calibration
 .text.getThreshold
                0x00206dc4        0xc build/src/lightsensor.o
                0x00206dc4                getThreshold
 .text.lightsensor
                0x00206dd0       0x20 build/src/lightsensor.o
                0x00206dd0                lightsensor
 .text.stop     0x00206df0       0x1c build/src/movements.o
                0x00206df0                stop
 .text.forward  0x00206e0c       0x58 build/src/movements.o
                0x00206e0c                forward
 .text.getCount
                0x00206e64       0x38 build/src/movements.o
                0x00206e64                getCount
 .text.turnAndScan
                0x00206e9c      0x138 build/src/movements.o
                0x00206e9c                turnAndScan
 .text.findToken
                0x00206fd4       0x40 build/src/movements.o
                0x00206fd4                findToken
 .text.getBlack
                0x00207014      0x13c build/src/movements.o
                0x00207014                getBlack
 .text.linescan
                0x00207150       0xa4 build/src/movements.o
                0x00207150                linescan
 .text.movenodetonode
                0x002071f4       0xdc build/src/movements.o
                0x002071f4                movenodetonode
 .text.halfAntiClockwise
                0x002072d0       0x8c build/src/movements.o
                0x002072d0                halfAntiClockwise
 .text.halfClockwise
                0x0020735c       0x8c build/src/movements.o
                0x0020735c                halfClockwise
 .text.calcTurnOrientation
                0x002073e8       0x28 build/src/RobotHandler.o
                0x002073e8                calcTurnOrientation
 .text.findTurnFlag
                0x00207410       0x7c build/src/RobotHandler.o
                0x00207410                findTurnFlag
 .text.Robot_GetIntersections
                0x0020748c        0xc build/src/RobotHandler.o
                0x0020748c                Robot_GetIntersections
 .text.Robot_Move
                0x00207498       0xa4 build/src/RobotHandler.o
                0x00207498                Robot_Move
 .text.endHandler
                0x0020753c       0x84 build/src/RobotHandler.o
                0x0020753c                endHandler
 .text.checkToken
                0x002075c0       0x20 build/src/algo/Algo.o
                0x002075c0                checkToken
 .text.initRobotAlgo
                0x002075e0       0x44 build/src/algo/Algo.o
                0x002075e0                initRobotAlgo
 .text.getCurretnNode
                0x00207624        0xc build/src/algo/Algo.o
                0x00207624                getCurretnNode
 .text.setCurrentNode
                0x00207630        0xc build/src/algo/Algo.o
                0x00207630                setCurrentNode
 .text.checkAndMoveWest
                0x0020763c       0xe0 build/src/algo/Algo.o
                0x0020763c                checkAndMoveWest
 .text.checkAndMoveNorth
                0x0020771c      0x100 build/src/algo/Algo.o
                0x0020771c                checkAndMoveNorth
 .text.checkAndMoveEast
                0x0020781c      0x110 build/src/algo/Algo.o
                0x0020781c                checkAndMoveEast
 .text.checkAndMoveSouth
                0x0020792c      0x11c build/src/algo/Algo.o
                0x0020792c                checkAndMoveSouth
 .text.reviewWest
                0x00207a48       0x54 build/src/algo/Algo.o
                0x00207a48                reviewWest
 .text.reviewNorth
                0x00207a9c       0x54 build/src/algo/Algo.o
                0x00207a9c                reviewNorth
 .text.reviewEast
                0x00207af0       0x54 build/src/algo/Algo.o
                0x00207af0                reviewEast
 .text.reviewSouth
                0x00207b44       0x54 build/src/algo/Algo.o
                0x00207b44                reviewSouth
 .text.reviewNeighbours
                0x00207b98       0x54 build/src/algo/Algo.o
                0x00207b98                reviewNeighbours
 .text.startRobotAlgo
                0x00207bec      0x150 build/src/algo/Algo.o
                0x00207bec                startRobotAlgo
 .text.createAStarNode
                0x00207d3c       0x20 build/src/algo/AStarNode.o
                0x00207d3c                createAStarNode
 .text.setCameFromPtr
                0x00207d5c        0x8 build/src/algo/AStarNode.o
                0x00207d5c                setCameFromPtr
 .text.setGScore
                0x00207d64        0x4 build/src/algo/AStarNode.o
                0x00207d64                setGScore
 .text.setFScore
                0x00207d68        0x8 build/src/algo/AStarNode.o
                0x00207d68                setFScore
 .text.createAStarListNode
                0x00207d70       0x18 build/src/algo/AStarNode.o
                0x00207d70                createAStarListNode
 .text.createAStarList
                0x00207d88       0x18 build/src/algo/AStarNode.o
                0x00207d88                createAStarList
 .text.isAStarListEmpty
                0x00207da0       0x10 build/src/algo/AStarNode.o
                0x00207da0                isAStarListEmpty
 .text.searchNeighbourInAStarList
                0x00207db0       0x14 build/src/algo/AStarNode.o
                0x00207db0                searchNeighbourInAStarList
 .text.addToEndAStarList
                0x00207dc4       0x44 build/src/algo/AStarNode.o
                0x00207dc4                addToEndAStarList
 .text.destroyAStarList
                0x00207e08       0x30 build/src/algo/AStarNode.o
                0x00207e08                destroyAStarList
 .text.removeFromAStarList
                0x00207e38       0x5c build/src/algo/AStarNode.o
                0x00207e38                removeFromAStarList
 .text.setAllInfoAStarNode
                0x00207e94       0x20 build/src/algo/AStarNode.o
                0x00207e94                setAllInfoAStarNode
 .text.heuristicEstimate
                0x00207eb4       0x70 build/src/algo/AStarPathFinder.o
                0x00207eb4                heuristicEstimate
 .text.reconstructPath
                0x00207f24       0x24 build/src/algo/AStarPathFinder.o
                0x00207f24                reconstructPath
 .text.processAStarPath
                0x00207f48       0x4c build/src/algo/AStarPathFinder.o
                0x00207f48                processAStarPath
 .text.aStarPathFinder
                0x00207f94      0x148 build/src/algo/AStarPathFinder.o
                0x00207f94                aStarPathFinder
 .text.setNeighbourNodes
                0x002080dc       0x48 build/src/algo/DeadEndHandler.o
                0x002080dc                setNeighbourNodes
 .text.checkAndMoveFromDeadEnd
                0x00208124       0x58 build/src/algo/DeadEndHandler.o
                0x00208124                checkAndMoveFromDeadEnd
 .text.getOriginNode
                0x0020817c       0x28 build/src/algo/MazeArray.o
                0x0020817c                getOriginNode
 .text.searchMazeArray
                0x002081a4       0x68 build/src/algo/MazeArray.o
                0x002081a4                searchMazeArray
 .text.setMazeArrayElement
                0x0020820c       0x64 build/src/algo/MazeArray.o
                0x0020820c                setMazeArrayElement
 .text.getLastUncoveredNode
                0x00208270       0x38 build/src/algo/MazeArray.o
                0x00208270                getLastUncoveredNode
 .text.getAvailableDirections
                0x002082a8        0x4 build/src/algo/Node.o
                0x002082a8                getAvailableDirections
 .text.getUnCoveredDirections
                0x002082ac        0x4 build/src/algo/Node.o
                0x002082ac                getUnCoveredDirections
 .text.setNodeCoordinates
                0x002082b0        0x8 build/src/algo/Node.o
                0x002082b0                setNodeCoordinates
 .text.getNodeCoordinates
                0x002082b8        0xc build/src/algo/Node.o
                0x002082b8                getNodeCoordinates
 .text.setAvailableDirections
                0x002082c4        0x8 build/src/algo/Node.o
                0x002082c4                setAvailableDirections
 .text.setNorthNode
                0x002082cc       0x10 build/src/algo/Node.o
                0x002082cc                setNorthNode
 .text.setSouthNode
                0x002082dc       0x10 build/src/algo/Node.o
                0x002082dc                setSouthNode
 .text.setEastNode
                0x002082ec       0x10 build/src/algo/Node.o
                0x002082ec                setEastNode
 .text.setWestNode
                0x002082fc       0x10 build/src/algo/Node.o
                0x002082fc                setWestNode
 .text.createNeighbourListNode
                0x0020830c       0x18 build/src/algo/Node.o
                0x0020830c                createNeighbourListNode
 .text.createNeghbourList
                0x00208324       0x18 build/src/algo/Node.o
                0x00208324                createNeghbourList
 .text.isNeighbourListEmpty
                0x0020833c       0x10 build/src/algo/Node.o
                0x0020833c                isNeighbourListEmpty
 .text.addToFrontNeighbourList
                0x0020834c       0x44 build/src/algo/Node.o
                0x0020834c                addToFrontNeighbourList
 .text.addToEndNeighbourList
                0x00208390       0x44 build/src/algo/Node.o
                0x00208390                addToEndNeighbourList
 .text.destroyNeighbourList
                0x002083d4       0x28 build/src/algo/Node.o
                0x002083d4                destroyNeighbourList
 .text.getNeighbourList
                0x002083fc       0x64 build/src/algo/Node.o
                0x002083fc                getNeighbourList
 .text.setCoveredDirection
                0x00208460       0x2c build/src/algo/Node.o
                0x00208460                setCoveredDirection
 .text.getAvailableDirectionsFlag
                0x0020848c       0x20 build/src/algo/Node.o
                0x0020848c                getAvailableDirectionsFlag
 .text.getUncoveredDirectionsFlag
                0x002084ac       0x20 build/src/algo/Node.o
                0x002084ac                getUncoveredDirectionsFlag
 .text.ecrobot_set_motor_speed
                0x002084cc       0x14 /cygdrive/C/cygwin/nxtOSEK/ecrobot/../ecrobot/libecrobot.a(ecrobot_interface.o)
                0x002084cc                ecrobot_set_motor_speed
 .text.ecrobot_get_motor_rev
                0x002084e0       0x10 /cygdrive/C/cygwin/nxtOSEK/ecrobot/../ecrobot/libecrobot.a(ecrobot_interface.o)
                0x002084e0                ecrobot_get_motor_rev
 .text.ecrobot_set_light_sensor_active
                0x002084f0       0x10 /cygdrive/C/cygwin/nxtOSEK/ecrobot/../ecrobot/libecrobot.a(ecrobot_interface.o)
                0x002084f0                ecrobot_set_light_sensor_active
 .text.ecrobot_get_light_sensor
                0x00208500       0x14 /cygdrive/C/cygwin/nxtOSEK/ecrobot/../ecrobot/libecrobot.a(ecrobot_interface.o)
                0x00208500                ecrobot_get_light_sensor
 .text.ecrobot_get_touch_sensor
                0x00208514       0x20 /cygdrive/C/cygwin/nxtOSEK/ecrobot/../ecrobot/libecrobot.a(ecrobot_interface.o)
                0x00208514                ecrobot_get_touch_sensor
 .text.getDistance
                0x00208534       0x20 /cygdrive/C/cygwin/nxtOSEK/ecrobot/../ecrobot/libecrobot.a(ecrobot_interface.o)
 .text.ecrobot_get_battery_voltage
                0x00208554        0xc /cygdrive/C/cygwin/nxtOSEK/ecrobot/../ecrobot/libecrobot.a(ecrobot_interface.o)
                0x00208554                ecrobot_get_battery_voltage
 .text.ecrobot_get_button_state
                0x00208560        0xc /cygdrive/C/cygwin/nxtOSEK/ecrobot/../ecrobot/libecrobot.a(ecrobot_interface.o)
                0x00208560                ecrobot_get_button_state
 .text.ecrobot_init_nxtstate
                0x0020856c       0x28 /cygdrive/C/cygwin/nxtOSEK/ecrobot/../ecrobot/libecrobot.a(ecrobot_interface.o)
                0x0020856c                ecrobot_init_nxtstate
 .text.ecrobot_poll_nxtstate
                0x00208594       0x64 /cygdrive/C/cygwin/nxtOSEK/ecrobot/../ecrobot/libecrobot.a(ecrobot_interface.o)
                0x00208594                ecrobot_poll_nxtstate
 .text.ecrobot_setDeviceInitialized
                0x002085f8       0x14 /cygdrive/C/cygwin/nxtOSEK/ecrobot/../ecrobot/libecrobot.a(ecrobot_interface.o)
                0x002085f8                ecrobot_setDeviceInitialized
 .text.ecrobot_bmp2lcd
                0x0020860c      0x1c8 /cygdrive/C/cygwin/nxtOSEK/ecrobot/../ecrobot/libecrobot.a(ecrobot_interface.o)
                0x0020860c                ecrobot_bmp2lcd
 .text.ecrobot_show_int
                0x002087d4       0x30 /cygdrive/C/cygwin/nxtOSEK/ecrobot/../ecrobot/libecrobot.a(ecrobot_interface.o)
                0x002087d4                ecrobot_show_int
 .text.ecrobot_debug1
                0x00208804       0x68 /cygdrive/C/cygwin/nxtOSEK/ecrobot/../ecrobot/libecrobot.a(ecrobot_interface.o)
                0x00208804                ecrobot_debug1
 .text.ecrobot_status_monitor
                0x0020886c      0x138 /cygdrive/C/cygwin/nxtOSEK/ecrobot/../ecrobot/libecrobot.a(ecrobot_interface.o)
                0x0020886c                ecrobot_status_monitor
 .text.StartupHook
                0x002089a4        0x4 /cygdrive/C/cygwin/nxtOSEK/ecrobot/../ecrobot/libecrobot.a(osek_hook.o)
                0x002089a4                StartupHook
 .text.PreTaskHook
                0x002089a8        0x4 /cygdrive/C/cygwin/nxtOSEK/ecrobot/../ecrobot/libecrobot.a(osek_hook.o)
                0x002089a8                PreTaskHook
 .text.PostTaskHook
                0x002089ac        0x4 /cygdrive/C/cygwin/nxtOSEK/ecrobot/../ecrobot/libecrobot.a(osek_hook.o)
                0x002089ac                PostTaskHook
 .text.ErrorHook
                0x002089b0        0x4 /cygdrive/C/cygwin/nxtOSEK/ecrobot/../ecrobot/libecrobot.a(osek_hook.o)
                0x002089b0                ErrorHook
 .text.ShutdownHook
                0x002089b4        0x4 /cygdrive/C/cygwin/nxtOSEK/ecrobot/../ecrobot/libecrobot.a(osek_hook.o)
                0x002089b4                ShutdownHook
 .text          0x002089b8       0x8c /cygdrive/C/cygwin/GNUARM/bin/../lib/gcc/arm-elf/4.0.2/thumb/interwork/libgcc.a(_udivsi3.o)
                0x002089b8                __udivsi3
                0x00208a34                __aeabi_uidivmod
 .text          0x00208a44       0xa4 /cygdrive/C/cygwin/GNUARM/bin/../lib/gcc/arm-elf/4.0.2/thumb/interwork/libgcc.a(_divsi3.o)
                0x00208a44                __divsi3
                0x00208ad8                __aeabi_idivmod
 .text          0x00208ae8       0xc8 /cygdrive/C/cygwin/GNUARM/bin/../lib/gcc/arm-elf/4.0.2/thumb/interwork/libgcc.a(_umodsi3.o)
                0x00208ae8                __umodsi3
 .text          0x00208bb0       0xd8 /cygdrive/C/cygwin/GNUARM/bin/../lib/gcc/arm-elf/4.0.2/thumb/interwork/libgcc.a(_modsi3.o)
                0x00208bb0                __modsi3
 .text          0x00208c88        0x4 /cygdrive/C/cygwin/GNUARM/bin/../lib/gcc/arm-elf/4.0.2/thumb/interwork/libgcc.a(_dvmd_tls.o)
                0x00208c88                __aeabi_ldiv0
                0x00208c88                __div0
                0x00208c88                __aeabi_idiv0
 .text          0x00208c8c      0x430 /cygdrive/C/cygwin/GNUARM/bin/../lib/gcc/arm-elf/4.0.2/thumb/interwork/libgcc.a(_addsubdf3.o)
                0x00209050                __floatdidf
                0x00208fd0                __floatsidf
                0x00208fa8                __aeabi_ui2d
                0x00208c8c                __aeabi_drsub
                0x00208ffc                __extendsfdf2
                0x00208c98                __adddf3
                0x00208fa8                __floatunsidf
                0x00208c98                __aeabi_dadd
                0x0020903c                __aeabi_ul2d
                0x00208c94                __aeabi_dsub
                0x0020903c                __floatundidf
                0x00208fd0                __aeabi_i2d
                0x00209050                __aeabi_l2d
                0x00208ffc                __aeabi_f2d
                0x00208c94                __subdf3
 .text          0x002090bc      0x49c /cygdrive/C/cygwin/GNUARM/bin/../lib/gcc/arm-elf/4.0.2/thumb/interwork/libgcc.a(_muldivdf3.o)
                0x0020934c                __aeabi_ddiv
                0x002090bc                __aeabi_dmul
                0x0020934c                __divdf3
                0x002090bc                __muldf3
 .text          0x00209558       0x5c /cygdrive/C/cygwin/GNUARM/bin/../lib/gcc/arm-elf/4.0.2/thumb/interwork/libgcc.a(_fixdfsi.o)
                0x00209558                __fixdfsi
                0x00209558                __aeabi_d2iz
 .text          0x002095b4      0x2ac /cygdrive/C/cygwin/GNUARM/bin/../lib/gcc/arm-elf/4.0.2/thumb/interwork/libgcc.a(_addsubsf3.o)
                0x002095c0                __aeabi_fadd
                0x002095bc                __subsf3
                0x00209784                __aeabi_i2f
                0x002095bc                __aeabi_fsub
                0x002097b4                __floatdisf
                0x00209784                __floatsisf
                0x002097a4                __floatundisf
                0x0020977c                __aeabi_ui2f
                0x002097b4                __aeabi_l2f
                0x002097a4                __aeabi_ul2f
                0x002095b4                __aeabi_frsub
                0x0020977c                __floatunsisf
                0x002095c0                __addsf3
 .text          0x00209860      0x2f8 /cygdrive/C/cygwin/GNUARM/bin/../lib/gcc/arm-elf/4.0.2/thumb/interwork/libgcc.a(_muldivsf3.o)
                0x002099f8                __divsf3
                0x002099f8                __aeabi_fdiv
                0x00209860                __mulsf3
                0x00209860                __aeabi_fmul
 .text          0x00209b58       0x5c /cygdrive/C/cygwin/GNUARM/bin/../lib/gcc/arm-elf/4.0.2/thumb/interwork/libgcc.a(_fixsfsi.o)
                0x00209b58                __fixsfsi
                0x00209b58                __aeabi_f2iz
 .text          0x00209bb4        0xc /cygdrive/C/cygwin/GNUARM/bin/../lib/gcc/arm-elf/4.0.2/../../../../arm-elf/lib/thumb/interwork/libc.a(abs.o)
                0x00209bb4                abs
 .text          0x00209bc0       0x28 /cygdrive/C/cygwin/GNUARM/bin/../lib/gcc/arm-elf/4.0.2/../../../../arm-elf/lib/thumb/interwork/libc.a(malloc.o)
                0x00209bc0                malloc
                0x00209bd4                free
 .text          0x00209be8      0x548 /cygdrive/C/cygwin/GNUARM/bin/../lib/gcc/arm-elf/4.0.2/../../../../arm-elf/lib/thumb/interwork/libc.a(mallocr.o)
                0x00209be8                _malloc_r
 .text          0x0020a130       0x68 /cygdrive/C/cygwin/GNUARM/bin/../lib/gcc/arm-elf/4.0.2/../../../../arm-elf/lib/thumb/interwork/libc.a(memset.o)
                0x0020a130                memset
 .text          0x0020a198        0x8 /cygdrive/C/cygwin/GNUARM/bin/../lib/gcc/arm-elf/4.0.2/../../../../arm-elf/lib/thumb/interwork/libc.a(mlock.o)
                0x0020a19c                __malloc_unlock
                0x0020a198                __malloc_lock
 .text          0x0020a1a0       0x60 /cygdrive/C/cygwin/GNUARM/bin/../lib/gcc/arm-elf/4.0.2/../../../../arm-elf/lib/thumb/interwork/libc.a(strcpy.o)
                0x0020a1a0                strcpy
 .text          0x0020a200       0x48 /cygdrive/C/cygwin/GNUARM/bin/../lib/gcc/arm-elf/4.0.2/../../../../arm-elf/lib/thumb/interwork/libc.a(strlen.o)
                0x0020a200                strlen
 .text          0x0020a248      0x260 /cygdrive/C/cygwin/GNUARM/bin/../lib/gcc/arm-elf/4.0.2/../../../../arm-elf/lib/thumb/interwork/libc.a(freer.o)
                0x0020a2e8                _free_r
                0x0020a248                _malloc_trim_r
 .glue_7        0x0020a4a8       0x30 /cygdrive/C/cygwin/GNUARM/bin/../lib/gcc/arm-elf/4.0.2/../../../../arm-elf/lib/thumb/interwork/libc.a(freer.o)
                0x0020a4c0                __call_posttaskhook_from_arm
                0x0020a4a9                __ecrobot_debug1_from_arm
                0x0020a4b5                __ecrobot_debug2_from_arm
                0x0020a4cc                __call_pretaskhook_from_arm
 .glue_7t       0x0020a4d8       0xa8 /cygdrive/C/cygwin/GNUARM/bin/../lib/gcc/arm-elf/4.0.2/../../../../arm-elf/lib/thumb/interwork/libc.a(freer.o)
                0x0020a504                __start_change_to_arm
                0x0020a568                __interrupts_get_and_disable_from_thumb
                0x0020a561                ____gtdf2_from_thumb
                0x0020a4f8                __exit_and_dispatch_from_thumb
                0x0020a558                ____divsf3_from_thumb
                0x0020a54c                ____fixsfsi_change_to_arm
                0x0020a544                ____addsf3_change_to_arm
                0x0020a548                ____fixsfsi_from_thumb
                0x0020a508                ____floatsisf_from_thumb
                0x0020a4fc                __exit_and_dispatch_change_to_arm
                0x0020a4d8                __disable_int_from_thumb
                0x0020a4f0                __start_dispatch_from_thumb
                0x0020a539                ____ltsf2_from_thumb
                0x0020a530                ____fixdfsi_from_thumb
                0x0020a52c                ____divdf3_change_to_arm
                0x0020a500                __start_from_thumb
                0x0020a51c                ____muldf3_change_to_arm
                0x0020a55c                ____divsf3_change_to_arm
                0x0020a534                ____fixdfsi_change_to_arm
                0x0020a528                ____divdf3_from_thumb
                0x0020a4e0                __enable_int_from_thumb
                0x0020a4e9                __dispatch_from_thumb
                0x0020a574                __interrupts_enable_change_to_arm
                0x0020a56c                __interrupts_get_and_disable_change_to_arm
                0x0020a4ec                __dispatch_change_to_arm
                0x0020a554                ____mulsf3_change_to_arm
                0x0020a524                ____adddf3_change_to_arm
                0x0020a564                ____gtdf2_change_to_arm
                0x0020a510                ____floatsidf_from_thumb
                0x0020a50c                ____floatsisf_change_to_arm
                0x0020a579                __display_bios_status_from_thumb
                0x0020a520                ____adddf3_from_thumb
                0x0020a4dc                __disable_int_change_to_arm
                0x0020a53c                ____ltsf2_change_to_arm
                0x0020a550                ____mulsf3_from_thumb
                0x0020a540                ____addsf3_from_thumb
                0x0020a518                ____muldf3_from_thumb
                0x0020a4e4                __enable_int_change_to_arm
                0x0020a514                ____floatsidf_change_to_arm
                0x0020a570                __interrupts_enable_from_thumb
                0x0020a57c                __display_bios_status_change_to_arm
                0x0020a4f4                __start_dispatch_change_to_arm
                0x0020a580                . = ALIGN (0x10)
 *(*.rodata *.rodata.*)
 .rodata.search_table.966
                0x0020a580        0xf build/kernel/task.o
 *fill*         0x0020a58f        0x1 00
 .rodata.tinib_stksz
                0x0020a590        0x2 build/./kernel_cfg.o
                0x0020a590                tinib_stksz
 *fill*         0x0020a592        0x2 00
 .rodata.tinib_stk
                0x0020a594        0x4 build/./kernel_cfg.o
                0x0020a594                tinib_stk
 .rodata.tinib_task
                0x0020a598        0x4 build/./kernel_cfg.o
                0x0020a598                tinib_task
 .rodata.tinib_autoact
                0x0020a59c        0x1 build/./kernel_cfg.o
                0x0020a59c                tinib_autoact
 .rodata.tinib_exepri
                0x0020a59d        0x1 build/./kernel_cfg.o
                0x0020a59d                tinib_exepri
 .rodata.tinib_inipri
                0x0020a59e        0x1 build/./kernel_cfg.o
                0x0020a59e                tinib_inipri
 .rodata.tnum_exttask
                0x0020a59f        0x1 build/./kernel_cfg.o
                0x0020a59f                tnum_exttask
 .rodata.tnum_task
                0x0020a5a0        0x1 build/./kernel_cfg.o
                0x0020a5a0                tnum_task
 *fill*         0x0020a5a1        0x3 00
 .rodata.exec_addr
                0x0020a5a4        0x4 build/ecrobot_base.o
                0x0020a5a4                exec_addr
 .rodata.str1.4
                0x0020a5a8       0x80 build/ecrobot_base.o
 .rodata.str1.4
                0x0020a628       0x18 build/src/main.o
 .rodata.str1.4
                0x0020a640       0x20 build/src/movements.o
 .rodata.str1.4
                0x0020a660       0x23 build/src/algo/Algo.o
                                 0x24 (size before relaxing)
 *fill*         0x0020a683        0x1 00
 .rodata.str1.4
                0x0020a684       0x1c build/src/algo/MazeArray.o
 .rodata.str1.4
                0x0020a6a0       0x7c /cygdrive/C/cygwin/nxtOSEK/ecrobot/../ecrobot/libecrobot.a(ecrobot_interface.o)
                                 0x84 (size before relaxing)
 .rodata.str1.4
                0x0020a71c        0x2 /cygdrive/C/cygwin/GNUARM/bin/../lib/gcc/arm-elf/4.0.2/../../../../arm-elf/lib/thumb/interwork/libc.a(impure.o)
                                  0x4 (size before relaxing)
                0x0020a720                . = ALIGN (0x10)
 *fill*         0x0020a71e        0x2 00
 *(*.gnu.linkonce.* .gcc_except_table)
                0x0020a720                . = ALIGN (0x10)

.tors           0x0020a720        0x0
                0x0020a720                . = ALIGN (0x10)
                0x0020a720                __ctor_begin = .
 *(*.ctors*)
                0x0020a720                __ctor_end = .
                0x0020a720                . = ALIGN (0x10)
                0x0020a720                __dtor_begin = .
 *(*.dtors*)
                0x0020a720                __dtor_end = .
                0x0020a720                . = ALIGN (0x10)

.bss            0x0020a720     0x19f0
 *(*.bss *.bss.*)
 .bss.ready_primap
                0x0020a720        0x2 build/kernel/task.o
 .bss.ready_queue_last
                0x0020a722       0x10 build/kernel/task.o
 .bss.ready_queue_first
                0x0020a732       0x10 build/kernel/task.o
 *fill*         0x0020a742        0x2 00
 .bss._stack_OSEK_Main_Task
                0x0020a744      0x400 build/./kernel_cfg.o
 .bss.heap_ptr  0x0020ab44        0x4 build/syscalls.o
 .bss.status_bar_position
                0x0020ab48        0x4 build/ecrobot_base.o
 .bss.last_act_time.2674
                0x0020ab4c        0x4 build/ecrobot_base.o
 .bss.lcd.2603  0x0020ab50      0x320 build/ecrobot_base.o
 .bss.OS_flag   0x0020ae70        0x4 build/ecrobot_base.o
 .bss.status_bar
                0x0020ae74       0x10 build/ecrobot_base.o
 .bss.curentOrientation
                0x0020ae84        0x4 build/src/main.o
 .bss.thresholdvalue
                0x0020ae88        0x4 build/src/lightsensor.o
 .bss.tokenCount_i32
                0x0020ae8c        0x4 build/src/algo/Algo.o
                0x0020ae8c                tokenCount_i32
 .bss.isTokensCollected_bl
                0x0020ae90        0x4 build/src/algo/Algo.o
                0x0020ae90                isTokensCollected_bl
 .bss.originNode_pst
                0x0020ae94        0x4 build/src/algo/Algo.o
                0x0020ae94                originNode_pst
 .bss.isMazeExplored_bl
                0x0020ae98        0x4 build/src/algo/Algo.o
                0x0020ae98                isMazeExplored_bl
 .bss.previousNode_pst
                0x0020ae9c        0x4 build/src/algo/Algo.o
 .bss.timeout_ui32
                0x0020aea0        0x4 build/src/algo/Algo.o
 .bss.currentNode_pst
                0x0020aea4        0x4 build/src/algo/Algo.o
 .bss.originNodePos_i32
                0x0020aea8        0x4 build/src/algo/MazeArray.o
                0x0020aea8                originNodePos_i32
 .bss.mazeArrayElements_ui32
                0x0020aeac        0x4 build/src/algo/MazeArray.o
 .bss.buttons_i
                0x0020aeb0        0x4 /cygdrive/C/cygwin/nxtOSEK/ecrobot/../ecrobot/libecrobot.a(ecrobot_interface.o)
 .bss.buttons_states
                0x0020aeb4       0x14 /cygdrive/C/cygwin/nxtOSEK/ecrobot/../ecrobot/libecrobot.a(ecrobot_interface.o)
 .bss.ecrobot_inputs
                0x0020aec8        0x8 /cygdrive/C/cygwin/nxtOSEK/ecrobot/../ecrobot/libecrobot.a(ecrobot_interface.o)
 .bss.systick_ms
                0x0020aed0        0x4 /cygdrive/C/cygwin/nxtOSEK/ecrobot/../ecrobot/libecrobot.a(systick.oram)
 .bss.delayedEnable
                0x0020aed4        0x1 /cygdrive/C/cygwin/nxtOSEK/ecrobot/../ecrobot/libecrobot.a(udp.oram)
 *fill*         0x0020aed5        0x3 00
 .bss.outCnt    0x0020aed8        0x4 /cygdrive/C/cygwin/nxtOSEK/ecrobot/../ecrobot/libecrobot.a(udp.oram)
 .bss.outPtr    0x0020aedc        0x4 /cygdrive/C/cygwin/nxtOSEK/ecrobot/../ecrobot/libecrobot.a(udp.oram)
 .bss.newAddress
                0x0020aee0        0x4 /cygdrive/C/cygwin/nxtOSEK/ecrobot/../ecrobot/libecrobot.a(udp.oram)
 .bss.currentRxBank
                0x0020aee4        0x4 /cygdrive/C/cygwin/nxtOSEK/ecrobot/../ecrobot/libecrobot.a(udp.oram)
 .bss.currentFeatures
                0x0020aee8        0x4 /cygdrive/C/cygwin/nxtOSEK/ecrobot/../ecrobot/libecrobot.a(udp.oram)
 .bss.currentConfig
                0x0020aeec        0x1 /cygdrive/C/cygwin/nxtOSEK/ecrobot/../ecrobot/libecrobot.a(udp.oram)
 *fill*         0x0020aeed        0x3 00
 .bss.twi_mask  0x0020aef0        0x4 /cygdrive/C/cygwin/nxtOSEK/ecrobot/../ecrobot/libecrobot.a(twi.oram)
 .bss.twi_ptr   0x0020aef4        0x4 /cygdrive/C/cygwin/nxtOSEK/ecrobot/../ecrobot/libecrobot.a(twi.oram)
 .bss.twi_pending
                0x0020aef8        0x4 /cygdrive/C/cygwin/nxtOSEK/ecrobot/../ecrobot/libecrobot.a(twi.oram)
 .bss.twi_state
                0x0020aefc        0x4 /cygdrive/C/cygwin/nxtOSEK/ecrobot/../ecrobot/libecrobot.a(twi.oram)
 .bss.page      0x0020af00        0x1 /cygdrive/C/cygwin/nxtOSEK/ecrobot/../ecrobot/libecrobot.a(nxt_spi.oram)
                0x0020af00                page
 .bss.dirty     0x0020af01        0x1 /cygdrive/C/cygwin/nxtOSEK/ecrobot/../ecrobot/libecrobot.a(nxt_spi.oram)
                0x0020af01                dirty
 *fill*         0x0020af02        0x2 00
 .bss.display   0x0020af04        0x4 /cygdrive/C/cygwin/nxtOSEK/ecrobot/../ecrobot/libecrobot.a(nxt_spi.oram)
                0x0020af04                display
 .bss.interrupts_this_period
                0x0020af08        0x4 /cygdrive/C/cygwin/nxtOSEK/ecrobot/../ecrobot/libecrobot.a(nxt_motors.oram)
 .bss.nxt_motor_initialised
                0x0020af0c        0x4 /cygdrive/C/cygwin/nxtOSEK/ecrobot/../ecrobot/libecrobot.a(nxt_motors.oram)
 .bss.motor     0x0020af10       0x30 /cygdrive/C/cygwin/nxtOSEK/ecrobot/../ecrobot/libecrobot.a(nxt_motors.oram)
 .bss.display_tick
                0x0020af40        0x4 /cygdrive/C/cygwin/nxtOSEK/ecrobot/../ecrobot/libecrobot.a(display.oram)
                0x0020af40                display_tick
 .bss.display_array
                0x0020af44      0x388 /cygdrive/C/cygwin/nxtOSEK/ecrobot/../ecrobot/libecrobot.a(display.oram)
 .bss.i2c_int_count
                0x0020b2cc        0x4 /cygdrive/C/cygwin/nxtOSEK/ecrobot/../ecrobot/libecrobot.a(i2c.oram)
 .bss.i2c_port  0x0020b2d0      0x170 /cygdrive/C/cygwin/nxtOSEK/ecrobot/../ecrobot/libecrobot.a(i2c.oram)
 .bss.sound_mode
                0x0020b440        0x1 /cygdrive/C/cygwin/nxtOSEK/ecrobot/../ecrobot/libecrobot.a(sound.oram)
                0x0020b440                sound_mode
 *fill*         0x0020b441        0x3 00
 .bss.in_buf_idx
                0x0020b444        0x4 /cygdrive/C/cygwin/nxtOSEK/ecrobot/../ecrobot/libecrobot.a(bt.oram)
 .bss.buf_ptr   0x0020b448        0x4 /cygdrive/C/cygwin/nxtOSEK/ecrobot/../ecrobot/libecrobot.a(bt.oram)
 .bss.out_buf_ptr
                0x0020b44c        0x1 /cygdrive/C/cygwin/nxtOSEK/ecrobot/../ecrobot/libecrobot.a(bt.oram)
 .bss.in_buf_in_ptr
                0x0020b44d        0x1 /cygdrive/C/cygwin/nxtOSEK/ecrobot/../ecrobot/libecrobot.a(bt.oram)
 .bss.in_buf    0x0020b44e      0x100 /cygdrive/C/cygwin/nxtOSEK/ecrobot/../ecrobot/libecrobot.a(bt.oram)
 *fill*         0x0020b54e        0x2 00
 .bss.link_state
                0x0020b550        0x4 /cygdrive/C/cygwin/nxtOSEK/ecrobot/../ecrobot/libecrobot.a(nxt_avr.oram)
 .bss.update_count
                0x0020b554        0x4 /cygdrive/C/cygwin/nxtOSEK/ecrobot/../ecrobot/libecrobot.a(nxt_avr.oram)
 .bss.nxt_avr_stats
                0x0020b558       0x14 /cygdrive/C/cygwin/nxtOSEK/ecrobot/../ecrobot/libecrobot.a(nxt_avr.oram)
 .bss.debounce_cnt
                0x0020b56c        0x2 /cygdrive/C/cygwin/nxtOSEK/ecrobot/../ecrobot/libecrobot.a(nxt_avr.oram)
 .bss.debounce_state
                0x0020b56e        0x2 /cygdrive/C/cygwin/nxtOSEK/ecrobot/../ecrobot/libecrobot.a(nxt_avr.oram)
 .bss.button_state
                0x0020b570        0x2 /cygdrive/C/cygwin/nxtOSEK/ecrobot/../ecrobot/libecrobot.a(nxt_avr.oram)
 .bss.prev_buttons
                0x0020b572        0x2 /cygdrive/C/cygwin/nxtOSEK/ecrobot/../ecrobot/libecrobot.a(nxt_avr.oram)
 .bss.from_buf  0x0020b574        0x4 /cygdrive/C/cygwin/nxtOSEK/ecrobot/../ecrobot/libecrobot.a(nxt_avr.oram)
 .bss.io_from_avr
                0x0020b578        0x4 /cygdrive/C/cygwin/nxtOSEK/ecrobot/../ecrobot/libecrobot.a(nxt_avr.oram)
 .bss.data_from_avr
                0x0020b57c       0x1a /cygdrive/C/cygwin/nxtOSEK/ecrobot/../ecrobot/libecrobot.a(nxt_avr.oram)
 .bss.data_to_avr
                0x0020b596        0x9 /cygdrive/C/cygwin/nxtOSEK/ecrobot/../ecrobot/libecrobot.a(nxt_avr.oram)
 .bss.io_to_avr
                0x0020b59f        0x8 /cygdrive/C/cygwin/nxtOSEK/ecrobot/../ecrobot/libecrobot.a(nxt_avr.oram)
 *fill*         0x0020b5a7        0x1 00
 .bss.display   0x0020b5a8        0x4 /cygdrive/C/cygwin/nxtOSEK/ecrobot/../ecrobot/libecrobot.a(nxt_lcd.oram)
 .bss           0x0020b5ac       0x34 /cygdrive/C/cygwin/GNUARM/bin/../lib/gcc/arm-elf/4.0.2/../../../../arm-elf/lib/thumb/interwork/libc.a(mallocr.o)
                0x0020b5dc                __malloc_top_pad
                0x0020b5d8                __malloc_max_sbrked_mem
                0x0020b5ac                __malloc_current_mallinfo
                0x0020b5d4                __malloc_max_total_mem
                0x0020b5e0                . = ALIGN (0x10)
                0x0020b5e0                __bss_end__ = .
 COMMON         0x0020b5e0        0x2 build/kernel/interrupt.o
                0x0020b5e0                runisr
                0x0020b5e1                sus_all_cnt
 *fill*         0x0020b5e2        0x2 00
 COMMON         0x0020b5e4       0x10 build/kernel/osctl.o
                0x0020b5e4                callevel
                0x0020b5e5                _errorhook_svcid
                0x0020b5e6                appmode
                0x0020b5e8                _errorhook_par1
                0x0020b5ec                _errorhook_par3
                0x0020b5f0                _errorhook_par2
 COMMON         0x0020b5f4        0x3 build/kernel/task.o
                0x0020b5f4                runtsk
                0x0020b5f5                schedtsk
                0x0020b5f6                nextpri
 *fill*         0x0020b5f7        0x1 00
 COMMON         0x0020b5f8       0x2c build/./kernel_cfg.o
                0x0020b5f8                tcb_waievt
                0x0020b5fc                rescb_prevpri
                0x0020b5fd                almcb_prev
                0x0020b5fe                tcb_lastres
                0x0020b600                almcb_almval
                0x0020b604                tcxb_pc
                0x0020b608                tcb_next
                0x0020b609                tcb_curpri
                0x0020b60a                tcb_tstat
                0x0020b60b                isrcb_lastres
                0x0020b60c                cntcb_almque
                0x0020b60d                rescb_prevres
                0x0020b60e                tcb_actcnt
                0x0020b610                tcb_curevt
                0x0020b614                almcb_cycle
                0x0020b618                tcxb_sp
                0x0020b61c                almcb_next
                0x0020b620                cntcb_curval
 COMMON         0x0020b624      0x780 build/src/main.o
                0x0020b624                mazeArray
 COMMON         0x0020bda4       0x44 /cygdrive/C/cygwin/nxtOSEK/ecrobot/../ecrobot/libecrobot.a(uart.oram)
                0x0020bda4                uart
 COMMON         0x0020bde8        0x4 /cygdrive/C/cygwin/nxtOSEK/ecrobot/../ecrobot/libecrobot.a(data_abort.oram)
                0x0020bde8                data_abort_pc
 COMMON         0x0020bdec        0x8 /cygdrive/C/cygwin/nxtOSEK/ecrobot/../ecrobot/libecrobot.a(display.oram)
                0x0020bdec                display_x
                0x0020bdf0                display_y
 COMMON         0x0020bdf4      0x31c /cygdrive/C/cygwin/nxtOSEK/ecrobot/../ecrobot/libecrobot.a(sound.oram)
                0x0020bdf4                sample
                0x0020a720                __bss_start__ = ADDR (.bss)
                0x0020c110                __bss_end__ = (ADDR (.bss) + SIZEOF (.bss))
                0x0020c110                PROVIDE (end, .)

.heap_area      0x0020c110     0x3a68
                0x0020fb78                . = (. + (0x20fb78 - end))
 *fill*         0x0020c110     0x3a68 00

.stack          0x0020fb78      0x488
                0x0020fbf8                . = (. + 0x80)
 *fill*         0x0020fb78       0x80 00
                0x0020fc00                . = ALIGN (0x10)
 *fill*         0x0020fbf8        0x8 00
                0x0020fc00                __irq_stack__ = .
                0x0020fc00                __system_stack_bottom__ = .
                0x00210000                . = (. + 0x400)
 *fill*         0x0020fc00      0x400 00
                0x00210000                . = ALIGN (0x10)
                0x00210000                __system_stack__ = .
                0x00210000                __system_stack_top__ = .
                0x0020fb78                __stack_start__ = ADDR (.stack)
                0x00210000                __stack_end__ = (ADDR (.stack) + SIZEOF (.stack))
OUTPUT(main_ram.elf elf32-littlearm)

.comment        0x00000000      0x492
 .comment       0x00000000       0x12 build/kernel/alarm.o
 .comment       0x00000012       0x12 build/kernel/event.o
 .comment       0x00000024       0x12 build/kernel/interrupt.o
 .comment       0x00000036       0x12 build/kernel/osctl.o
 .comment       0x00000048       0x12 build/kernel/resource.o
 .comment       0x0000005a       0x12 build/kernel/task.o
 .comment       0x0000006c       0x12 build/kernel/task_manage.o
 .comment       0x0000007e       0x12 build/config/at91sam7s-gnu/cpu_config.o
 .comment       0x00000090       0x12 build/config/at91sam7s-gnu/lego_nxt/sys_config.o
 .comment       0x000000a2       0x12 build/./kernel_cfg.o
 .comment       0x000000b4       0x12 build/syscalls.o
 .comment       0x000000c6       0x12 build/ecrobot_bluetooth.o
 .comment       0x000000d8       0x12 build/ecrobot_base.o
 .comment       0x000000ea       0x12 build/ecrobot.o
 .comment       0x000000fc       0x12 build/src/main.o
 .comment       0x0000010e       0x12 build/src/types.o
 .comment       0x00000120       0x12 build/src/directions.o
 .comment       0x00000132       0x12 build/src/lightsensor.o
 .comment       0x00000144       0x12 build/src/movements.o
 .comment       0x00000156       0x12 build/src/RobotHandler.o
 .comment       0x00000168       0x12 build/src/algo/Algo.o
 .comment       0x0000017a       0x12 build/src/algo/AStarNode.o
 .comment       0x0000018c       0x12 build/src/algo/AStarPathFinder.o
 .comment       0x0000019e       0x12 build/src/algo/DeadEndHandler.o
 .comment       0x000001b0       0x12 build/src/algo/MazeArray.o
 .comment       0x000001c2       0x12 build/src/algo/Node.o
 .comment       0x000001d4       0x12 build/syslib/at91sam7s-gnu/lego_nxt/hw_sys_timer.oram
 .comment       0x000001e6       0x12 /cygdrive/C/cygwin/nxtOSEK/ecrobot/../ecrobot/libecrobot.a(ecrobot_interface.o)
 .comment       0x000001f8       0x12 /cygdrive/C/cygwin/nxtOSEK/ecrobot/../ecrobot/libecrobot.a(colorsensor.o)
 .comment       0x0000020a       0x12 /cygdrive/C/cygwin/nxtOSEK/ecrobot/../ecrobot/libecrobot.a(osek_hook.o)
 .comment       0x0000021c       0x12 /cygdrive/C/cygwin/nxtOSEK/ecrobot/../ecrobot/libecrobot.a(uart.oram)
 .comment       0x0000022e       0x12 /cygdrive/C/cygwin/nxtOSEK/ecrobot/../ecrobot/libecrobot.a(systick.oram)
 .comment       0x00000240       0x12 /cygdrive/C/cygwin/nxtOSEK/ecrobot/../ecrobot/libecrobot.a(byte_fifo.oram)
 .comment       0x00000252       0x12 /cygdrive/C/cygwin/nxtOSEK/ecrobot/../ecrobot/libecrobot.a(aic.oram)
 .comment       0x00000264       0x12 /cygdrive/C/cygwin/nxtOSEK/ecrobot/../ecrobot/libecrobot.a(udp.oram)
 .comment       0x00000276       0x12 /cygdrive/C/cygwin/nxtOSEK/ecrobot/../ecrobot/libecrobot.a(twi.oram)
 .comment       0x00000288       0x12 /cygdrive/C/cygwin/nxtOSEK/ecrobot/../ecrobot/libecrobot.a(nxt_spi.oram)
 .comment       0x0000029a       0x12 /cygdrive/C/cygwin/nxtOSEK/ecrobot/../ecrobot/libecrobot.a(nxt_motors.oram)
 .comment       0x000002ac       0x12 /cygdrive/C/cygwin/nxtOSEK/ecrobot/../ecrobot/libecrobot.a(data_abort.oram)
 .comment       0x000002be       0x12 /cygdrive/C/cygwin/nxtOSEK/ecrobot/../ecrobot/libecrobot.a(display.oram)
 .comment       0x000002d0       0x12 /cygdrive/C/cygwin/nxtOSEK/ecrobot/../ecrobot/libecrobot.a(i2c.oram)
 .comment       0x000002e2       0x12 /cygdrive/C/cygwin/nxtOSEK/ecrobot/../ecrobot/libecrobot.a(sound.oram)
 .comment       0x000002f4       0x12 /cygdrive/C/cygwin/nxtOSEK/ecrobot/../ecrobot/libecrobot.a(bt.oram)
 .comment       0x00000306       0x12 /cygdrive/C/cygwin/nxtOSEK/ecrobot/../ecrobot/libecrobot.a(nxt_avr.oram)
 .comment       0x00000318       0x12 /cygdrive/C/cygwin/nxtOSEK/ecrobot/../ecrobot/libecrobot.a(sensors.oram)
 .comment       0x0000032a       0x12 /cygdrive/C/cygwin/nxtOSEK/ecrobot/../ecrobot/libecrobot.a(sensors1.oram)
 .comment       0x0000033c       0x12 /cygdrive/C/cygwin/nxtOSEK/ecrobot/../ecrobot/libecrobot.a(nxt_lcd.oram)
 .comment       0x0000034e       0x12 /cygdrive/C/cygwin/nxtOSEK/ecrobot/../ecrobot/libecrobot.a(flash_loader.oram)
 .comment       0x00000360       0x12 /cygdrive/C/cygwin/nxtOSEK/ecrobot/../ecrobot/libecrobot.a(ecrobot_usb.o)
 .comment       0x00000372       0x12 /cygdrive/C/cygwin/nxtOSEK/ecrobot/../ecrobot/libecrobot.a(flashprog.oram)
 .comment       0x00000384       0x12 /cygdrive/C/cygwin/GNUARM/bin/../lib/gcc/arm-elf/4.0.2/thumb/interwork/libgcc.a(_muldi3.o)
 .comment       0x00000396       0x12 /cygdrive/C/cygwin/GNUARM/bin/../lib/gcc/arm-elf/4.0.2/thumb/interwork/libgcc.a(_divdi3.o)
 .comment       0x000003a8       0x12 /cygdrive/C/cygwin/GNUARM/bin/../lib/gcc/arm-elf/4.0.2/thumb/interwork/libgcc.a(_clz.o)
 .comment       0x000003ba       0x12 /cygdrive/C/cygwin/GNUARM/bin/../lib/gcc/arm-elf/4.0.2/../../../../arm-elf/lib/thumb/interwork/libc.a(abs.o)
 .comment       0x000003cc       0x12 /cygdrive/C/cygwin/GNUARM/bin/../lib/gcc/arm-elf/4.0.2/../../../../arm-elf/lib/thumb/interwork/libc.a(malloc.o)
 .comment       0x000003de       0x12 /cygdrive/C/cygwin/GNUARM/bin/../lib/gcc/arm-elf/4.0.2/../../../../arm-elf/lib/thumb/interwork/libc.a(mallocr.o)
 .comment       0x000003f0       0x12 /cygdrive/C/cygwin/GNUARM/bin/../lib/gcc/arm-elf/4.0.2/../../../../arm-elf/lib/thumb/interwork/libc.a(memcpy.o)
 .comment       0x00000402       0x12 /cygdrive/C/cygwin/GNUARM/bin/../lib/gcc/arm-elf/4.0.2/../../../../arm-elf/lib/thumb/interwork/libc.a(memset.o)
 .comment       0x00000414       0x12 /cygdrive/C/cygwin/GNUARM/bin/../lib/gcc/arm-elf/4.0.2/../../../../arm-elf/lib/thumb/interwork/libc.a(mlock.o)
 .comment       0x00000426       0x12 /cygdrive/C/cygwin/GNUARM/bin/../lib/gcc/arm-elf/4.0.2/../../../../arm-elf/lib/thumb/interwork/libc.a(strcmp.o)
 .comment       0x00000438       0x12 /cygdrive/C/cygwin/GNUARM/bin/../lib/gcc/arm-elf/4.0.2/../../../../arm-elf/lib/thumb/interwork/libc.a(strcpy.o)
 .comment       0x0000044a       0x12 /cygdrive/C/cygwin/GNUARM/bin/../lib/gcc/arm-elf/4.0.2/../../../../arm-elf/lib/thumb/interwork/libc.a(strlen.o)
 .comment       0x0000045c       0x12 /cygdrive/C/cygwin/GNUARM/bin/../lib/gcc/arm-elf/4.0.2/../../../../arm-elf/lib/thumb/interwork/libc.a(strncpy.o)
 .comment       0x0000046e       0x12 /cygdrive/C/cygwin/GNUARM/bin/../lib/gcc/arm-elf/4.0.2/../../../../arm-elf/lib/thumb/interwork/libc.a(freer.o)
 .comment       0x00000480       0x12 /cygdrive/C/cygwin/GNUARM/bin/../lib/gcc/arm-elf/4.0.2/../../../../arm-elf/lib/thumb/interwork/libc.a(impure.o)

.debug_line     0x00000000     0x15f7
 .debug_line    0x00000000       0x70 /cygdrive/C/cygwin/GNUARM/bin/../lib/gcc/arm-elf/4.0.2/thumb/interwork/libgcc.a(_udivsi3.o)
 .debug_line    0x00000070       0x7c /cygdrive/C/cygwin/GNUARM/bin/../lib/gcc/arm-elf/4.0.2/thumb/interwork/libgcc.a(_divsi3.o)
 .debug_line    0x000000ec       0x68 /cygdrive/C/cygwin/GNUARM/bin/../lib/gcc/arm-elf/4.0.2/thumb/interwork/libgcc.a(_umodsi3.o)
 .debug_line    0x00000154       0x71 /cygdrive/C/cygwin/GNUARM/bin/../lib/gcc/arm-elf/4.0.2/thumb/interwork/libgcc.a(_modsi3.o)
 .debug_line    0x000001c5       0x5a /cygdrive/C/cygwin/GNUARM/bin/../lib/gcc/arm-elf/4.0.2/thumb/interwork/libgcc.a(_dvmd_tls.o)
 .debug_line    0x0000021f      0x162 /cygdrive/C/cygwin/GNUARM/bin/../lib/gcc/arm-elf/4.0.2/thumb/interwork/libgcc.a(_addsubdf3.o)
 .debug_line    0x00000381      0x177 /cygdrive/C/cygwin/GNUARM/bin/../lib/gcc/arm-elf/4.0.2/thumb/interwork/libgcc.a(_muldivdf3.o)
 .debug_line    0x000004f8       0xa4 /cygdrive/C/cygwin/GNUARM/bin/../lib/gcc/arm-elf/4.0.2/thumb/interwork/libgcc.a(_cmpdf2.o)
 .debug_line    0x0000059c       0x6f /cygdrive/C/cygwin/GNUARM/bin/../lib/gcc/arm-elf/4.0.2/thumb/interwork/libgcc.a(_fixdfsi.o)
 .debug_line    0x0000060b      0x110 /cygdrive/C/cygwin/GNUARM/bin/../lib/gcc/arm-elf/4.0.2/thumb/interwork/libgcc.a(_addsubsf3.o)
 .debug_line    0x0000071b      0x11a /cygdrive/C/cygwin/GNUARM/bin/../lib/gcc/arm-elf/4.0.2/thumb/interwork/libgcc.a(_muldivsf3.o)
 .debug_line    0x00000835       0x98 /cygdrive/C/cygwin/GNUARM/bin/../lib/gcc/arm-elf/4.0.2/thumb/interwork/libgcc.a(_cmpsf2.o)
 .debug_line    0x000008cd       0x6f /cygdrive/C/cygwin/GNUARM/bin/../lib/gcc/arm-elf/4.0.2/thumb/interwork/libgcc.a(_fixsfsi.o)
 .debug_line    0x0000093c       0x61 /cygdrive/C/cygwin/GNUARM/bin/../lib/gcc/arm-elf/4.0.2/thumb/interwork/libgcc.a(_muldi3.o)
 .debug_line    0x0000099d      0x122 /cygdrive/C/cygwin/GNUARM/bin/../lib/gcc/arm-elf/4.0.2/thumb/interwork/libgcc.a(_divdi3.o)
 .debug_line    0x00000abf       0x48 /cygdrive/C/cygwin/GNUARM/bin/../lib/gcc/arm-elf/4.0.2/thumb/interwork/libgcc.a(_clz.o)
 .debug_line    0x00000b07       0x6a /cygdrive/C/cygwin/GNUARM/bin/../lib/gcc/arm-elf/4.0.2/../../../../arm-elf/lib/thumb/interwork/libc.a(abs.o)
 .debug_line    0x00000b71       0xfd /cygdrive/C/cygwin/GNUARM/bin/../lib/gcc/arm-elf/4.0.2/../../../../arm-elf/lib/thumb/interwork/libc.a(malloc.o)
 .debug_line    0x00000c6e      0x23d /cygdrive/C/cygwin/GNUARM/bin/../lib/gcc/arm-elf/4.0.2/../../../../arm-elf/lib/thumb/interwork/libc.a(mallocr.o)
 .debug_line    0x00000eab       0xc3 /cygdrive/C/cygwin/GNUARM/bin/../lib/gcc/arm-elf/4.0.2/../../../../arm-elf/lib/thumb/interwork/libc.a(memcpy.o)
 .debug_line    0x00000f6e       0xd4 /cygdrive/C/cygwin/GNUARM/bin/../lib/gcc/arm-elf/4.0.2/../../../../arm-elf/lib/thumb/interwork/libc.a(memset.o)
 .debug_line    0x00001042       0xf5 /cygdrive/C/cygwin/GNUARM/bin/../lib/gcc/arm-elf/4.0.2/../../../../arm-elf/lib/thumb/interwork/libc.a(mlock.o)
 .debug_line    0x00001137       0x88 /cygdrive/C/cygwin/GNUARM/bin/../lib/gcc/arm-elf/4.0.2/../../../../arm-elf/lib/thumb/interwork/libc.a(strcmp.o)
 .debug_line    0x000011bf       0x80 /cygdrive/C/cygwin/GNUARM/bin/../lib/gcc/arm-elf/4.0.2/../../../../arm-elf/lib/thumb/interwork/libc.a(strcpy.o)
 .debug_line    0x0000123f       0xaf /cygdrive/C/cygwin/GNUARM/bin/../lib/gcc/arm-elf/4.0.2/../../../../arm-elf/lib/thumb/interwork/libc.a(strlen.o)
 .debug_line    0x000012ee       0xc2 /cygdrive/C/cygwin/GNUARM/bin/../lib/gcc/arm-elf/4.0.2/../../../../arm-elf/lib/thumb/interwork/libc.a(strncpy.o)
 .debug_line    0x000013b0      0x164 /cygdrive/C/cygwin/GNUARM/bin/../lib/gcc/arm-elf/4.0.2/../../../../arm-elf/lib/thumb/interwork/libc.a(freer.o)
 .debug_line    0x00001514       0xe3 /cygdrive/C/cygwin/GNUARM/bin/../lib/gcc/arm-elf/4.0.2/../../../../arm-elf/lib/thumb/interwork/libc.a(impure.o)

.debug_info     0x00000000     0x4a45
 .debug_info    0x00000000       0x6a /cygdrive/C/cygwin/GNUARM/bin/../lib/gcc/arm-elf/4.0.2/thumb/interwork/libgcc.a(_udivsi3.o)
 .debug_info    0x0000006a       0x6a /cygdrive/C/cygwin/GNUARM/bin/../lib/gcc/arm-elf/4.0.2/thumb/interwork/libgcc.a(_divsi3.o)
 .debug_info    0x000000d4       0x6a /cygdrive/C/cygwin/GNUARM/bin/../lib/gcc/arm-elf/4.0.2/thumb/interwork/libgcc.a(_umodsi3.o)
 .debug_info    0x0000013e       0x6a /cygdrive/C/cygwin/GNUARM/bin/../lib/gcc/arm-elf/4.0.2/thumb/interwork/libgcc.a(_modsi3.o)
 .debug_info    0x000001a8       0x6a /cygdrive/C/cygwin/GNUARM/bin/../lib/gcc/arm-elf/4.0.2/thumb/interwork/libgcc.a(_dvmd_tls.o)
 .debug_info    0x00000212       0x69 /cygdrive/C/cygwin/GNUARM/bin/../lib/gcc/arm-elf/4.0.2/thumb/interwork/libgcc.a(_addsubdf3.o)
 .debug_info    0x0000027b       0x69 /cygdrive/C/cygwin/GNUARM/bin/../lib/gcc/arm-elf/4.0.2/thumb/interwork/libgcc.a(_muldivdf3.o)
 .debug_info    0x000002e4       0x69 /cygdrive/C/cygwin/GNUARM/bin/../lib/gcc/arm-elf/4.0.2/thumb/interwork/libgcc.a(_cmpdf2.o)
 .debug_info    0x0000034d       0x69 /cygdrive/C/cygwin/GNUARM/bin/../lib/gcc/arm-elf/4.0.2/thumb/interwork/libgcc.a(_fixdfsi.o)
 .debug_info    0x000003b6       0x69 /cygdrive/C/cygwin/GNUARM/bin/../lib/gcc/arm-elf/4.0.2/thumb/interwork/libgcc.a(_addsubsf3.o)
 .debug_info    0x0000041f       0x69 /cygdrive/C/cygwin/GNUARM/bin/../lib/gcc/arm-elf/4.0.2/thumb/interwork/libgcc.a(_muldivsf3.o)
 .debug_info    0x00000488       0x69 /cygdrive/C/cygwin/GNUARM/bin/../lib/gcc/arm-elf/4.0.2/thumb/interwork/libgcc.a(_cmpsf2.o)
 .debug_info    0x000004f1       0x69 /cygdrive/C/cygwin/GNUARM/bin/../lib/gcc/arm-elf/4.0.2/thumb/interwork/libgcc.a(_fixsfsi.o)
 .debug_info    0x0000055a      0x20e /cygdrive/C/cygwin/GNUARM/bin/../lib/gcc/arm-elf/4.0.2/thumb/interwork/libgcc.a(_muldi3.o)
 .debug_info    0x00000768      0x758 /cygdrive/C/cygwin/GNUARM/bin/../lib/gcc/arm-elf/4.0.2/thumb/interwork/libgcc.a(_divdi3.o)
 .debug_info    0x00000ec0       0xc9 /cygdrive/C/cygwin/GNUARM/bin/../lib/gcc/arm-elf/4.0.2/thumb/interwork/libgcc.a(_clz.o)
 .debug_info    0x00000f89       0x99 /cygdrive/C/cygwin/GNUARM/bin/../lib/gcc/arm-elf/4.0.2/../../../../arm-elf/lib/thumb/interwork/libc.a(abs.o)
 .debug_info    0x00001022      0x955 /cygdrive/C/cygwin/GNUARM/bin/../lib/gcc/arm-elf/4.0.2/../../../../arm-elf/lib/thumb/interwork/libc.a(malloc.o)
 .debug_info    0x00001977      0xcbd /cygdrive/C/cygwin/GNUARM/bin/../lib/gcc/arm-elf/4.0.2/../../../../arm-elf/lib/thumb/interwork/libc.a(mallocr.o)
 .debug_info    0x00002634      0x10d /cygdrive/C/cygwin/GNUARM/bin/../lib/gcc/arm-elf/4.0.2/../../../../arm-elf/lib/thumb/interwork/libc.a(memcpy.o)
 .debug_info    0x00002741      0x111 /cygdrive/C/cygwin/GNUARM/bin/../lib/gcc/arm-elf/4.0.2/../../../../arm-elf/lib/thumb/interwork/libc.a(memset.o)
 .debug_info    0x00002852      0x93e /cygdrive/C/cygwin/GNUARM/bin/../lib/gcc/arm-elf/4.0.2/../../../../arm-elf/lib/thumb/interwork/libc.a(mlock.o)
 .debug_info    0x00003190       0xd9 /cygdrive/C/cygwin/GNUARM/bin/../lib/gcc/arm-elf/4.0.2/../../../../arm-elf/lib/thumb/interwork/libc.a(strcmp.o)
 .debug_info    0x00003269      0x10c /cygdrive/C/cygwin/GNUARM/bin/../lib/gcc/arm-elf/4.0.2/../../../../arm-elf/lib/thumb/interwork/libc.a(strcpy.o)
 .debug_info    0x00003375       0xd5 /cygdrive/C/cygwin/GNUARM/bin/../lib/gcc/arm-elf/4.0.2/../../../../arm-elf/lib/thumb/interwork/libc.a(strlen.o)
 .debug_info    0x0000344a      0x126 /cygdrive/C/cygwin/GNUARM/bin/../lib/gcc/arm-elf/4.0.2/../../../../arm-elf/lib/thumb/interwork/libc.a(strncpy.o)
 .debug_info    0x00003570      0xbb3 /cygdrive/C/cygwin/GNUARM/bin/../lib/gcc/arm-elf/4.0.2/../../../../arm-elf/lib/thumb/interwork/libc.a(freer.o)
 .debug_info    0x00004123      0x922 /cygdrive/C/cygwin/GNUARM/bin/../lib/gcc/arm-elf/4.0.2/../../../../arm-elf/lib/thumb/interwork/libc.a(impure.o)

.debug_abbrev   0x00000000      0xf86
 .debug_abbrev  0x00000000       0x14 /cygdrive/C/cygwin/GNUARM/bin/../lib/gcc/arm-elf/4.0.2/thumb/interwork/libgcc.a(_udivsi3.o)
 .debug_abbrev  0x00000014       0x14 /cygdrive/C/cygwin/GNUARM/bin/../lib/gcc/arm-elf/4.0.2/thumb/interwork/libgcc.a(_divsi3.o)
 .debug_abbrev  0x00000028       0x14 /cygdrive/C/cygwin/GNUARM/bin/../lib/gcc/arm-elf/4.0.2/thumb/interwork/libgcc.a(_umodsi3.o)
 .debug_abbrev  0x0000003c       0x14 /cygdrive/C/cygwin/GNUARM/bin/../lib/gcc/arm-elf/4.0.2/thumb/interwork/libgcc.a(_modsi3.o)
 .debug_abbrev  0x00000050       0x14 /cygdrive/C/cygwin/GNUARM/bin/../lib/gcc/arm-elf/4.0.2/thumb/interwork/libgcc.a(_dvmd_tls.o)
 .debug_abbrev  0x00000064       0x14 /cygdrive/C/cygwin/GNUARM/bin/../lib/gcc/arm-elf/4.0.2/thumb/interwork/libgcc.a(_addsubdf3.o)
 .debug_abbrev  0x00000078       0x14 /cygdrive/C/cygwin/GNUARM/bin/../lib/gcc/arm-elf/4.0.2/thumb/interwork/libgcc.a(_muldivdf3.o)
 .debug_abbrev  0x0000008c       0x14 /cygdrive/C/cygwin/GNUARM/bin/../lib/gcc/arm-elf/4.0.2/thumb/interwork/libgcc.a(_cmpdf2.o)
 .debug_abbrev  0x000000a0       0x14 /cygdrive/C/cygwin/GNUARM/bin/../lib/gcc/arm-elf/4.0.2/thumb/interwork/libgcc.a(_fixdfsi.o)
 .debug_abbrev  0x000000b4       0x14 /cygdrive/C/cygwin/GNUARM/bin/../lib/gcc/arm-elf/4.0.2/thumb/interwork/libgcc.a(_addsubsf3.o)
 .debug_abbrev  0x000000c8       0x14 /cygdrive/C/cygwin/GNUARM/bin/../lib/gcc/arm-elf/4.0.2/thumb/interwork/libgcc.a(_muldivsf3.o)
 .debug_abbrev  0x000000dc       0x14 /cygdrive/C/cygwin/GNUARM/bin/../lib/gcc/arm-elf/4.0.2/thumb/interwork/libgcc.a(_cmpsf2.o)
 .debug_abbrev  0x000000f0       0x14 /cygdrive/C/cygwin/GNUARM/bin/../lib/gcc/arm-elf/4.0.2/thumb/interwork/libgcc.a(_fixsfsi.o)
 .debug_abbrev  0x00000104       0xec /cygdrive/C/cygwin/GNUARM/bin/../lib/gcc/arm-elf/4.0.2/thumb/interwork/libgcc.a(_muldi3.o)
 .debug_abbrev  0x000001f0      0x174 /cygdrive/C/cygwin/GNUARM/bin/../lib/gcc/arm-elf/4.0.2/thumb/interwork/libgcc.a(_divdi3.o)
 .debug_abbrev  0x00000364       0x61 /cygdrive/C/cygwin/GNUARM/bin/../lib/gcc/arm-elf/4.0.2/thumb/interwork/libgcc.a(_clz.o)
 .debug_abbrev  0x000003c5       0x50 /cygdrive/C/cygwin/GNUARM/bin/../lib/gcc/arm-elf/4.0.2/../../../../arm-elf/lib/thumb/interwork/libc.a(abs.o)
 .debug_abbrev  0x00000415      0x187 /cygdrive/C/cygwin/GNUARM/bin/../lib/gcc/arm-elf/4.0.2/../../../../arm-elf/lib/thumb/interwork/libc.a(malloc.o)
 .debug_abbrev  0x0000059c      0x214 /cygdrive/C/cygwin/GNUARM/bin/../lib/gcc/arm-elf/4.0.2/../../../../arm-elf/lib/thumb/interwork/libc.a(mallocr.o)
 .debug_abbrev  0x000007b0       0x99 /cygdrive/C/cygwin/GNUARM/bin/../lib/gcc/arm-elf/4.0.2/../../../../arm-elf/lib/thumb/interwork/libc.a(memcpy.o)
 .debug_abbrev  0x00000849       0x9a /cygdrive/C/cygwin/GNUARM/bin/../lib/gcc/arm-elf/4.0.2/../../../../arm-elf/lib/thumb/interwork/libc.a(memset.o)
 .debug_abbrev  0x000008e3      0x16a /cygdrive/C/cygwin/GNUARM/bin/../lib/gcc/arm-elf/4.0.2/../../../../arm-elf/lib/thumb/interwork/libc.a(mlock.o)
 .debug_abbrev  0x00000a4d       0x71 /cygdrive/C/cygwin/GNUARM/bin/../lib/gcc/arm-elf/4.0.2/../../../../arm-elf/lib/thumb/interwork/libc.a(strcmp.o)
 .debug_abbrev  0x00000abe       0x80 /cygdrive/C/cygwin/GNUARM/bin/../lib/gcc/arm-elf/4.0.2/../../../../arm-elf/lib/thumb/interwork/libc.a(strcpy.o)
 .debug_abbrev  0x00000b3e       0x8b /cygdrive/C/cygwin/GNUARM/bin/../lib/gcc/arm-elf/4.0.2/../../../../arm-elf/lib/thumb/interwork/libc.a(strlen.o)
 .debug_abbrev  0x00000bc9       0x8d /cygdrive/C/cygwin/GNUARM/bin/../lib/gcc/arm-elf/4.0.2/../../../../arm-elf/lib/thumb/interwork/libc.a(strncpy.o)
 .debug_abbrev  0x00000c56      0x1d9 /cygdrive/C/cygwin/GNUARM/bin/../lib/gcc/arm-elf/4.0.2/../../../../arm-elf/lib/thumb/interwork/libc.a(freer.o)
 .debug_abbrev  0x00000e2f      0x157 /cygdrive/C/cygwin/GNUARM/bin/../lib/gcc/arm-elf/4.0.2/../../../../arm-elf/lib/thumb/interwork/libc.a(impure.o)

.debug_aranges  0x00000000      0x340
 .debug_aranges
                0x00000000       0x20 /cygdrive/C/cygwin/GNUARM/bin/../lib/gcc/arm-elf/4.0.2/thumb/interwork/libgcc.a(_udivsi3.o)
 .debug_aranges
                0x00000020       0x20 /cygdrive/C/cygwin/GNUARM/bin/../lib/gcc/arm-elf/4.0.2/thumb/interwork/libgcc.a(_divsi3.o)
 .debug_aranges
                0x00000040       0x20 /cygdrive/C/cygwin/GNUARM/bin/../lib/gcc/arm-elf/4.0.2/thumb/interwork/libgcc.a(_umodsi3.o)
 .debug_aranges
                0x00000060       0x20 /cygdrive/C/cygwin/GNUARM/bin/../lib/gcc/arm-elf/4.0.2/thumb/interwork/libgcc.a(_modsi3.o)
 .debug_aranges
                0x00000080       0x20 /cygdrive/C/cygwin/GNUARM/bin/../lib/gcc/arm-elf/4.0.2/thumb/interwork/libgcc.a(_dvmd_tls.o)
 .debug_aranges
                0x000000a0       0x20 /cygdrive/C/cygwin/GNUARM/bin/../lib/gcc/arm-elf/4.0.2/thumb/interwork/libgcc.a(_addsubdf3.o)
 .debug_aranges