Archive member included because of file (symbol)

/cygdrive/C/cygwin/nxtOSEK/ecrobot/../ecrobot/libecrobot.a(ecrobot_interface.o)
                              build/src/movements.o (ecrobot_set_motor_speed)
/cygdrive/C/cygwin/nxtOSEK/ecrobot/../ecrobot/libecrobot.a(colorsensor.o)
                              /cygdrive/C/cygwin/nxtOSEK/ecrobot/../ecrobot/libecrobot.a(ecrobot_interface.o) (colorsensor_init)
/cygdrive/C/cygwin/nxtOSEK/ecrobot/../ecrobot/libecrobot.a(osek_hook.o)
                              build/kernel/osctl.o (StartupHook)
/cygdrive/C/cygwin/nxtOSEK/ecrobot/../ecrobot/libecrobot.a(uart.oram)
                              build/config/at91sam7s-gnu/irq.oram (uart_isr_C_0)
/cygdrive/C/cygwin/nxtOSEK/ecrobot/../ecrobot/libecrobot.a(systick.oram)
                              build/syslib/at91sam7s-gnu/lego_nxt/hw_sys_timer.oram (systick_low_priority_C)
/cygdrive/C/cygwin/nxtOSEK/ecrobot/../ecrobot/libecrobot.a(byte_fifo.oram)
                              /cygdrive/C/cygwin/nxtOSEK/ecrobot/../ecrobot/libecrobot.a(uart.oram) (byte_fifo_put)
/cygdrive/C/cygwin/nxtOSEK/ecrobot/../ecrobot/libecrobot.a(aic.oram)
                              /cygdrive/C/cygwin/nxtOSEK/ecrobot/../ecrobot/libecrobot.a(uart.oram) (aic_set_vector)
/cygdrive/C/cygwin/nxtOSEK/ecrobot/../ecrobot/libecrobot.a(udp.oram)
                              build/config/at91sam7s-gnu/irq.oram (udp_isr_C)
/cygdrive/C/cygwin/nxtOSEK/ecrobot/../ecrobot/libecrobot.a(twi.oram)
                              build/config/at91sam7s-gnu/irq.oram (twi_isr_C)
/cygdrive/C/cygwin/nxtOSEK/ecrobot/../ecrobot/libecrobot.a(nxt_spi.oram)
                              build/config/at91sam7s-gnu/irq.oram (spi_isr_C)
/cygdrive/C/cygwin/nxtOSEK/ecrobot/../ecrobot/libecrobot.a(nxt_motors.oram)
                              build/src/directions.o (nxt_motor_get_count)
/cygdrive/C/cygwin/nxtOSEK/ecrobot/../ecrobot/libecrobot.a(data_abort.oram)
                              build/ecrobot_init.o (data_abort_C)
/cygdrive/C/cygwin/nxtOSEK/ecrobot/../ecrobot/libecrobot.a(display.oram)
                              build/ecrobot_base.o (display_update)
/cygdrive/C/cygwin/nxtOSEK/ecrobot/../ecrobot/libecrobot.a(i2c.oram)
                              build/config/at91sam7s-gnu/irq.oram (i2c_timer_isr_C)
/cygdrive/C/cygwin/nxtOSEK/ecrobot/../ecrobot/libecrobot.a(sound.oram)
                              /cygdrive/C/cygwin/nxtOSEK/ecrobot/../ecrobot/libecrobot.a(ecrobot_interface.o) (sound_get_time)
/cygdrive/C/cygwin/nxtOSEK/ecrobot/../ecrobot/libecrobot.a(bt.oram)
                              build/ecrobot_bluetooth.o (bt_send)
/cygdrive/C/cygwin/nxtOSEK/ecrobot/../ecrobot/libecrobot.a(nxt_avr.oram)
                              build/ecrobot_base.o (nxt_avr_power_down)
/cygdrive/C/cygwin/nxtOSEK/ecrobot/../ecrobot/libecrobot.a(sensors.oram)
                              /cygdrive/C/cygwin/nxtOSEK/ecrobot/../ecrobot/libecrobot.a(ecrobot_interface.o) (unset_digi0)
/cygdrive/C/cygwin/nxtOSEK/ecrobot/../ecrobot/libecrobot.a(sensors1.oram)
                              /cygdrive/C/cygwin/nxtOSEK/ecrobot/../ecrobot/libecrobot.a(colorsensor.o) (sensor_pins)
/cygdrive/C/cygwin/nxtOSEK/ecrobot/../ecrobot/libecrobot.a(nxt_lcd.oram)
                              /cygdrive/C/cygwin/nxtOSEK/ecrobot/../ecrobot/libecrobot.a(display.oram) (nxt_lcd_force_update)
/cygdrive/C/cygwin/nxtOSEK/ecrobot/../ecrobot/libecrobot.a(flash_loader.oram)
                              build/ecrobot.o (set_flash_request)
/cygdrive/C/cygwin/nxtOSEK/ecrobot/../ecrobot/libecrobot.a(interrupts.oram)
                              /cygdrive/C/cygwin/nxtOSEK/ecrobot/../ecrobot/libecrobot.a(uart.oram) (interrupts_get_and_disable)
/cygdrive/C/cygwin/nxtOSEK/ecrobot/../ecrobot/libecrobot.a(nxtosek_splash.obmp)
                              build/ecrobot_base.o (nxtosek_splash_bmp_start)
/cygdrive/C/cygwin/nxtOSEK/ecrobot/../ecrobot/libecrobot.a(ecrobot_usb.o)
                              /cygdrive/C/cygwin/nxtOSEK/ecrobot/../ecrobot/libecrobot.a(flash_loader.oram) (ecrobot_init_usb)
/cygdrive/C/cygwin/nxtOSEK/ecrobot/../ecrobot/libecrobot.a(flashprog.oram)
                              /cygdrive/C/cygwin/nxtOSEK/ecrobot/../ecrobot/libecrobot.a(flash_loader.oram) (flash_write_page)
/cygdrive/C/cygwin/GNUARM/bin/../lib/gcc/arm-elf/4.0.2/thumb/interwork/libgcc.a(_udivsi3.o)
                              build/ecrobot_base.o (__udivsi3)
/cygdrive/C/cygwin/GNUARM/bin/../lib/gcc/arm-elf/4.0.2/thumb/interwork/libgcc.a(_divsi3.o)
                              /cygdrive/C/cygwin/nxtOSEK/ecrobot/../ecrobot/libecrobot.a(uart.oram) (__divsi3)
/cygdrive/C/cygwin/GNUARM/bin/../lib/gcc/arm-elf/4.0.2/thumb/interwork/libgcc.a(_umodsi3.o)
                              /cygdrive/C/cygwin/nxtOSEK/ecrobot/../ecrobot/libecrobot.a(display.oram) (__umodsi3)
/cygdrive/C/cygwin/GNUARM/bin/../lib/gcc/arm-elf/4.0.2/thumb/interwork/libgcc.a(_modsi3.o)
[...]
Memory Configuration

Name             Origin             Length             Attributes
header_ram       0x001ffff0         0x00000010
vector_ram       0x00200000         0x00000040
ram              0x00200040         0x0000ffc0
*default*        0x00000000         0xffffffff

Linker script and memory map

LOAD build/kernel/alarm.o
LOAD build/kernel/event.o
LOAD build/kernel/interrupt.o
LOAD build/kernel/osctl.o
LOAD build/kernel/resource.o
LOAD build/kernel/task.o
LOAD build/kernel/task_manage.o
LOAD build/config/at91sam7s-gnu/cpu_config.o
LOAD build/config/at91sam7s-gnu/lego_nxt/sys_config.o
LOAD build/./kernel_cfg.o
LOAD build/syscalls.o
LOAD build/ecrobot_bluetooth.o
LOAD build/ecrobot_base.o
LOAD build/ecrobot.o
LOAD build/src/main.o
LOAD build/src/types.o
LOAD build/src/directions.o
LOAD build/src/lightsensor.o
LOAD build/src/movements.o
LOAD build/src/RobotHandler.o
LOAD build/src/algo/Algo.o
LOAD build/src/algo/AStarNode.o
LOAD build/src/algo/AStarPathFinder.o
LOAD build/src/algo/DeadEndHandler.o
LOAD build/src/algo/MazeArray.o
LOAD build/src/algo/Node.o
LOAD build/syslib/at91sam7s-gnu/lego_nxt/hw_sys_timer.oram
LOAD build/nxtvm/platform/nxt/vectors.o
LOAD build/config/at91sam7s-gnu/debug.o
LOAD build/config/at91sam7s-gnu/lego_nxt/sys_support.o
LOAD build/nxt_binary_header.o
LOAD build/nxt_entry_point.o
LOAD build/ecrobot_init.o
LOAD build/config/at91sam7s-gnu/cpu_support.oram
LOAD build/config/at91sam7s-gnu/irq.oram
LOAD /cygdrive/C/cygwin/nxtOSEK/ecrobot/../c++/liblejososek.a
LOAD /cygdrive/C/cygwin/nxtOSEK/ecrobot/../ecrobot/libecrobot.a
LOAD /cygdrive/C/cygwin/GNUARM/bin/../lib/gcc/arm-elf/4.0.2/../../../../arm-elf/lib/thumb/interwork/libstdc++.a
LOAD /cygdrive/C/cygwin/GNUARM/bin/../lib/gcc/arm-elf/4.0.2/../../../../arm-elf/lib/thumb/interwork/libm.a
LOAD /cygdrive/C/cygwin/GNUARM/bin/../lib/gcc/arm-elf/4.0.2/thumb/interwork/libgcc.a
LOAD /cygdrive/C/cygwin/GNUARM/bin/../lib/gcc/arm-elf/4.0.2/../../../../arm-elf/lib/thumb/interwork/libc.a
LOAD /cygdrive/C/cygwin/GNUARM/bin/../lib/gcc/arm-elf/4.0.2/thumb/interwork/libgcc.a
                0x00200000                RAM_BASE = 0x200000
                0x00010000                RAM_SIZE = 0x10000

.header         0x001ffff0       0x10
 *nxt_binary_header.o(*.text *.text.*)
 .text          0x001ffff0       0x10 build/nxt_binary_header.o
                0x00200000                . = ALIGN (0x10)

.vectors        0x00200000       0x40
 vectors.o(*.text *.text.*)
 .text          0x00200000       0x38 build/nxtvm/platform/nxt/vectors.o
                0x00200040                . = ALIGN (0x10)
 *fill*         0x00200038        0x8 00
                0x00200000                __vectors_ram_start__ = ADDR (.vectors)
                0x00200040                __vectors_ram_end__ = (ADDR (.vectors) + SIZEOF (.vectors))
                0x00200000                __vectors_load_start__ = LOADADDR (.vectors)
                0x00200040                __vectors_load_end__ = (LOADADDR (.vectors) + SIZEOF (.vectors))

.entry          0x00200040       0x40
 *nxt_entry_point.o(*.text *.text.*)
 .text          0x00200040       0x38 build/nxt_entry_point.o
                0x00200040                NXT_Entry_Point
                0x00200080                . = ALIGN (0x10)
 *fill*         0x00200078        0x8 00

.init           0x00200080      0x280
 *ecrobot_init.o(*.text *.text.*)
 .text          0x00200080      0x280 build/ecrobot_init.o
                0x002001ec                undef_handler
                0x002001f4                prefetch_abort_handler
                0x002001f8                data_abort_handler
                0x002001f0                swi_handler
                0x00200080                start
                0x00200214                reserved_handler
                0x00200300                . = ALIGN (0x10)

.ram_text       0x00200300     0x3290
                0x00200300                . = ALIGN (0x10)
 *.oram(*.text *.text.* *.glue*)
 .text.systick_isr_C1
                0x00200300       0x28 build/syslib/at91sam7s-gnu/lego_nxt/hw_sys_timer.oram
                0x00200300                systick_isr_C1
 *fill*         0x00200328        0x8 00
 .text          0x00200330      0x230 build/config/at91sam7s-gnu/cpu_support.oram
                0x00200510                enable_int
                0x002003b0                start_dispatch
                0x00200370                activate_r
                0x00200508                disable_int
                0x00200330                dispatch
                0x002004dc                int_return
                0x0020046c                _interrupt
                0x002003a0                exit_and_dispatch
                0x00200518                nop
 .text          0x00200560      0x2c0 build/config/at91sam7s-gnu/irq.oram
                0x00200560                default_isr
                0x002006ec                uart_isr_entry_0
                0x0020066c                twi_isr_entry
                0x0020072c                uart_isr_entry_1
                0x0020062c                spi_isr_entry
                0x002005ac                systick_low_priority_entry
                0x0020076c                nxt_motor_isr_entry
                0x002007ac                i2c_timer_isr_entry
                0x00200560                default_fiq
                0x00200564                systick_isr_entry
                0x00200560                spurious_isr
                0x002006ac                sound_isr_entry
                0x002005ec                udp_isr_entry
 .text.uart_process_isr
                0x00200820       0x88 /cygdrive/C/cygwin/nxtOSEK/ecrobot/../ecrobot/libecrobot.a(uart.oram)
 .text.uart_isr_C_0
                0x002008a8        0xc /cygdrive/C/cygwin/nxtOSEK/ecrobot/../ecrobot/libecrobot.a(uart.oram)
                0x002008a8                uart_isr_C_0
 .text.uart_isr_C_1
                0x002008b4        0xc /cygdrive/C/cygwin/nxtOSEK/ecrobot/../ecrobot/libecrobot.a(uart.oram)
                0x002008b4                uart_isr_C_1
 .text.systick_low_priority_C
                0x002008c0       0x1c /cygdrive/C/cygwin/nxtOSEK/ecrobot/../ecrobot/libecrobot.a(systick.oram)
                0x002008c0                systick_low_priority_C
 .text.systick_isr_C
                0x002008dc       0x24 /cygdrive/C/cygwin/nxtOSEK/ecrobot/../ecrobot/libecrobot.a(systick.oram)
                0x002008dc                systick_isr_C
 .text.systick_get_ms
                0x00200900        0xc /cygdrive/C/cygwin/nxtOSEK/ecrobot/../ecrobot/libecrobot.a(systick.oram)
                0x00200900                systick_get_ms
 .text.systick_wait_ms
                0x0020090c       0x1c /cygdrive/C/cygwin/nxtOSEK/ecrobot/../ecrobot/libecrobot.a(systick.oram)
                0x0020090c                systick_wait_ms
 .text.systick_wait_ns
                0x00200928       0x1c /cygdrive/C/cygwin/nxtOSEK/ecrobot/../ecrobot/libecrobot.a(systick.oram)
                0x00200928                systick_wait_ns
 .text.systick_init
                0x00200944       0x58 /cygdrive/C/cygwin/nxtOSEK/ecrobot/../ecrobot/libecrobot.a(systick.oram)
                0x00200944                systick_init
 .text.systick_suspend
                0x0020099c        0xc /cygdrive/C/cygwin/nxtOSEK/ecrobot/../ecrobot/libecrobot.a(systick.oram)
                0x0020099c                systick_suspend
 .text.systick_resume
                0x002009a8        0xc /cygdrive/C/cygwin/nxtOSEK/ecrobot/../ecrobot/libecrobot.a(systick.oram)
                0x002009a8                systick_resume
 .text.byte_fifo_put
                0x002009b4       0x58 /cygdrive/C/cygwin/nxtOSEK/ecrobot/../ecrobot/libecrobot.a(byte_fifo.oram)
                0x002009b4                byte_fifo_put
 .text.byte_fifo_get
                0x00200a0c       0x2c /cygdrive/C/cygwin/nxtOSEK/ecrobot/../ecrobot/libecrobot.a(byte_fifo.oram)
                0x00200a0c                byte_fifo_get
 .text.aic_initialise
                0x00200a38       0x5c /cygdrive/C/cygwin/nxtOSEK/ecrobot/../ecrobot/libecrobot.a(aic.oram)
                0x00200a38                aic_initialise
 .text.aic_set_vector
                0x00200a94       0x30 /cygdrive/C/cygwin/nxtOSEK/ecrobot/../ecrobot/libecrobot.a(aic.oram)
                0x00200a94                aic_set_vector
 .text.aic_mask_on
                0x00200ac4       0x24 /cygdrive/C/cygwin/nxtOSEK/ecrobot/../ecrobot/libecrobot.a(aic.oram)
                0x00200ac4                aic_mask_on
 .text.aic_mask_off
                0x00200ae8       0x24 /cygdrive/C/cygwin/nxtOSEK/ecrobot/../ecrobot/libecrobot.a(aic.oram)
                0x00200ae8                aic_mask_off
 .text.aic_clear
                0x00200b0c       0x24 /cygdrive/C/cygwin/nxtOSEK/ecrobot/../ecrobot/libecrobot.a(aic.oram)
                0x00200b0c                aic_clear
 .text.reset    0x00200b30       0x4c /cygdrive/C/cygwin/nxtOSEK/ecrobot/../ecrobot/libecrobot.a(udp.oram)
 .text.udp_send_null
                0x00200b7c       0x2c /cygdrive/C/cygwin/nxtOSEK/ecrobot/../ecrobot/libecrobot.a(udp.oram)
 .text.udp_send_stall
                0x00200ba8       0x2c /cygdrive/C/cygwin/nxtOSEK/ecrobot/../ecrobot/libecrobot.a(udp.oram)
 .text.udp_send_control
                0x00200bd4       0x60 /cygdrive/C/cygwin/nxtOSEK/ecrobot/../ecrobot/libecrobot.a(udp.oram)
 .text.udp_isr_C
                0x00200c34      0x7d0 /cygdrive/C/cygwin/nxtOSEK/ecrobot/../ecrobot/libecrobot.a(udp.oram)
                0x00200c34                udp_isr_C
 .text.twi_status
                0x00201404       0x20 /cygdrive/C/cygwin/nxtOSEK/ecrobot/../ecrobot/libecrobot.a(twi.oram)
                0x00201404                twi_status
 .text.twi_isr_C
                0x00201424       0xc4 /cygdrive/C/cygwin/nxtOSEK/ecrobot/../ecrobot/libecrobot.a(twi.oram)
                0x00201424                twi_isr_C
 .text.twi_reset
                0x002014e8       0xb4 /cygdrive/C/cygwin/nxtOSEK/ecrobot/../ecrobot/libecrobot.a(twi.oram)
                0x002014e8                twi_reset
 .text.twi_init
                0x0020159c       0x4c /cygdrive/C/cygwin/nxtOSEK/ecrobot/../ecrobot/libecrobot.a(twi.oram)
                0x0020159c                twi_init
 .text.twi_start_read
                0x002015e8       0x60 /cygdrive/C/cygwin/nxtOSEK/ecrobot/../ecrobot/libecrobot.a(twi.oram)
                0x002015e8                twi_start_read
 .text.twi_start_write
                0x00201648       0x64 /cygdrive/C/cygwin/nxtOSEK/ecrobot/../ecrobot/libecrobot.a(twi.oram)
                0x00201648                twi_start_write
 .text.spi_set_mode
                0x002016ac       0x40 /cygdrive/C/cygwin/nxtOSEK/ecrobot/../ecrobot/libecrobot.a(nxt_spi.oram)
 .text.spi_isr_C
                0x002016ec       0x8c /cygdrive/C/cygwin/nxtOSEK/ecrobot/../ecrobot/libecrobot.a(nxt_spi.oram)
                0x002016ec                spi_isr_C
 .text.nxt_spi_init
                0x00201778      0x12c /cygdrive/C/cygwin/nxtOSEK/ecrobot/../ecrobot/libecrobot.a(nxt_spi.oram)
                0x00201778                nxt_spi_init
 .text.nxt_spi_write
                0x002018a4       0x44 /cygdrive/C/cygwin/nxtOSEK/ecrobot/../ecrobot/libecrobot.a(nxt_spi.oram)
                0x002018a4                nxt_spi_write
 .text.nxt_spi_set_display
                0x002018e8       0x10 /cygdrive/C/cygwin/nxtOSEK/ecrobot/../ecrobot/libecrobot.a(nxt_spi.oram)
                0x002018e8                nxt_spi_set_display
 .text.nxt_spi_refresh
                0x002018f8       0x24 /cygdrive/C/cygwin/nxtOSEK/ecrobot/../ecrobot/libecrobot.a(nxt_spi.oram)
                0x002018f8                nxt_spi_refresh
 .text.nxt_motor_get_count
                0x0020191c       0x14 /cygdrive/C/cygwin/nxtOSEK/ecrobot/../ecrobot/libecrobot.a(nxt_motors.oram)
                0x0020191c                nxt_motor_get_count
 .text.nxt_motor_set_count
                0x00201930       0x10 /cygdrive/C/cygwin/nxtOSEK/ecrobot/../ecrobot/libecrobot.a(nxt_motors.oram)
                0x00201930                nxt_motor_set_count
 .text.nxt_motor_set_speed
                0x00201940       0x34 /cygdrive/C/cygwin/nxtOSEK/ecrobot/../ecrobot/libecrobot.a(nxt_motors.oram)
                0x00201940                nxt_motor_set_speed
 .text.nxt_motor_1kHz_process
                0x00201974       0x28 /cygdrive/C/cygwin/nxtOSEK/ecrobot/../ecrobot/libecrobot.a(nxt_motors.oram)
                0x00201974                nxt_motor_1kHz_process
 .text.nxt_motor_quad_decode
                0x0020199c       0x30 /cygdrive/C/cygwin/nxtOSEK/ecrobot/../ecrobot/libecrobot.a(nxt_motors.oram)
                0x0020199c                nxt_motor_quad_decode
 .text.nxt_motor_isr_C
                0x002019cc       0x88 /cygdrive/C/cygwin/nxtOSEK/ecrobot/../ecrobot/libecrobot.a(nxt_motors.oram)
                0x002019cc                nxt_motor_isr_C
 .text.nxt_motor_init
                0x00201a54       0x68 /cygdrive/C/cygwin/nxtOSEK/ecrobot/../ecrobot/libecrobot.a(nxt_motors.oram)
                0x00201a54                nxt_motor_init
 .text.data_abort_C
                0x00201abc       0x7c /cygdrive/C/cygwin/nxtOSEK/ecrobot/../ecrobot/libecrobot.a(data_abort.oram)
                0x00201abc                data_abort_C
 .text.display_update
                0x00201b38       0x14 /cygdrive/C/cygwin/nxtOSEK/ecrobot/../ecrobot/libecrobot.a(display.oram)
                0x00201b38                display_update
 .text.display_force_update
                0x00201b4c        0xc /cygdrive/C/cygwin/nxtOSEK/ecrobot/../ecrobot/libecrobot.a(display.oram)
                0x00201b4c                display_force_update
 .text.display_clear
                0x00201b58       0x24 /cygdrive/C/cygwin/nxtOSEK/ecrobot/../ecrobot/libecrobot.a(display.oram)
                0x00201b58                display_clear
 .text.display_goto_xy
                0x00201b7c       0x14 /cygdrive/C/cygwin/nxtOSEK/ecrobot/../ecrobot/libecrobot.a(display.oram)
                0x00201b7c                display_goto_xy
 .text.display_char
                0x00201b90       0x60 /cygdrive/C/cygwin/nxtOSEK/ecrobot/../ecrobot/libecrobot.a(display.oram)
                0x00201b90                display_char
 .text.display_string
                0x00201bf0       0x3c /cygdrive/C/cygwin/nxtOSEK/ecrobot/../ecrobot/libecrobot.a(display.oram)
                0x00201bf0                display_string
 .text.display_hex
                0x00201c2c       0x50 /cygdrive/C/cygwin/nxtOSEK/ecrobot/../ecrobot/libecrobot.a(display.oram)
                0x00201c2c                display_hex
 .text.display_unsigned_worker
                0x00201c7c       0x70 /cygdrive/C/cygwin/nxtOSEK/ecrobot/../ecrobot/libecrobot.a(display.oram)
 .text.display_unsigned
                0x00201cec        0xc /cygdrive/C/cygwin/nxtOSEK/ecrobot/../ecrobot/libecrobot.a(display.oram)
                0x00201cec                display_unsigned
 .text.display_int
                0x00201cf8       0x14 /cygdrive/C/cygwin/nxtOSEK/ecrobot/../ecrobot/libecrobot.a(display.oram)
                0x00201cf8                display_int
 .text.display_bitmap_copy
                0x00201d0c       0x5c /cygdrive/C/cygwin/nxtOSEK/ecrobot/../ecrobot/libecrobot.a(display.oram)
                0x00201d0c                display_bitmap_copy
 .text.display_init
                0x00201d68       0x50 /cygdrive/C/cygwin/nxtOSEK/ecrobot/../ecrobot/libecrobot.a(display.oram)
                0x00201d68                display_init
 .text.i2c_timer_isr_C
                0x00201db8      0x314 /cygdrive/C/cygwin/nxtOSEK/ecrobot/../ecrobot/libecrobot.a(i2c.oram)
                0x00201db8                i2c_timer_isr_C
 .text.i2c_disable
                0x002020cc       0x20 /cygdrive/C/cygwin/nxtOSEK/ecrobot/../ecrobot/libecrobot.a(i2c.oram)
                0x002020cc                i2c_disable
 .text.i2c_init
                0x002020ec       0xa4 /cygdrive/C/cygwin/nxtOSEK/ecrobot/../ecrobot/libecrobot.a(i2c.oram)
                0x002020ec                i2c_init
 .text.set_vol  0x00202190       0xa4 /cygdrive/C/cygwin/nxtOSEK/ecrobot/../ecrobot/libecrobot.a(sound.oram)
 .text.sound_fill_sample_buffer
                0x00202234       0xe4 /cygdrive/C/cygwin/nxtOSEK/ecrobot/../ecrobot/libecrobot.a(sound.oram)
                0x00202234                sound_fill_sample_buffer
 .text.sound_freq_vol
                0x00202318      0x1e4 /cygdrive/C/cygwin/nxtOSEK/ecrobot/../ecrobot/libecrobot.a(sound.oram)
                0x00202318                sound_freq_vol
 .text.sound_freq
                0x002024fc        0xc /cygdrive/C/cygwin/nxtOSEK/ecrobot/../ecrobot/libecrobot.a(sound.oram)
                0x002024fc                sound_freq
 .text.sound_init
                0x00202508       0xa0 /cygdrive/C/cygwin/nxtOSEK/ecrobot/../ecrobot/libecrobot.a(sound.oram)
                0x00202508                sound_init
 .text.sound_isr_C
                0x002025a8      0x144 /cygdrive/C/cygwin/nxtOSEK/ecrobot/../ecrobot/libecrobot.a(sound.oram)
                0x002025a8                sound_isr_C
 .text.bt_init  0x002026ec      0x1c0 /cygdrive/C/cygwin/nxtOSEK/ecrobot/../ecrobot/libecrobot.a(bt.oram)
                0x002026ec                bt_init
 .text.nxt_avr_power_down
                0x002028ac       0x10 /cygdrive/C/cygwin/nxtOSEK/ecrobot/../ecrobot/libecrobot.a(nxt_avr.oram)
                0x002028ac                nxt_avr_power_down
 .text.nxt_avr_link_init
                0x002028bc       0x20 /cygdrive/C/cygwin/nxtOSEK/ecrobot/../ecrobot/libecrobot.a(nxt_avr.oram)
                0x002028bc                nxt_avr_link_init
 .text.nxt_avr_init
                0x002028dc       0x6c /cygdrive/C/cygwin/nxtOSEK/ecrobot/../ecrobot/libecrobot.a(nxt_avr.oram)
                0x002028dc                nxt_avr_init
 .text.nxt_avr_1kHz_update
                0x00202948      0x1cc /cygdrive/C/cygwin/nxtOSEK/ecrobot/../ecrobot/libecrobot.a(nxt_avr.oram)
                0x00202948                nxt_avr_1kHz_update
 .text.buttons_get
                0x00202b14        0xc /cygdrive/C/cygwin/nxtOSEK/ecrobot/../ecrobot/libecrobot.a(nxt_avr.oram)
                0x00202b14                buttons_get
 .text.battery_voltage
                0x00202b20       0x28 /cygdrive/C/cygwin/nxtOSEK/ecrobot/../ecrobot/libecrobot.a(nxt_avr.oram)
                0x00202b20                battery_voltage
 .text.sensor_adc
                0x00202b48       0x20 /cygdrive/C/cygwin/nxtOSEK/ecrobot/../ecrobot/libecrobot.a(nxt_avr.oram)
                0x00202b48                sensor_adc
 .text.nxt_avr_set_motor
                0x00202b68       0x34 /cygdrive/C/cygwin/nxtOSEK/ecrobot/../ecrobot/libecrobot.a(nxt_avr.oram)
                0x00202b68                nxt_avr_set_motor
 .text.nxt_avr_set_input_power
                0x00202b9c       0x3c /cygdrive/C/cygwin/nxtOSEK/ecrobot/../ecrobot/libecrobot.a(nxt_avr.oram)
                0x00202b9c                nxt_avr_set_input_power
 .text.unset_digi0
                0x00202bd8       0x44 /cygdrive/C/cygwin/nxtOSEK/ecrobot/../ecrobot/libecrobot.a(sensors.oram)
                0x00202bd8                unset_digi0
 .text.unset_digi1
                0x00202c1c       0x44 /cygdrive/C/cygwin/nxtOSEK/ecrobot/../ecrobot/libecrobot.a(sensors.oram)
                0x00202c1c                unset_digi1
 .text.init_sensors
                0x00202c60       0x4c /cygdrive/C/cygwin/nxtOSEK/ecrobot/../ecrobot/libecrobot.a(sensors.oram)
                0x00202c60                init_sensors
 .text.set_digi0
                0x00202cac       0x44 /cygdrive/C/cygwin/nxtOSEK/ecrobot/../ecrobot/libecrobot.a(sensors.oram)
                0x00202cac                set_digi0
 .text.nxt_lcd_command
                0x00202cf0       0x18 /cygdrive/C/cygwin/nxtOSEK/ecrobot/../ecrobot/libecrobot.a(nxt_lcd.oram)
                0x00202cf0                nxt_lcd_command
 .text.nxt_lcd_set_col
                0x00202d08       0x24 /cygdrive/C/cygwin/nxtOSEK/ecrobot/../ecrobot/libecrobot.a(nxt_lcd.oram)
                0x00202d08                nxt_lcd_set_col
 .text.nxt_lcd_set_multiplex_rate
                0x00202d2c       0x18 /cygdrive/C/cygwin/nxtOSEK/ecrobot/../ecrobot/libecrobot.a(nxt_lcd.oram)
                0x00202d2c                nxt_lcd_set_multiplex_rate
 .text.nxt_lcd_set_page_address
                0x00202d44       0x18 /cygdrive/C/cygwin/nxtOSEK/ecrobot/../ecrobot/libecrobot.a(nxt_lcd.oram)
                0x00202d44                nxt_lcd_set_page_address
 .text.nxt_lcd_set_pot
                0x00202d5c       0x1c /cygdrive/C/cygwin/nxtOSEK/ecrobot/../ecrobot/libecrobot.a(nxt_lcd.oram)
                0x00202d5c                nxt_lcd_set_pot
 .text.nxt_lcd_set_ram_address_control
                0x00202d78       0x18 /cygdrive/C/cygwin/nxtOSEK/ecrobot/../ecrobot/libecrobot.a(nxt_lcd.oram)
                0x00202d78                nxt_lcd_set_ram_address_control
 .text.nxt_lcd_enable
                0x00202d90       0x14 /cygdrive/C/cygwin/nxtOSEK/ecrobot/../ecrobot/libecrobot.a(nxt_lcd.oram)
                0x00202d90                nxt_lcd_enable
 .text.nxt_lcd_set_map_control
                0x00202da4       0x18 /cygdrive/C/cygwin/nxtOSEK/ecrobot/../ecrobot/libecrobot.a(nxt_lcd.oram)
                0x00202da4                nxt_lcd_set_map_control
 .text.nxt_lcd_reset
                0x00202dbc        0xc /cygdrive/C/cygwin/nxtOSEK/ecrobot/../ecrobot/libecrobot.a(nxt_lcd.oram)
                0x00202dbc                nxt_lcd_reset
 .text.nxt_lcd_set_bias_ratio
                0x00202dc8       0x18 /cygdrive/C/cygwin/nxtOSEK/ecrobot/../ecrobot/libecrobot.a(nxt_lcd.oram)
                0x00202dc8                nxt_lcd_set_bias_ratio
 .text.nxt_lcd_force_update
                0x00202de0       0x30 /cygdrive/C/cygwin/nxtOSEK/ecrobot/../ecrobot/libecrobot.a(nxt_lcd.oram)
                0x00202de0                nxt_lcd_force_update
 .text.nxt_lcd_update
                0x00202e10        0xc /cygdrive/C/cygwin/nxtOSEK/ecrobot/../ecrobot/libecrobot.a(nxt_lcd.oram)
                0x00202e10                nxt_lcd_update
 .text.nxt_lcd_power_up
                0x00202e1c       0x48 /cygdrive/C/cygwin/nxtOSEK/ecrobot/../ecrobot/libecrobot.a(nxt_lcd.oram)
                0x00202e1c                nxt_lcd_power_up
 .text.nxt_lcd_power_down
                0x00202e64        0xc /cygdrive/C/cygwin/nxtOSEK/ecrobot/../ecrobot/libecrobot.a(nxt_lcd.oram)
                0x00202e64                nxt_lcd_power_down
 .text.nxt_lcd_init
                0x00202e70       0x18 /cygdrive/C/cygwin/nxtOSEK/ecrobot/../ecrobot/libecrobot.a(nxt_lcd.oram)
                0x00202e70                nxt_lcd_init
 .text.verify_flash_page
                0x00202e88       0x34 /cygdrive/C/cygwin/nxtOSEK/ecrobot/../ecrobot/libecrobot.a(flash_loader.oram)
 .text.set_flash_request
                0x00202ebc       0x38 /cygdrive/C/cygwin/nxtOSEK/ecrobot/../ecrobot/libecrobot.a(flash_loader.oram)
                0x00202ebc                set_flash_request
 .text.nxt_device_init
                0x00202ef4       0x38 /cygdrive/C/cygwin/nxtOSEK/ecrobot/../ecrobot/libecrobot.a(flash_loader.oram)
                0x00202ef4                nxt_device_init
 .text          0x00202f2c       0x68 /cygdrive/C/cygwin/nxtOSEK/ecrobot/../ecrobot/libecrobot.a(interrupts.oram)
                0x00202f84                fiq_enable
                0x00202f2c                interrupts_get_and_disable
                0x00202f60                fiq_get_and_disable
                0x00202f50                interrupts_enable
 .text.flash_write_page
                0x00202f94       0xc0 /cygdrive/C/cygwin/nxtOSEK/ecrobot/../ecrobot/libecrobot.a(flashprog.oram)
                0x00202f94                flash_write_page
                0x00203060                . = ALIGN (0x10)
 *fill*         0x00203054        0xc 00
 *.oram(*.rodata *.rodata.*)
 .rodata.ld     0x00203060        0x4 /cygdrive/C/cygwin/nxtOSEK/ecrobot/../ecrobot/libecrobot.a(udp.oram)
 .rodata.cfd    0x00203064       0x20 /cygdrive/C/cygwin/nxtOSEK/ecrobot/../ecrobot/libecrobot.a(udp.oram)
 .rodata.dd     0x00203084       0x12 /cygdrive/C/cygwin/nxtOSEK/ecrobot/../ecrobot/libecrobot.a(udp.oram)
 *fill*         0x00203096        0x2 00
 .rodata.str1.4
                0x00203098       0x22 /cygdrive/C/cygwin/nxtOSEK/ecrobot/../ecrobot/libecrobot.a(data_abort.oram)
                                 0x24 (size before relaxing)
 .rodata.font   0x002030ba      0x280 /cygdrive/C/cygwin/nxtOSEK/ecrobot/../ecrobot/libecrobot.a(display.oram)
 *fill*         0x0020333a        0x2 00
 .rodata.str1.4
                0x0020333c       0x76 /cygdrive/C/cygwin/nxtOSEK/ecrobot/../ecrobot/libecrobot.a(display.oram)
                                 0x78 (size before relaxing)
 *fill*         0x002033b2        0x2 00
 .rodata.i2c_pin
                0x002033b4       0x20 /cygdrive/C/cygwin/nxtOSEK/ecrobot/../ecrobot/libecrobot.a(i2c.oram)
 .rodata.i2c_timer_isr_C
                0x002033d4       0x38 /cygdrive/C/cygwin/nxtOSEK/ecrobot/../ecrobot/libecrobot.a(i2c.oram)
 .rodata.logvol
                0x0020340c        0xc /cygdrive/C/cygwin/nxtOSEK/ecrobot/../ecrobot/libecrobot.a(sound.oram)
                0x0020340c                logvol
 .rodata.silence
                0x00203418       0x40 /cygdrive/C/cygwin/nxtOSEK/ecrobot/../ecrobot/libecrobot.a(sound.oram)
                0x00203418                silence
 .rodata.sine   0x00203458       0x10 /cygdrive/C/cygwin/nxtOSEK/ecrobot/../ecrobot/libecrobot.a(sound.oram)
                0x00203458                sine
 .rodata.sample_pattern
                0x00203468       0x84 /cygdrive/C/cygwin/nxtOSEK/ecrobot/../ecrobot/libecrobot.a(sound.oram)
                0x00203468                sample_pattern
 .rodata        0x002034ec        0xc /cygdrive/C/cygwin/nxtOSEK/ecrobot/../ecrobot/libecrobot.a(sound.oram)
 .rodata.avr_brainwash_string
                0x002034f8       0x30 /cygdrive/C/cygwin/nxtOSEK/ecrobot/../ecrobot/libecrobot.a(nxt_avr.oram)
                0x002034f8                avr_brainwash_string
 .rodata.nxt_avr_1kHz_update
                0x00203528       0x14 /cygdrive/C/cygwin/nxtOSEK/ecrobot/../ecrobot/libecrobot.a(nxt_avr.oram)
 .rodata.C.33.1823
                0x0020353c       0x10 /cygdrive/C/cygwin/nxtOSEK/ecrobot/../ecrobot/libecrobot.a(sensors.oram)
 .rodata.C.37.1857
                0x0020354c       0x10 /cygdrive/C/cygwin/nxtOSEK/ecrobot/../ecrobot/libecrobot.a(sensors.oram)
 .rodata.C.31.1806
                0x0020355c       0x10 /cygdrive/C/cygwin/nxtOSEK/ecrobot/../ecrobot/libecrobot.a(sensors.oram)
 .rodata.str1.4
                0x0020356c       0x23 /cygdrive/C/cygwin/nxtOSEK/ecrobot/../ecrobot/libecrobot.a(flash_loader.oram)
                                 0x24 (size before relaxing)
                0x00203590                . = ALIGN (0x10)
 *fill*         0x0020358f        0x1 00
                0x00200300                __ramtext_ram_start__ = ADDR (.ram_text)
                0x00203590                __ramtext_ram_end__ = (ADDR (.ram_text) + SIZEOF (.ram_text))
                0x00200300                __ramtext_load_start__ = LOADADDR (.ram_text)
                0x00203590                __ramtext_load_end__ = (__ramtext_load_start__ + SIZEOF (.ram_text))

.wav_data       0x00203590        0x0
 *.owav(*.data *.data.*)
                0x00203590                . = ALIGN (0x10)

.bmp_data       0x00203590      0x440
 *.obmp(*.data *.data.*)
 .data          0x00203590      0x43e /cygdrive/C/cygwin/nxtOSEK/ecrobot/../ecrobot/libecrobot.a(nxtosek_splash.obmp)
                0x00203590                nxtosek_splash_bmp_start
                0x002039ce                nxtosek_splash_bmp_end
                0x002039d0                . = ALIGN (0x10)
 *fill*         0x002039ce        0x2 00

.spr_data       0x002039d0        0x0
 *.ospr(*.data *.data.*)
                0x002039d0                . = ALIGN (0x10)

.data           0x002039d0      0x880
 *(*.data *.data.*)
 .data.bt_status
                0x002039d0        0x1 build/ecrobot_bluetooth.o
 *fill*         0x002039d1        0x3 00
 .data.distance_state
                0x002039d4       0x10 /cygdrive/C/cygwin/nxtOSEK/ecrobot/../ecrobot/libecrobot.a(ecrobot_interface.o)
 .data.deviceStatus
                0x002039e4        0x1 /cygdrive/C/cygwin/nxtOSEK/ecrobot/../ecrobot/libecrobot.a(ecrobot_interface.o)
 .data.named    0x002039e5       0x22 /cygdrive/C/cygwin/nxtOSEK/ecrobot/../ecrobot/libecrobot.a(udp.oram)
 .data.snd      0x00203a07       0x1a /cygdrive/C/cygwin/nxtOSEK/ecrobot/../ecrobot/libecrobot.a(udp.oram)
 *fill*         0x00203a21        0x3 00
 .data.configured
                0x00203a24        0x4 /cygdrive/C/cygwin/nxtOSEK/ecrobot/../ecrobot/libecrobot.a(udp.oram)
 .data.mode     0x00203a28        0x1 /cygdrive/C/cygwin/nxtOSEK/ecrobot/../ecrobot/libecrobot.a(nxt_spi.oram)
                0x00203a28                mode
 *fill*         0x00203a29        0x3 00
 .bss.data      0x00203a2c        0x4 /cygdrive/C/cygwin/nxtOSEK/ecrobot/../ecrobot/libecrobot.a(nxt_spi.oram)
                0x00203a2c                data
 .data.display_auto_update
                0x00203a30        0x4 /cygdrive/C/cygwin/nxtOSEK/ecrobot/../ecrobot/libecrobot.a(display.oram)
                0x00203a30                display_auto_update
 .data.display_buffer
                0x00203a34        0x4 /cygdrive/C/cygwin/nxtOSEK/ecrobot/../ecrobot/libecrobot.a(display.oram)
 .data          0x00203a38      0x410 /cygdrive/C/cygwin/GNUARM/bin/../lib/gcc/arm-elf/4.0.2/../../../../arm-elf/lib/thumb/interwork/libc.a(mallocr.o)
                0x00203a38                __malloc_sbrk_base
                0x00203a40                __malloc_av_
                0x00203a3c                __malloc_trim_threshold
 .data          0x00203e48      0x404 /cygdrive/C/cygwin/GNUARM/bin/../lib/gcc/arm-elf/4.0.2/../../../../arm-elf/lib/thumb/interwork/libc.a(impure.o)
                0x00204248                _impure_ptr
                0x00204250                . = ALIGN (0x10)
 *fill*         0x0020424c        0x4 00
                0x002039d0                __data_ram_start__ = ADDR (.data)
                0x00204250                __data_ram_end__ = (ADDR (.data) + SIZEOF (.data))
                0x002039d0                __data_load_start__ = LOADADDR (.data)
                0x00204250                __data_load_end__ = (__data_load_start__ + SIZEOF (.data))

.text           0x00204250     0x4510
                0x00204250                . = ALIGN (0x10)
 *(*.text *.text.* *.glue*)
 .text.StartOS  0x00204250       0x58 build/kernel/osctl.o
                0x00204250                StartOS
 .text.ShutdownOS
                0x002042a8       0x4c build/kernel/osctl.o
                0x002042a8                ShutdownOS
 .text.call_pretaskhook
                0x002042f4       0x24 build/kernel/osctl.o
                0x002042f4                call_pretaskhook
 .text.call_errorhook
                0x00204318       0x78 build/kernel/osctl.o
                0x00204318                call_errorhook
 .text.call_posttaskhook
                0x00204390       0x24 build/kernel/osctl.o
                0x00204390                call_posttaskhook
 .text.search_schedtsk
                0x002043b4       0x94 build/kernel/task.o
                0x002043b4                search_schedtsk
 .text.make_runnable
                0x00204448       0xac build/kernel/task.o
                0x00204448                make_runnable
 .text.make_active
                0x002044f4       0x78 build/kernel/task.o
                0x002044f4                make_active
 .text.task_initialize
                0x0020456c       0x90 build/kernel/task.o
                0x0020456c                task_initialize
 .text.TerminateTask
                0x002045fc       0x74 build/kernel/task_manage.o
                0x002045fc                TerminateTask
 .text.cpu_initialize
                0x00204670        0x4 build/config/at91sam7s-gnu/cpu_config.o
                0x00204670                cpu_initialize
 .text.cpu_terminate
                0x00204674        0x4 build/config/at91sam7s-gnu/cpu_config.o
                0x00204674                cpu_terminate
 .text.sys_initialize
                0x00204678        0x4 build/config/at91sam7s-gnu/lego_nxt/sys_config.o
                0x00204678                sys_initialize
 .text.sys_exit
                0x0020467c        0x4 build/config/at91sam7s-gnu/lego_nxt/sys_config.o
                0x0020467c                sys_exit
 .text.object_initialize
                0x00204680        0xc build/./kernel_cfg.o
                0x00204680                object_initialize
 .text._sbrk_r  0x0020468c       0x1c build/syscalls.o
                0x0020468c                _sbrk_r
 .text.ecrobot_get_bt_status
                0x002046a8       0x10 build/ecrobot_bluetooth.o
                0x002046a8                ecrobot_get_bt_status
 .text.init_OS_flag
                0x002046b8        0xc build/ecrobot_base.o
                0x002046b8                init_OS_flag
 .text.set_OS_flag
                0x002046c4        0xc build/ecrobot_base.o
                0x002046c4                set_OS_flag
 .text.get_OS_flag
                0x002046d0        0xc build/ecrobot_base.o
                0x002046d0                get_OS_flag
 .text.cpp_constructor
                0x002046dc       0x28 build/ecrobot_base.o
                0x002046dc                cpp_constructor
 .text.cpp_destructor
                0x00204704       0x28 build/ecrobot_base.o
                0x00204704                cpp_destructor
 .text.execution_mode
                0x0020472c       0x24 build/ecrobot_base.o
                0x0020472c                execution_mode
 .text.show_main_screen
                0x00204750       0x48 build/ecrobot_base.o
                0x00204750                show_main_screen
 .text.display_status_bar
                0x00204798       0x5c build/ecrobot_base.o
                0x00204798                display_status_bar
 .text.check_NXT_buttons
                0x002047f4       0x7c build/ecrobot_base.o
                0x002047f4                check_NXT_buttons
 .text.add_status_info
                0x00204870       0x68 build/ecrobot_base.o
                0x00204870                add_status_info
 .text.show_splash_screen
                0x002048d8       0x90 build/ecrobot_base.o
                0x002048d8                show_splash_screen
 .text.main     0x00204968      0x108 build/ecrobot.o
                0x00204968                main
 .text.user_1ms_isr_type2
                0x00204a70        0x4 build/src/main.o
                0x00204a70                user_1ms_isr_type2
 .text.ecrobot_device_initialize
                0x00204a74        0x4 build/src/main.o
                0x00204a74                ecrobot_device_initialize
 .text.ecrobot_device_terminate
                0x00204a78        0x4 build/src/main.o
                0x00204a78                ecrobot_device_terminate
 .text.getCurrentOrientation
                0x00204a7c        0xc build/src/main.o
                0x00204a7c                getCurrentOrientation
 .text.setCurrentOrientation
                0x00204a88        0xc build/src/main.o
                0x00204a88                setCurrentOrientation
 .text.endRobot
                0x00204a94       0x1c build/src/main.o
                0x00204a94                endRobot
 .text.initRobot
                0x00204ab0       0x20 build/src/main.o
                0x00204ab0                initRobot
 .text.TaskMainOSEK_Main_Task
                0x00204ad0       0x58 build/src/main.o
                0x00204ad0                TaskMainOSEK_Main_Task
 .text.printString
                0x00204b28        0x4 build/src/types.o
                0x00204b28                printString
 .text.oring    0x00204b2c       0x58 build/src/directions.o
                0x00204b2c                oring
 .text.getOppositeOrientation
                0x00204b84       0x1c build/src/directions.o
                0x00204b84                getOppositeOrientation
 .text.faultTolerant
                0x00204ba0       0xc4 build/src/directions.o
                0x00204ba0                faultTolerant
 .text.scan360  0x00204c64      0x148 build/src/directions.o
                0x00204c64                scan360
 .text.calculatethreshold
                0x00204dac        0xc build/src/lightsensor.o
                0x00204dac                calculatethreshold
 .text.calibration
                0x00204db8       0x4c build/src/lightsensor.o
                0x00204db8                calibration
 .text.getThreshold
                0x00204e04        0xc build/src/lightsensor.o
                0x00204e04                getThreshold
 .text.lightsensor
                0x00204e10       0x20 build/src/lightsensor.o
                0x00204e10                lightsensor
 .text.stop     0x00204e30       0x1c build/src/movements.o
                0x00204e30                stop
 .text.forward  0x00204e4c       0x58 build/src/movements.o
                0x00204e4c                forward
 .text.getCount
                0x00204ea4       0x38 build/src/movements.o
                0x00204ea4                getCount
 .text.turnAndScan
                0x00204edc      0x138 build/src/movements.o
                0x00204edc                turnAndScan
 .text.findToken
                0x00205014       0x40 build/src/movements.o
                0x00205014                findToken
 .text.getBlack
                0x00205054      0x13c build/src/movements.o
                0x00205054                getBlack
 .text.linescan
                0x00205190       0xa4 build/src/movements.o
                0x00205190                linescan
 .text.movenodetonode
                0x00205234       0xdc build/src/movements.o
                0x00205234                movenodetonode
 .text.halfAntiClockwise
                0x00205310       0x8c build/src/movements.o
                0x00205310                halfAntiClockwise
 .text.halfClockwise
                0x0020539c       0x8c build/src/movements.o
                0x0020539c                halfClockwise
 .text.calcTurnOrientation
                0x00205428       0x28 build/src/RobotHandler.o
                0x00205428                calcTurnOrientation
 .text.findTurnFlag
                0x00205450       0x7c build/src/RobotHandler.o
                0x00205450                findTurnFlag
 .text.Robot_GetIntersections
                0x002054cc        0xc build/src/RobotHandler.o
                0x002054cc                Robot_GetIntersections
 .text.Robot_Move
                0x002054d8       0xa4 build/src/RobotHandler.o
                0x002054d8                Robot_Move
 .text.endHandler
                0x0020557c       0x84 build/src/RobotHandler.o
                0x0020557c                endHandler
 .text.checkToken
                0x00205600       0x20 build/src/algo/Algo.o
                0x00205600                checkToken
 .text.initRobotAlgo
                0x00205620       0x44 build/src/algo/Algo.o
                0x00205620                initRobotAlgo
 .text.getCurretnNode
                0x00205664        0xc build/src/algo/Algo.o
                0x00205664                getCurretnNode
 .text.setCurrentNode
                0x00205670        0xc build/src/algo/Algo.o
                0x00205670                setCurrentNode
 .text.checkAndMoveWest
                0x0020567c       0xe0 build/src/algo/Algo.o
                0x0020567c                checkAndMoveWest
 .text.checkAndMoveNorth
                0x0020575c      0x100 build/src/algo/Algo.o
                0x0020575c                checkAndMoveNorth
 .text.checkAndMoveEast
                0x0020585c      0x110 build/src/algo/Algo.o
                0x0020585c                checkAndMoveEast
 .text.checkAndMoveSouth
                0x0020596c      0x11c build/src/algo/Algo.o
                0x0020596c                checkAndMoveSouth
 .text.reviewWest
                0x00205a88       0x54 build/src/algo/Algo.o
                0x00205a88                reviewWest
 .text.reviewNorth
                0x00205adc       0x54 build/src/algo/Algo.o
                0x00205adc                reviewNorth
 .text.reviewEast
                0x00205b30       0x54 build/src/algo/Algo.o
                0x00205b30                reviewEast
 .text.reviewSouth
                0x00205b84       0x54 build/src/algo/Algo.o
                0x00205b84                reviewSouth
 .text.reviewNeighbours
                0x00205bd8       0x54 build/src/algo/Algo.o
                0x00205bd8                reviewNeighbours
 .text.startRobotAlgo
                0x00205c2c      0x150 build/src/algo/Algo.o
                0x00205c2c                startRobotAlgo
 .text.createAStarNode
                0x00205d7c       0x20 build/src/algo/AStarNode.o
                0x00205d7c                createAStarNode
 .text.setCameFromPtr
                0x00205d9c        0x8 build/src/algo/AStarNode.o
                0x00205d9c                setCameFromPtr
 .text.setGScore
                0x00205da4        0x4 build/src/algo/AStarNode.o
                0x00205da4                setGScore
 .text.setFScore
                0x00205da8        0x8 build/src/algo/AStarNode.o
                0x00205da8                setFScore
 .text.createAStarListNode
                0x00205db0       0x18 build/src/algo/AStarNode.o
                0x00205db0                createAStarListNode
 .text.createAStarList
                0x00205dc8       0x18 build/src/algo/AStarNode.o
                0x00205dc8                createAStarList
 .text.isAStarListEmpty
                0x00205de0       0x10 build/src/algo/AStarNode.o
                0x00205de0                isAStarListEmpty
 .text.searchNeighbourInAStarList
                0x00205df0       0x14 build/src/algo/AStarNode.o
                0x00205df0                searchNeighbourInAStarList
 .text.addToEndAStarList
                0x00205e04       0x44 build/src/algo/AStarNode.o
                0x00205e04                addToEndAStarList
 .text.destroyAStarList
                0x00205e48       0x30 build/src/algo/AStarNode.o
                0x00205e48                destroyAStarList
 .text.removeFromAStarList
                0x00205e78       0x5c build/src/algo/AStarNode.o
                0x00205e78                removeFromAStarList
 .text.setAllInfoAStarNode
                0x00205ed4       0x20 build/src/algo/AStarNode.o
                0x00205ed4                setAllInfoAStarNode
 .text.heuristicEstimate
                0x00205ef4       0x70 build/src/algo/AStarPathFinder.o
                0x00205ef4                heuristicEstimate
 .text.reconstructPath
                0x00205f64       0x24 build/src/algo/AStarPathFinder.o
                0x00205f64                reconstructPath
 .text.processAStarPath
                0x00205f88       0x4c build/src/algo/AStarPathFinder.o
                0x00205f88                processAStarPath
 .text.aStarPathFinder
                0x00205fd4      0x148 build/src/algo/AStarPathFinder.o
                0x00205fd4                aStarPathFinder
 .text.setNeighbourNodes
                0x0020611c       0x48 build/src/algo/DeadEndHandler.o
                0x0020611c                setNeighbourNodes
 .text.checkAndMoveFromDeadEnd
                0x00206164       0x58 build/src/algo/DeadEndHandler.o
                0x00206164                checkAndMoveFromDeadEnd
 .text.getOriginNode
                0x002061bc       0x28 build/src/algo/MazeArray.o
                0x002061bc                getOriginNode
 .text.searchMazeArray
                0x002061e4       0x68 build/src/algo/MazeArray.o
                0x002061e4                searchMazeArray
 .text.setMazeArrayElement
                0x0020624c       0x64 build/src/algo/MazeArray.o
                0x0020624c                setMazeArrayElement
 .text.getLastUncoveredNode
                0x002062b0       0x38 build/src/algo/MazeArray.o
                0x002062b0                getLastUncoveredNode
 .text.getAvailableDirections
                0x002062e8        0x4 build/src/algo/Node.o
                0x002062e8                getAvailableDirections
 .text.getUnCoveredDirections
                0x002062ec        0x4 build/src/algo/Node.o
                0x002062ec                getUnCoveredDirections
 .text.setNodeCoordinates
                0x002062f0        0x8 build/src/algo/Node.o
                0x002062f0                setNodeCoordinates
 .text.getNodeCoordinates
                0x002062f8        0xc build/src/algo/Node.o
                0x002062f8                getNodeCoordinates
 .text.setAvailableDirections
                0x00206304        0x8 build/src/algo/Node.o
                0x00206304                setAvailableDirections
 .text.setNorthNode
                0x0020630c       0x10 build/src/algo/Node.o
                0x0020630c                setNorthNode
 .text.setSouthNode
                0x0020631c       0x10 build/src/algo/Node.o
                0x0020631c                setSouthNode
 .text.setEastNode
                0x0020632c       0x10 build/src/algo/Node.o
                0x0020632c                setEastNode
 .text.setWestNode
                0x0020633c       0x10 build/src/algo/Node.o
                0x0020633c                setWestNode
 .text.createNeighbourListNode
                0x0020634c       0x18 build/src/algo/Node.o
                0x0020634c                createNeighbourListNode
 .text.createNeghbourList
                0x00206364       0x18 build/src/algo/Node.o
                0x00206364                createNeghbourList
 .text.isNeighbourListEmpty
                0x0020637c       0x10 build/src/algo/Node.o
                0x0020637c                isNeighbourListEmpty
 .text.addToFrontNeighbourList
                0x0020638c       0x44 build/src/algo/Node.o
                0x0020638c                addToFrontNeighbourList
 .text.addToEndNeighbourList
                0x002063d0       0x44 build/src/algo/Node.o
                0x002063d0                addToEndNeighbourList
 .text.destroyNeighbourList
                0x00206414       0x28 build/src/algo/Node.o
                0x00206414                destroyNeighbourList
 .text.getNeighbourList
                0x0020643c       0x64 build/src/algo/Node.o
                0x0020643c                getNeighbourList
 .text.setCoveredDirection
                0x002064a0       0x2c build/src/algo/Node.o
                0x002064a0                setCoveredDirection
 .text.getAvailableDirectionsFlag
                0x002064cc       0x20 build/src/algo/Node.o
                0x002064cc                getAvailableDirectionsFlag
 .text.getUncoveredDirectionsFlag
                0x002064ec       0x20 build/src/algo/Node.o
                0x002064ec                getUncoveredDirectionsFlag
 .text.ecrobot_set_motor_speed
                0x0020650c       0x14 /cygdrive/C/cygwin/nxtOSEK/ecrobot/../ecrobot/libecrobot.a(ecrobot_interface.o)
                0x0020650c                ecrobot_set_motor_speed
 .text.ecrobot_get_motor_rev
                0x00206520       0x10 /cygdrive/C/cygwin/nxtOSEK/ecrobot/../ecrobot/libecrobot.a(ecrobot_interface.o)
                0x00206520                ecrobot_get_motor_rev
 .text.ecrobot_set_light_sensor_active
                0x00206530       0x10 /cygdrive/C/cygwin/nxtOSEK/ecrobot/../ecrobot/libecrobot.a(ecrobot_interface.o)
                0x00206530                ecrobot_set_light_sensor_active
 .text.ecrobot_get_light_sensor
                0x00206540       0x14 /cygdrive/C/cygwin/nxtOSEK/ecrobot/../ecrobot/libecrobot.a(ecrobot_interface.o)
                0x00206540                ecrobot_get_light_sensor
 .text.ecrobot_get_touch_sensor
                0x00206554       0x20 /cygdrive/C/cygwin/nxtOSEK/ecrobot/../ecrobot/libecrobot.a(ecrobot_interface.o)
                0x00206554                ecrobot_get_touch_sensor
 .text.getDistance
                0x00206574       0x20 /cygdrive/C/cygwin/nxtOSEK/ecrobot/../ecrobot/libecrobot.a(ecrobot_interface.o)
 .text.ecrobot_get_battery_voltage
                0x00206594        0xc /cygdrive/C/cygwin/nxtOSEK/ecrobot/../ecrobot/libecrobot.a(ecrobot_interface.o)
                0x00206594                ecrobot_get_battery_voltage
 .text.ecrobot_get_button_state
                0x002065a0        0xc /cygdrive/C/cygwin/nxtOSEK/ecrobot/../ecrobot/libecrobot.a(ecrobot_interface.o)
                0x002065a0                ecrobot_get_button_state
 .text.ecrobot_init_nxtstate
                0x002065ac       0x28 /cygdrive/C/cygwin/nxtOSEK/ecrobot/../ecrobot/libecrobot.a(ecrobot_interface.o)
                0x002065ac                ecrobot_init_nxtstate
 .text.ecrobot_poll_nxtstate
                0x002065d4       0x64 /cygdrive/C/cygwin/nxtOSEK/ecrobot/../ecrobot/libecrobot.a(ecrobot_interface.o)
                0x002065d4                ecrobot_poll_nxtstate
 .text.ecrobot_setDeviceInitialized
                0x00206638       0x14 /cygdrive/C/cygwin/nxtOSEK/ecrobot/../ecrobot/libecrobot.a(ecrobot_interface.o)
                0x00206638                ecrobot_setDeviceInitialized
 .text.ecrobot_bmp2lcd
                0x0020664c      0x1c8 /cygdrive/C/cygwin/nxtOSEK/ecrobot/../ecrobot/libecrobot.a(ecrobot_interface.o)
                0x0020664c                ecrobot_bmp2lcd
 .text.ecrobot_show_int
                0x00206814       0x30 /cygdrive/C/cygwin/nxtOSEK/ecrobot/../ecrobot/libecrobot.a(ecrobot_interface.o)
                0x00206814                ecrobot_show_int
 .text.ecrobot_debug1
                0x00206844       0x68 /cygdrive/C/cygwin/nxtOSEK/ecrobot/../ecrobot/libecrobot.a(ecrobot_interface.o)
                0x00206844                ecrobot_debug1
 .text.ecrobot_status_monitor
                0x002068ac      0x138 /cygdrive/C/cygwin/nxtOSEK/ecrobot/../ecrobot/libecrobot.a(ecrobot_interface.o)
                0x002068ac                ecrobot_status_monitor
 .text.StartupHook
                0x002069e4        0x4 /cygdrive/C/cygwin/nxtOSEK/ecrobot/../ecrobot/libecrobot.a(osek_hook.o)
                0x002069e4                StartupHook
 .text.PreTaskHook
                0x002069e8        0x4 /cygdrive/C/cygwin/nxtOSEK/ecrobot/../ecrobot/libecrobot.a(osek_hook.o)
                0x002069e8                PreTaskHook
 .text.PostTaskHook
                0x002069ec        0x4 /cygdrive/C/cygwin/nxtOSEK/ecrobot/../ecrobot/libecrobot.a(osek_hook.o)
                0x002069ec                PostTaskHook
 .text.ErrorHook
                0x002069f0        0x4 /cygdrive/C/cygwin/nxtOSEK/ecrobot/../ecrobot/libecrobot.a(osek_hook.o)
                0x002069f0                ErrorHook
 .text.ShutdownHook
                0x002069f4        0x4 /cygdrive/C/cygwin/nxtOSEK/ecrobot/../ecrobot/libecrobot.a(osek_hook.o)
                0x002069f4                ShutdownHook
 .text          0x002069f8       0x8c /cygdrive/C/cygwin/GNUARM/bin/../lib/gcc/arm-elf/4.0.2/thumb/interwork/libgcc.a(_udivsi3.o)
                0x002069f8                __udivsi3
                0x00206a74                __aeabi_uidivmod
 .text          0x00206a84       0xa4 /cygdrive/C/cygwin/GNUARM/bin/../lib/gcc/arm-elf/4.0.2/thumb/interwork/libgcc.a(_divsi3.o)
                0x00206a84                __divsi3
                0x00206b18                __aeabi_idivmod
 .text          0x00206b28       0xc8 /cygdrive/C/cygwin/GNUARM/bin/../lib/gcc/arm-elf/4.0.2/thumb/interwork/libgcc.a(_umodsi3.o)
                0x00206b28                __umodsi3
 .text          0x00206bf0       0xd8 /cygdrive/C/cygwin/GNUARM/bin/../lib/gcc/arm-elf/4.0.2/thumb/interwork/libgcc.a(_modsi3.o)
                0x00206bf0                __modsi3
 .text          0x00206cc8        0x4 /cygdrive/C/cygwin/GNUARM/bin/../lib/gcc/arm-elf/4.0.2/thumb/interwork/libgcc.a(_dvmd_tls.o)
                0x00206cc8                __aeabi_ldiv0
                0x00206cc8                __div0
                0x00206cc8                __aeabi_idiv0
 .text          0x00206ccc      0x430 /cygdrive/C/cygwin/GNUARM/bin/../lib/gcc/arm-elf/4.0.2/thumb/interwork/libgcc.a(_addsubdf3.o)
                0x00207090                __floatdidf
                0x00207010                __floatsidf
                0x00206fe8                __aeabi_ui2d
                0x00206ccc                __aeabi_drsub
                0x0020703c                __extendsfdf2
                0x00206cd8                __adddf3
                0x00206fe8                __floatunsidf
                0x00206cd8                __aeabi_dadd
                0x0020707c                __aeabi_ul2d
                0x00206cd4                __aeabi_dsub
                0x0020707c                __floatundidf
                0x00207010                __aeabi_i2d
                0x00207090                __aeabi_l2d
                0x0020703c                __aeabi_f2d
                0x00206cd4                __subdf3
 .text          0x002070fc      0x49c /cygdrive/C/cygwin/GNUARM/bin/../lib/gcc/arm-elf/4.0.2/thumb/interwork/libgcc.a(_muldivdf3.o)
                0x0020738c                __aeabi_ddiv
                0x002070fc                __aeabi_dmul
                0x0020738c                __divdf3
                0x002070fc                __muldf3
 .text          0x00207598       0x5c /cygdrive/C/cygwin/GNUARM/bin/../lib/gcc/arm-elf/4.0.2/thumb/interwork/libgcc.a(_fixdfsi.o)
                0x00207598                __fixdfsi
                0x00207598                __aeabi_d2iz
 .text          0x002075f4      0x2ac /cygdrive/C/cygwin/GNUARM/bin/../lib/gcc/arm-elf/4.0.2/thumb/interwork/libgcc.a(_addsubsf3.o)
                0x00207600                __aeabi_fadd
                0x002075fc                __subsf3
                0x002077c4                __aeabi_i2f
                0x002075fc                __aeabi_fsub
                0x002077f4                __floatdisf
                0x002077c4                __floatsisf
                0x002077e4                __floatundisf
                0x002077bc                __aeabi_ui2f
                0x002077f4                __aeabi_l2f
                0x002077e4                __aeabi_ul2f
                0x002075f4                __aeabi_frsub
                0x002077bc                __floatunsisf
                0x00207600                __addsf3
 .text          0x002078a0      0x2f8 /cygdrive/C/cygwin/GNUARM/bin/../lib/gcc/arm-elf/4.0.2/thumb/interwork/libgcc.a(_muldivsf3.o)
                0x00207a38                __divsf3
                0x00207a38                __aeabi_fdiv
                0x002078a0                __mulsf3
                0x002078a0                __aeabi_fmul
 .text          0x00207b98       0x5c /cygdrive/C/cygwin/GNUARM/bin/../lib/gcc/arm-elf/4.0.2/thumb/interwork/libgcc.a(_fixsfsi.o)
                0x00207b98                __fixsfsi
                0x00207b98                __aeabi_f2iz
 .text          0x00207bf4        0xc /cygdrive/C/cygwin/GNUARM/bin/../lib/gcc/arm-elf/4.0.2/../../../../arm-elf/lib/thumb/interwork/libc.a(abs.o)
                0x00207bf4                abs
 .text          0x00207c00       0x28 /cygdrive/C/cygwin/GNUARM/bin/../lib/gcc/arm-elf/4.0.2/../../../../arm-elf/lib/thumb/interwork/libc.a(malloc.o)
                0x00207c00                malloc
                0x00207c14                free
 .text          0x00207c28      0x548 /cygdrive/C/cygwin/GNUARM/bin/../lib/gcc/arm-elf/4.0.2/../../../../arm-elf/lib/thumb/interwork/libc.a(mallocr.o)
                0x00207c28                _malloc_r
 .text          0x00208170       0x68 /cygdrive/C/cygwin/GNUARM/bin/../lib/gcc/arm-elf/4.0.2/../../../../arm-elf/lib/thumb/interwork/libc.a(memset.o)
                0x00208170                memset
 .text          0x002081d8        0x8 /cygdrive/C/cygwin/GNUARM/bin/../lib/gcc/arm-elf/4.0.2/../../../../arm-elf/lib/thumb/interwork/libc.a(mlock.o)
                0x002081dc                __malloc_unlock
                0x002081d8                __malloc_lock
 .text          0x002081e0       0x60 /cygdrive/C/cygwin/GNUARM/bin/../lib/gcc/arm-elf/4.0.2/../../../../arm-elf/lib/thumb/interwork/libc.a(strcpy.o)
                0x002081e0                strcpy
 .text          0x00208240       0x48 /cygdrive/C/cygwin/GNUARM/bin/../lib/gcc/arm-elf/4.0.2/../../../../arm-elf/lib/thumb/interwork/libc.a(strlen.o)
                0x00208240                strlen
 .text          0x00208288      0x260 /cygdrive/C/cygwin/GNUARM/bin/../lib/gcc/arm-elf/4.0.2/../../../../arm-elf/lib/thumb/interwork/libc.a(freer.o)
                0x00208328                _free_r
                0x00208288                _malloc_trim_r
 .glue_7        0x002084e8       0x30 /cygdrive/C/cygwin/GNUARM/bin/../lib/gcc/arm-elf/4.0.2/../../../../arm-elf/lib/thumb/interwork/libc.a(freer.o)
                0x00208500                __call_posttaskhook_from_arm
                0x002084e9                __ecrobot_debug1_from_arm
                0x002084f5                __ecrobot_debug2_from_arm
                0x0020850c                __call_pretaskhook_from_arm
 .glue_7t       0x00208518       0xa8 /cygdrive/C/cygwin/GNUARM/bin/../lib/gcc/arm-elf/4.0.2/../../../../arm-elf/lib/thumb/interwork/libc.a(freer.o)
                0x00208544                __start_change_to_arm
                0x002085a8                __interrupts_get_and_disable_from_thumb
                0x002085a1                ____gtdf2_from_thumb
                0x00208538                __exit_and_dispatch_from_thumb
                0x00208598                ____divsf3_from_thumb
                0x0020858c                ____fixsfsi_change_to_arm
                0x00208584                ____addsf3_change_to_arm
                0x00208588                ____fixsfsi_from_thumb
                0x00208548                ____floatsisf_from_thumb
                0x0020853c                __exit_and_dispatch_change_to_arm
                0x00208518                __disable_int_from_thumb
                0x00208530                __start_dispatch_from_thumb
                0x00208579                ____ltsf2_from_thumb
                0x00208570                ____fixdfsi_from_thumb
                0x0020856c                ____divdf3_change_to_arm
                0x00208540                __start_from_thumb
                0x0020855c                ____muldf3_change_to_arm
                0x0020859c                ____divsf3_change_to_arm
                0x00208574                ____fixdfsi_change_to_arm
                0x00208568                ____divdf3_from_thumb
                0x00208520                __enable_int_from_thumb
                0x00208529                __dispatch_from_thumb
                0x002085b4                __interrupts_enable_change_to_arm
                0x002085ac                __interrupts_get_and_disable_change_to_arm
                0x0020852c                __dispatch_change_to_arm
                0x00208594                ____mulsf3_change_to_arm
                0x00208564                ____adddf3_change_to_arm
                0x002085a4                ____gtdf2_change_to_arm
                0x00208550                ____floatsidf_from_thumb
                0x0020854c                ____floatsisf_change_to_arm
                0x002085b9                __display_bios_status_from_thumb
                0x00208560                ____adddf3_from_thumb
                0x0020851c                __disable_int_change_to_arm
                0x0020857c                ____ltsf2_change_to_arm
                0x00208590                ____mulsf3_from_thumb
                0x00208580                ____addsf3_from_thumb
                0x00208558                ____muldf3_from_thumb
                0x00208524                __enable_int_change_to_arm
                0x00208554                ____floatsidf_change_to_arm
                0x002085b0                __interrupts_enable_from_thumb
                0x002085bc                __display_bios_status_change_to_arm
                0x00208534                __start_dispatch_change_to_arm
                0x002085c0                . = ALIGN (0x10)
 *(*.rodata *.rodata.*)
 .rodata.search_table.966
                0x002085c0        0xf build/kernel/task.o
 *fill*         0x002085cf        0x1 00
 .rodata.tinib_stksz
                0x002085d0        0x2 build/./kernel_cfg.o
                0x002085d0                tinib_stksz
 *fill*         0x002085d2        0x2 00
 .rodata.tinib_stk
                0x002085d4        0x4 build/./kernel_cfg.o
                0x002085d4                tinib_stk
 .rodata.tinib_task
                0x002085d8        0x4 build/./kernel_cfg.o
                0x002085d8                tinib_task
 .rodata.tinib_autoact
                0x002085dc        0x1 build/./kernel_cfg.o
                0x002085dc                tinib_autoact
 .rodata.tinib_exepri
                0x002085dd        0x1 build/./kernel_cfg.o
                0x002085dd                tinib_exepri
 .rodata.tinib_inipri
                0x002085de        0x1 build/./kernel_cfg.o
                0x002085de                tinib_inipri
 .rodata.tnum_exttask
                0x002085df        0x1 build/./kernel_cfg.o
                0x002085df                tnum_exttask
 .rodata.tnum_task
                0x002085e0        0x1 build/./kernel_cfg.o
                0x002085e0                tnum_task
 *fill*         0x002085e1        0x3 00
 .rodata.exec_addr
                0x002085e4        0x4 build/ecrobot_base.o
                0x002085e4                exec_addr
 .rodata.str1.4
                0x002085e8       0x80 build/ecrobot_base.o
 .rodata.str1.4
                0x00208668       0x18 build/src/main.o
 .rodata.str1.4
                0x00208680       0x20 build/src/movements.o
 .rodata.str1.4
                0x002086a0       0x23 build/src/algo/Algo.o
                                 0x24 (size before relaxing)
 *fill*         0x002086c3        0x1 00
 .rodata.str1.4
                0x002086c4       0x1c build/src/algo/MazeArray.o
 .rodata.str1.4
                0x002086e0       0x7c /cygdrive/C/cygwin/nxtOSEK/ecrobot/../ecrobot/libecrobot.a(ecrobot_interface.o)
                                 0x84 (size before relaxing)
 .rodata.str1.4
                0x0020875c        0x2 /cygdrive/C/cygwin/GNUARM/bin/../lib/gcc/arm-elf/4.0.2/../../../../arm-elf/lib/thumb/interwork/libc.a(impure.o)
                                  0x4 (size before relaxing)
                0x00208760                . = ALIGN (0x10)
 *fill*         0x0020875e        0x2 00
 *(*.gnu.linkonce.* .gcc_except_table)
                0x00208760                . = ALIGN (0x10)

.tors           0x00208760        0x0
                0x00208760                . = ALIGN (0x10)
                0x00208760                __ctor_begin = .
 *(*.ctors*)
                0x00208760                __ctor_end = .
                0x00208760                . = ALIGN (0x10)
                0x00208760                __dtor_begin = .
 *(*.dtors*)
                0x00208760                __dtor_end = .
                0x00208760                . = ALIGN (0x10)

.bss            0x00208760     0x19f0
 *(*.bss *.bss.*)
 .bss.ready_primap
                0x00208760        0x2 build/kernel/task.o
 .bss.ready_queue_last
                0x00208762       0x10 build/kernel/task.o
 .bss.ready_queue_first
                0x00208772       0x10 build/kernel/task.o
 *fill*         0x00208782        0x2 00
 .bss._stack_OSEK_Main_Task
                0x00208784      0x400 build/./kernel_cfg.o
 .bss.heap_ptr  0x00208b84        0x4 build/syscalls.o
 .bss.status_bar_position
                0x00208b88        0x4 build/ecrobot_base.o
 .bss.last_act_time.2674
                0x00208b8c        0x4 build/ecrobot_base.o
 .bss.lcd.2603  0x00208b90      0x320 build/ecrobot_base.o
 .bss.OS_flag   0x00208eb0        0x4 build/ecrobot_base.o
 .bss.status_bar
                0x00208eb4       0x10 build/ecrobot_base.o
 .bss.curentOrientation
                0x00208ec4        0x4 build/src/main.o
 .bss.thresholdvalue
                0x00208ec8        0x4 build/src/lightsensor.o
 .bss.tokenCount_i32
                0x00208ecc        0x4 build/src/algo/Algo.o
                0x00208ecc                tokenCount_i32
 .bss.isTokensCollected_bl
                0x00208ed0        0x4 build/src/algo/Algo.o
                0x00208ed0                isTokensCollected_bl
 .bss.originNode_pst
                0x00208ed4        0x4 build/src/algo/Algo.o
                0x00208ed4                originNode_pst
 .bss.isMazeExplored_bl
                0x00208ed8        0x4 build/src/algo/Algo.o
                0x00208ed8                isMazeExplored_bl
 .bss.previousNode_pst
                0x00208edc        0x4 build/src/algo/Algo.o
 .bss.timeout_ui32
                0x00208ee0        0x4 build/src/algo/Algo.o
 .bss.currentNode_pst
                0x00208ee4        0x4 build/src/algo/Algo.o
 .bss.originNodePos_i32
                0x00208ee8        0x4 build/src/algo/MazeArray.o
                0x00208ee8                originNodePos_i32
 .bss.mazeArrayElements_ui32
                0x00208eec        0x4 build/src/algo/MazeArray.o
 .bss.buttons_i
                0x00208ef0        0x4 /cygdrive/C/cygwin/nxtOSEK/ecrobot/../ecrobot/libecrobot.a(ecrobot_interface.o)
 .bss.buttons_states
                0x00208ef4       0x14 /cygdrive/C/cygwin/nxtOSEK/ecrobot/../ecrobot/libecrobot.a(ecrobot_interface.o)
 .bss.ecrobot_inputs
                0x00208f08        0x8 /cygdrive/C/cygwin/nxtOSEK/ecrobot/../ecrobot/libecrobot.a(ecrobot_interface.o)
 .bss.systick_ms
                0x00208f10        0x4 /cygdrive/C/cygwin/nxtOSEK/ecrobot/../ecrobot/libecrobot.a(systick.oram)
 .bss.delayedEnable
                0x00208f14        0x1 /cygdrive/C/cygwin/nxtOSEK/ecrobot/../ecrobot/libecrobot.a(udp.oram)
 *fill*         0x00208f15        0x3 00
 .bss.outCnt    0x00208f18        0x4 /cygdrive/C/cygwin/nxtOSEK/ecrobot/../ecrobot/libecrobot.a(udp.oram)
 .bss.outPtr    0x00208f1c        0x4 /cygdrive/C/cygwin/nxtOSEK/ecrobot/../ecrobot/libecrobot.a(udp.oram)
 .bss.newAddress
                0x00208f20        0x4 /cygdrive/C/cygwin/nxtOSEK/ecrobot/../ecrobot/libecrobot.a(udp.oram)
 .bss.currentRxBank
                0x00208f24        0x4 /cygdrive/C/cygwin/nxtOSEK/ecrobot/../ecrobot/libecrobot.a(udp.oram)
 .bss.currentFeatures
                0x00208f28        0x4 /cygdrive/C/cygwin/nxtOSEK/ecrobot/../ecrobot/libecrobot.a(udp.oram)
 .bss.currentConfig
                0x00208f2c        0x1 /cygdrive/C/cygwin/nxtOSEK/ecrobot/../ecrobot/libecrobot.a(udp.oram)
 *fill*         0x00208f2d        0x3 00
 .bss.twi_mask  0x00208f30        0x4 /cygdrive/C/cygwin/nxtOSEK/ecrobot/../ecrobot/libecrobot.a(twi.oram)
 .bss.twi_ptr   0x00208f34        0x4 /cygdrive/C/cygwin/nxtOSEK/ecrobot/../ecrobot/libecrobot.a(twi.oram)
 .bss.twi_pending
                0x00208f38        0x4 /cygdrive/C/cygwin/nxtOSEK/ecrobot/../ecrobot/libecrobot.a(twi.oram)
 .bss.twi_state
                0x00208f3c        0x4 /cygdrive/C/cygwin/nxtOSEK/ecrobot/../ecrobot/libecrobot.a(twi.oram)
 .bss.page      0x00208f40        0x1 /cygdrive/C/cygwin/nxtOSEK/ecrobot/../ecrobot/libecrobot.a(nxt_spi.oram)
                0x00208f40                page
 .bss.dirty     0x00208f41        0x1 /cygdrive/C/cygwin/nxtOSEK/ecrobot/../ecrobot/libecrobot.a(nxt_spi.oram)
                0x00208f41                dirty
 *fill*         0x00208f42        0x2 00
 .bss.display   0x00208f44        0x4 /cygdrive/C/cygwin/nxtOSEK/ecrobot/../ecrobot/libecrobot.a(nxt_spi.oram)
                0x00208f44                display
 .bss.interrupts_this_period
                0x00208f48        0x4 /cygdrive/C/cygwin/nxtOSEK/ecrobot/../ecrobot/libecrobot.a(nxt_motors.oram)
 .bss.nxt_motor_initialised
                0x00208f4c        0x4 /cygdrive/C/cygwin/nxtOSEK/ecrobot/../ecrobot/libecrobot.a(nxt_motors.oram)
 .bss.motor     0x00208f50       0x30 /cygdrive/C/cygwin/nxtOSEK/ecrobot/../ecrobot/libecrobot.a(nxt_motors.oram)
 .bss.display_tick
                0x00208f80        0x4 /cygdrive/C/cygwin/nxtOSEK/ecrobot/../ecrobot/libecrobot.a(display.oram)
                0x00208f80                display_tick
 .bss.display_array
                0x00208f84      0x388 /cygdrive/C/cygwin/nxtOSEK/ecrobot/../ecrobot/libecrobot.a(display.oram)
 .bss.i2c_int_count
                0x0020930c        0x4 /cygdrive/C/cygwin/nxtOSEK/ecrobot/../ecrobot/libecrobot.a(i2c.oram)
 .bss.i2c_port  0x00209310      0x170 /cygdrive/C/cygwin/nxtOSEK/ecrobot/../ecrobot/libecrobot.a(i2c.oram)
 .bss.sound_mode
                0x00209480        0x1 /cygdrive/C/cygwin/nxtOSEK/ecrobot/../ecrobot/libecrobot.a(sound.oram)
                0x00209480                sound_mode
 *fill*         0x00209481        0x3 00
 .bss.in_buf_idx
                0x00209484        0x4 /cygdrive/C/cygwin/nxtOSEK/ecrobot/../ecrobot/libecrobot.a(bt.oram)
 .bss.buf_ptr   0x00209488        0x4 /cygdrive/C/cygwin/nxtOSEK/ecrobot/../ecrobot/libecrobot.a(bt.oram)
 .bss.out_buf_ptr
                0x0020948c        0x1 /cygdrive/C/cygwin/nxtOSEK/ecrobot/../ecrobot/libecrobot.a(bt.oram)
 .bss.in_buf_in_ptr
                0x0020948d        0x1 /cygdrive/C/cygwin/nxtOSEK/ecrobot/../ecrobot/libecrobot.a(bt.oram)
 .bss.in_buf    0x0020948e      0x100 /cygdrive/C/cygwin/nxtOSEK/ecrobot/../ecrobot/libecrobot.a(bt.oram)
 *fill*         0x0020958e        0x2 00
 .bss.link_state
                0x00209590        0x4 /cygdrive/C/cygwin/nxtOSEK/ecrobot/../ecrobot/libecrobot.a(nxt_avr.oram)
 .bss.update_count
                0x00209594        0x4 /cygdrive/C/cygwin/nxtOSEK/ecrobot/../ecrobot/libecrobot.a(nxt_avr.oram)
 .bss.nxt_avr_stats
                0x00209598       0x14 /cygdrive/C/cygwin/nxtOSEK/ecrobot/../ecrobot/libecrobot.a(nxt_avr.oram)
 .bss.debounce_cnt
                0x002095ac        0x2 /cygdrive/C/cygwin/nxtOSEK/ecrobot/../ecrobot/libecrobot.a(nxt_avr.oram)
 .bss.debounce_state
                0x002095ae        0x2 /cygdrive/C/cygwin/nxtOSEK/ecrobot/../ecrobot/libecrobot.a(nxt_avr.oram)
 .bss.button_state
                0x002095b0        0x2 /cygdrive/C/cygwin/nxtOSEK/ecrobot/../ecrobot/libecrobot.a(nxt_avr.oram)
 .bss.prev_buttons
                0x002095b2        0x2 /cygdrive/C/cygwin/nxtOSEK/ecrobot/../ecrobot/libecrobot.a(nxt_avr.oram)
 .bss.from_buf  0x002095b4        0x4 /cygdrive/C/cygwin/nxtOSEK/ecrobot/../ecrobot/libecrobot.a(nxt_avr.oram)
 .bss.io_from_avr
                0x002095b8        0x4 /cygdrive/C/cygwin/nxtOSEK/ecrobot/../ecrobot/libecrobot.a(nxt_avr.oram)
 .bss.data_from_avr
                0x002095bc       0x1a /cygdrive/C/cygwin/nxtOSEK/ecrobot/../ecrobot/libecrobot.a(nxt_avr.oram)
 .bss.data_to_avr
                0x002095d6        0x9 /cygdrive/C/cygwin/nxtOSEK/ecrobot/../ecrobot/libecrobot.a(nxt_avr.oram)
 .bss.io_to_avr
                0x002095df        0x8 /cygdrive/C/cygwin/nxtOSEK/ecrobot/../ecrobot/libecrobot.a(nxt_avr.oram)
 *fill*         0x002095e7        0x1 00
 .bss.display   0x002095e8        0x4 /cygdrive/C/cygwin/nxtOSEK/ecrobot/../ecrobot/libecrobot.a(nxt_lcd.oram)
 .bss           0x002095ec       0x34 /cygdrive/C/cygwin/GNUARM/bin/../lib/gcc/arm-elf/4.0.2/../../../../arm-elf/lib/thumb/interwork/libc.a(mallocr.o)
                0x0020961c                __malloc_top_pad
                0x00209618                __malloc_max_sbrked_mem
                0x002095ec                __malloc_current_mallinfo
                0x00209614                __malloc_max_total_mem
                0x00209620                . = ALIGN (0x10)
                0x00209620                __bss_end__ = .
 COMMON         0x00209620        0x2 build/kernel/interrupt.o
                0x00209620                runisr
                0x00209621                sus_all_cnt
 *fill*         0x00209622        0x2 00
 COMMON         0x00209624       0x10 build/kernel/osctl.o
                0x00209624                callevel
                0x00209625                _errorhook_svcid
                0x00209626                appmode
                0x00209628                _errorhook_par1
                0x0020962c                _errorhook_par3
                0x00209630                _errorhook_par2
 COMMON         0x00209634        0x3 build/kernel/task.o
                0x00209634                runtsk
                0x00209635                schedtsk
                0x00209636                nextpri
 *fill*         0x00209637        0x1 00
 COMMON         0x00209638       0x2c build/./kernel_cfg.o
                0x00209638                tcb_waievt
                0x0020963c                rescb_prevpri
                0x0020963d                almcb_prev
                0x0020963e                tcb_lastres
                0x00209640                almcb_almval
                0x00209644                tcxb_pc
                0x00209648                tcb_next
                0x00209649                tcb_curpri
                0x0020964a                tcb_tstat
                0x0020964b                isrcb_lastres
                0x0020964c                cntcb_almque
                0x0020964d                rescb_prevres
                0x0020964e                tcb_actcnt
                0x00209650                tcb_curevt
                0x00209654                almcb_cycle
                0x00209658                tcxb_sp
                0x0020965c                almcb_next
                0x00209660                cntcb_curval
 COMMON         0x00209664      0x780 build/src/main.o
                0x00209664                mazeArray
 COMMON         0x00209de4       0x44 /cygdrive/C/cygwin/nxtOSEK/ecrobot/../ecrobot/libecrobot.a(uart.oram)
                0x00209de4                uart
 COMMON         0x00209e28        0x4 /cygdrive/C/cygwin/nxtOSEK/ecrobot/../ecrobot/libecrobot.a(data_abort.oram)
                0x00209e28                data_abort_pc
 COMMON         0x00209e2c        0x8 /cygdrive/C/cygwin/nxtOSEK/ecrobot/../ecrobot/libecrobot.a(display.oram)
                0x00209e2c                display_x
                0x00209e30                display_y
 COMMON         0x00209e34      0x31c /cygdrive/C/cygwin/nxtOSEK/ecrobot/../ecrobot/libecrobot.a(sound.oram)
                0x00209e34                sample
                0x00208760                __bss_start__ = ADDR (.bss)
                0x0020a150                __bss_end__ = (ADDR (.bss) + SIZEOF (.bss))
                0x0020a150                PROVIDE (end, .)

.heap_area      0x0020a150     0x5a28
                0x0020fb78                . = (. + (0x20fb78 - end))
 *fill*         0x0020a150     0x5a28 00

.stack          0x0020fb78      0x488
                0x0020fbf8                . = (. + 0x80)
 *fill*         0x0020fb78       0x80 00
                0x0020fc00                . = ALIGN (0x10)
 *fill*         0x0020fbf8        0x8 00
                0x0020fc00                __irq_stack__ = .
                0x0020fc00                __system_stack_bottom__ = .
                0x00210000                . = (. + 0x400)
 *fill*         0x0020fc00      0x400 00
                0x00210000                . = ALIGN (0x10)
                0x00210000                __system_stack__ = .
                0x00210000                __system_stack_top__ = .
                0x0020fb78                __stack_start__ = ADDR (.stack)
                0x00210000                __stack_end__ = (ADDR (.stack) + SIZEOF (.stack))
OUTPUT(main_rxe.elf elf32-littlearm)

.comment        0x00000000      0x492
 .comment       0x00000000       0x12 build/kernel/alarm.o
 .comment       0x00000012       0x12 build/kernel/event.o
 .comment       0x00000024       0x12 build/kernel/interrupt.o
 .comment       0x00000036       0x12 build/kernel/osctl.o
 .comment       0x00000048       0x12 build/kernel/resource.o
 .comment       0x0000005a       0x12 build/kernel/task.o
 .comment       0x0000006c       0x12 build/kernel/task_manage.o
 .comment       0x0000007e       0x12 build/config/at91sam7s-gnu/cpu_config.o
 .comment       0x00000090       0x12 build/config/at91sam7s-gnu/lego_nxt/sys_config.o
 .comment       0x000000a2       0x12 build/./kernel_cfg.o
 .comment       0x000000b4       0x12 build/syscalls.o
 .comment       0x000000c6       0x12 build/ecrobot_bluetooth.o
 .comment       0x000000d8       0x12 build/ecrobot_base.o
 .comment       0x000000ea       0x12 build/ecrobot.o
 .comment       0x000000fc       0x12 build/src/main.o
 .comment       0x0000010e       0x12 build/src/types.o
 .comment       0x00000120       0x12 build/src/directions.o
 .comment       0x00000132       0x12 build/src/lightsensor.o
 .comment       0x00000144       0x12 build/src/movements.o
 .comment       0x00000156       0x12 build/src/RobotHandler.o
 .comment       0x00000168       0x12 build/src/algo/Algo.o
 .comment       0x0000017a       0x12 build/src/algo/AStarNode.o
 .comment       0x0000018c       0x12 build/src/algo/AStarPathFinder.o
 .comment       0x0000019e       0x12 build/src/algo/DeadEndHandler.o
 .comment       0x000001b0       0x12 build/src/algo/MazeArray.o
 .comment       0x000001c2       0x12 build/src/algo/Node.o
 .comment       0x000001d4       0x12 build/syslib/at91sam7s-gnu/lego_nxt/hw_sys_timer.oram
 .comment       0x000001e6       0x12 /cygdrive/C/cygwin/nxtOSEK/ecrobot/../ecrobot/libecrobot.a(ecrobot_interface.o)
 .comment       0x000001f8       0x12 /cygdrive/C/cygwin/nxtOSEK/ecrobot/../ecrobot/libecrobot.a(colorsensor.o)
 .comment       0x0000020a       0x12 /cygdrive/C/cygwin/nxtOSEK/ecrobot/../ecrobot/libecrobot.a(osek_hook.o)
 .comment       0x0000021c       0x12 /cygdrive/C/cygwin/nxtOSEK/ecrobot/../ecrobot/libecrobot.a(uart.oram)
 .comment       0x0000022e       0x12 /cygdrive/C/cygwin/nxtOSEK/ecrobot/../ecrobot/libecrobot.a(systick.oram)
 .comment       0x00000240       0x12 /cygdrive/C/cygwin/nxtOSEK/ecrobot/../ecrobot/libecrobot.a(byte_fifo.oram)
 .comment       0x00000252       0x12 /cygdrive/C/cygwin/nxtOSEK/ecrobot/../ecrobot/libecrobot.a(aic.oram)
 .comment       0x00000264       0x12 /cygdrive/C/cygwin/nxtOSEK/ecrobot/../ecrobot/libecrobot.a(udp.oram)
 .comment       0x00000276       0x12 /cygdrive/C/cygwin/nxtOSEK/ecrobot/../ecrobot/libecrobot.a(twi.oram)
 .comment       0x00000288       0x12 /cygdrive/C/cygwin/nxtOSEK/ecrobot/../ecrobot/libecrobot.a(nxt_spi.oram)
 .comment       0x0000029a       0x12 /cygdrive/C/cygwin/nxtOSEK/ecrobot/../ecrobot/libecrobot.a(nxt_motors.oram)
 .comment       0x000002ac       0x12 /cygdrive/C/cygwin/nxtOSEK/ecrobot/../ecrobot/libecrobot.a(data_abort.oram)
 .comment       0x000002be       0x12 /cygdrive/C/cygwin/nxtOSEK/ecrobot/../ecrobot/libecrobot.a(display.oram)
 .comment       0x000002d0       0x12 /cygdrive/C/cygwin/nxtOSEK/ecrobot/../ecrobot/libecrobot.a(i2c.oram)
 .comment       0x000002e2       0x12 /cygdrive/C/cygwin/nxtOSEK/ecrobot/../ecrobot/libecrobot.a(sound.oram)
 .comment       0x000002f4       0x12 /cygdrive/C/cygwin/nxtOSEK/ecrobot/../ecrobot/libecrobot.a(bt.oram)
 .comment       0x00000306       0x12 /cygdrive/C/cygwin/nxtOSEK/ecrobot/../ecrobot/libecrobot.a(nxt_avr.oram)
 .comment       0x00000318       0x12 /cygdrive/C/cygwin/nxtOSEK/ecrobot/../ecrobot/libecrobot.a(sensors.oram)
 .comment       0x0000032a       0x12 /cygdrive/C/cygwin/nxtOSEK/ecrobot/../ecrobot/libecrobot.a(sensors1.oram)
 .comment       0x0000033c       0x12 /cygdrive/C/cygwin/nxtOSEK/ecrobot/../ecrobot/libecrobot.a(nxt_lcd.oram)
 .comment       0x0000034e       0x12 /cygdrive/C/cygwin/nxtOSEK/ecrobot/../ecrobot/libecrobot.a(flash_loader.oram)
 .comment       0x00000360       0x12 /cygdrive/C/cygwin/nxtOSEK/ecrobot/../ecrobot/libecrobot.a(ecrobot_usb.o)
 .comment       0x00000372       0x12 /cygdrive/C/cygwin/nxtOSEK/ecrobot/../ecrobot/libecrobot.a(flashprog.oram)
 .comment       0x00000384       0x12 /cygdrive/C/cygwin/GNUARM/bin/../lib/gcc/arm-elf/4.0.2/thumb/interwork/libgcc.a(_muldi3.o)
 .comment       0x00000396       0x12 /cygdrive/C/cygwin/GNUARM/bin/../lib/gcc/arm-elf/4.0.2/thumb/interwork/libgcc.a(_divdi3.o)
 .comment       0x000003a8       0x12 /cygdrive/C/cygwin/GNUARM/bin/../lib/gcc/arm-elf/4.0.2/thumb/interwork/libgcc.a(_clz.o)
 .comment       0x000003ba       0x12 /cygdrive/C/cygwin/GNUARM/bin/../lib/gcc/arm-elf/4.0.2/../../../../arm-elf/lib/thumb/interwork/libc.a(abs.o)
 .comment       0x000003cc       0x12 /cygdrive/C/cygwin/GNUARM/bin/../lib/gcc/arm-elf/4.0.2/../../../../arm-elf/lib/thumb/interwork/libc.a(malloc.o)
 .comment       0x000003de       0x12 /cygdrive/C/cygwin/GNUARM/bin/../lib/gcc/arm-elf/4.0.2/../../../../arm-elf/lib/thumb/interwork/libc.a(mallocr.o)
 .comment       0x000003f0       0x12 /cygdrive/C/cygwin/GNUARM/bin/../lib/gcc/arm-elf/4.0.2/../../../../arm-elf/lib/thumb/interwork/libc.a(memcpy.o)
 .comment       0x00000402       0x12 /cygdrive/C/cygwin/GNUARM/bin/../lib/gcc/arm-elf/4.0.2/../../../../arm-elf/lib/thumb/interwork/libc.a(memset.o)
 .comment       0x00000414       0x12 /cygdrive/C/cygwin/GNUARM/bin/../lib/gcc/arm-elf/4.0.2/../../../../arm-elf/lib/thumb/interwork/libc.a(mlock.o)
 .comment       0x00000426       0x12 /cygdrive/C/cygwin/GNUARM/bin/../lib/gcc/arm-elf/4.0.2/../../../../arm-elf/lib/thumb/interwork/libc.a(strcmp.o)
 .comment       0x00000438       0x12 /cygdrive/C/cygwin/GNUARM/bin/../lib/gcc/arm-elf/4.0.2/../../../../arm-elf/lib/thumb/interwork/libc.a(strcpy.o)
 .comment       0x0000044a       0x12 /cygdrive/C/cygwin/GNUARM/bin/../lib/gcc/arm-elf/4.0.2/../../../../arm-elf/lib/thumb/interwork/libc.a(strlen.o)
 .comment       0x0000045c       0x12 /cygdrive/C/cygwin/GNUARM/bin/../lib/gcc/arm-elf/4.0.2/../../../../arm-elf/lib/thumb/interwork/libc.a(strncpy.o)
 .comment       0x0000046e       0x12 /cygdrive/C/cygwin/GNUARM/bin/../lib/gcc/arm-elf/4.0.2/../../../../arm-elf/lib/thumb/interwork/libc.a(freer.o)
 .comment       0x00000480       0x12 /cygdrive/C/cygwin/GNUARM/bin/../lib/gcc/arm-elf/4.0.2/../../../../arm-elf/lib/thumb/interwork/libc.a(impure.o)

.debug_line     0x00000000     0x15f7
 .debug_line    0x00000000       0x70 /cygdrive/C/cygwin/GNUARM/bin/../lib/gcc/arm-elf/4.0.2/thumb/interwork/libgcc.a(_udivsi3.o)
 .debug_line    0x00000070       0x7c /cygdrive/C/cygwin/GNUARM/bin/../lib/gcc/arm-elf/4.0.2/thumb/interwork/libgcc.a(_divsi3.o)
 .debug_line    0x000000ec       0x68 /cygdrive/C/cygwin/GNUARM/bin/../lib/gcc/arm-elf/4.0.2/thumb/interwork/libgcc.a(_umodsi3.o)
 .debug_line    0x00000154       0x71 /cygdrive/C/cygwin/GNUARM/bin/../lib/gcc/arm-elf/4.0.2/thumb/interwork/libgcc.a(_modsi3.o)
 .debug_line    0x000001c5       0x5a /cygdrive/C/cygwin/GNUARM/bin/../lib/gcc/arm-elf/4.0.2/thumb/interwork/libgcc.a(_dvmd_tls.o)
 .debug_line    0x0000021f      0x162 /cygdrive/C/cygwin/GNUARM/bin/../lib/gcc/arm-elf/4.0.2/thumb/interwork/libgcc.a(_addsubdf3.o)
 .debug_line    0x00000381      0x177 /cygdrive/C/cygwin/GNUARM/bin/../lib/gcc/arm-elf/4.0.2/thumb/interwork/libgcc.a(_muldivdf3.o)
 .debug_line    0x000004f8       0xa4 /cygdrive/C/cygwin/GNUARM/bin/../lib/gcc/arm-elf/4.0.2/thumb/interwork/libgcc.a(_cmpdf2.o)
 .debug_line    0x0000059c       0x6f /cygdrive/C/cygwin/GNUARM/bin/../lib/gcc/arm-elf/4.0.2/thumb/interwork/libgcc.a(_fixdfsi.o)
 .debug_line    0x0000060b      0x110 /cygdrive/C/cygwin/GNUARM/bin/../lib/gcc/arm-elf/4.0.2/thumb/interwork/libgcc.a(_addsubsf3.o)
 .debug_line    0x0000071b      0x11a /cygdrive/C/cygwin/GNUARM/bin/../lib/gcc/arm-elf/4.0.2/thumb/interwork/libgcc.a(_muldivsf3.o)
 .debug_line    0x00000835       0x98 /cygdrive/C/cygwin/GNUARM/bin/../lib/gcc/arm-elf/4.0.2/thumb/interwork/libgcc.a(_cmpsf2.o)
 .debug_line    0x000008cd       0x6f /cygdrive/C/cygwin/GNUARM/bin/../lib/gcc/arm-elf/4.0.2/thumb/interwork/libgcc.a(_fixsfsi.o)
 .debug_line    0x0000093c       0x61 /cygdrive/C/cygwin/GNUARM/bin/../lib/gcc/arm-elf/4.0.2/thumb/interwork/libgcc.a(_muldi3.o)
 .debug_line    0x0000099d      0x122 /cygdrive/C/cygwin/GNUARM/bin/../lib/gcc/arm-elf/4.0.2/thumb/interwork/libgcc.a(_divdi3.o)
 .debug_line    0x00000abf       0x48 /cygdrive/C/cygwin/GNUARM/bin/../lib/gcc/arm-elf/4.0.2/thumb/interwork/libgcc.a(_clz.o)
 .debug_line    0x00000b07       0x6a /cygdrive/C/cygwin/GNUARM/bin/../lib/gcc/arm-elf/4.0.2/../../../../arm-elf/lib/thumb/interwork/libc.a(abs.o)
 .debug_line    0x00000b71       0xfd /cygdrive/C/cygwin/GNUARM/bin/../lib/gcc/arm-elf/4.0.2/../../../../arm-elf/lib/thumb/interwork/libc.a(malloc.o)
 .debug_line    0x00000c6e      0x23d /cygdrive/C/cygwin/GNUARM/bin/../lib/gcc/arm-elf/4.0.2/../../../../arm-elf/lib/thumb/interwork/libc.a(mallocr.o)
 .debug_line    0x00000eab       0xc3 /cygdrive/C/cygwin/GNUARM/bin/../lib/gcc/arm-elf/4.0.2/../../../../arm-elf/lib/thumb/interwork/libc.a(memcpy.o)
 .debug_line    0x00000f6e       0xd4 /cygdrive/C/cygwin/GNUARM/bin/../lib/gcc/arm-elf/4.0.2/../../../../arm-elf/lib/thumb/interwork/libc.a(memset.o)
 .debug_line    0x00001042       0xf5 /cygdrive/C/cygwin/GNUARM/bin/../lib/gcc/arm-elf/4.0.2/../../../../arm-elf/lib/thumb/interwork/libc.a(mlock.o)
 .debug_line    0x00001137       0x88 /cygdrive/C/cygwin/GNUARM/bin/../lib/gcc/arm-elf/4.0.2/../../../../arm-elf/lib/thumb/interwork/libc.a(strcmp.o)
 .debug_line    0x000011bf       0x80 /cygdrive/C/cygwin/GNUARM/bin/../lib/gcc/arm-elf/4.0.2/../../../../arm-elf/lib/thumb/interwork/libc.a(strcpy.o)
 .debug_line    0x0000123f       0xaf /cygdrive/C/cygwin/GNUARM/bin/../lib/gcc/arm-elf/4.0.2/../../../../arm-elf/lib/thumb/interwork/libc.a(strlen.o)
 .debug_line    0x000012ee       0xc2 /cygdrive/C/cygwin/GNUARM/bin/../lib/gcc/arm-elf/4.0.2/../../../../arm-elf/lib/thumb/interwork/libc.a(strncpy.o)
 .debug_line    0x000013b0      0x164 /cygdrive/C/cygwin/GNUARM/bin/../lib/gcc/arm-elf/4.0.2/../../../../arm-elf/lib/thumb/interwork/libc.a(freer.o)
 .debug_line    0x00001514       0xe3 /cygdrive/C/cygwin/GNUARM/bin/../lib/gcc/arm-elf/4.0.2/../../../../arm-elf/lib/thumb/interwork/libc.a(impure.o)

.debug_info     0x00000000     0x4a45
 .debug_info    0x00000000       0x6a /cygdrive/C/cygwin/GNUARM/bin/../lib/gcc/arm-elf/4.0.2/thumb/interwork/libgcc.a(_udivsi3.o)
 .debug_info    0x0000006a       0x6a /cygdrive/C/cygwin/GNUARM/bin/../lib/gcc/arm-elf/4.0.2/thumb/interwork/libgcc.a(_divsi3.o)
 .debug_info    0x000000d4       0x6a /cygdrive/C/cygwin/GNUARM/bin/../lib/gcc/arm-elf/4.0.2/thumb/interwork/libgcc.a(_umodsi3.o)
 .debug_info    0x0000013e       0x6a /cygdrive/C/cygwin/GNUARM/bin/../lib/gcc/arm-elf/4.0.2/thumb/interwork/libgcc.a(_modsi3.o)
 .debug_info    0x000001a8       0x6a /cygdrive/C/cygwin/GNUARM/bin/../lib/gcc/arm-elf/4.0.2/thumb/interwork/libgcc.a(_dvmd_tls.o)
 .debug_info    0x00000212       0x69 /cygdrive/C/cygwin/GNUARM/bin/../lib/gcc/arm-elf/4.0.2/thumb/interwork/libgcc.a(_addsubdf3.o)
 .debug_info    0x0000027b       0x69 /cygdrive/C/cygwin/GNUARM/bin/../lib/gcc/arm-elf/4.0.2/thumb/interwork/libgcc.a(_muldivdf3.o)
 .debug_info    0x000002e4       0x69 /cygdrive/C/cygwin/GNUARM/bin/../lib/gcc/arm-elf/4.0.2/thumb/interwork/libgcc.a(_cmpdf2.o)
 .debug_info    0x0000034d       0x69 /cygdrive/C/cygwin/GNUARM/bin/../lib/gcc/arm-elf/4.0.2/thumb/interwork/libgcc.a(_fixdfsi.o)
 .debug_info    0x000003b6       0x69 /cygdrive/C/cygwin/GNUARM/bin/../lib/gcc/arm-elf/4.0.2/thumb/interwork/libgcc.a(_addsubsf3.o)
 .debug_info    0x0000041f       0x69 /cygdrive/C/cygwin/GNUARM/bin/../lib/gcc/arm-elf/4.0.2/thumb/interwork/libgcc.a(_muldivsf3.o)
 .debug_info    0x00000488       0x69 /cygdrive/C/cygwin/GNUARM/bin/../lib/gcc/arm-elf/4.0.2/thumb/interwork/libgcc.a(_cmpsf2.o)
 .debug_info    0x000004f1       0x69 /cygdrive/C/cygwin/GNUARM/bin/../lib/gcc/arm-elf/4.0.2/thumb/interwork/libgcc.a(_fixsfsi.o)
 .debug_info    0x0000055a      0x20e /cygdrive/C/cygwin/GNUARM/bin/../lib/gcc/arm-elf/4.0.2/thumb/interwork/libgcc.a(_muldi3.o)
 .debug_info    0x00000768      0x758 /cygdrive/C/cygwin/GNUARM/bin/../lib/gcc/arm-elf/4.0.2/thumb/interwork/libgcc.a(_divdi3.o)
 .debug_info    0x00000ec0       0xc9 /cygdrive/C/cygwin/GNUARM/bin/../lib/gcc/arm-elf/4.0.2/thumb/interwork/libgcc.a(_clz.o)
 .debug_info    0x00000f89       0x99 /cygdrive/C/cygwin/GNUARM/bin/../lib/gcc/arm-elf/4.0.2/../../../../arm-elf/lib/thumb/interwork/libc.a(abs.o)
 .debug_info    0x00001022      0x955 /cygdrive/C/cygwin/GNUARM/bin/../lib/gcc/arm-elf/4.0.2/../../../../arm-elf/lib/thumb/interwork/libc.a(malloc.o)
 .debug_info    0x00001977      0xcbd /cygdrive/C/cygwin/GNUARM/bin/../lib/gcc/arm-elf/4.0.2/../../../../arm-elf/lib/thumb/interwork/libc.a(mallocr.o)
 .debug_info    0x00002634      0x10d /cygdrive/C/cygwin/GNUARM/bin/../lib/gcc/arm-elf/4.0.2/../../../../arm-elf/lib/thumb/interwork/libc.a(memcpy.o)
 .debug_info    0x00002741      0x111 /cygdrive/C/cygwin/GNUARM/bin/../lib/gcc/arm-elf/4.0.2/../../../../arm-elf/lib/thumb/interwork/libc.a(memset.o)
 .debug_info    0x00002852      0x93e /cygdrive/C/cygwin/GNUARM/bin/../lib/gcc/arm-elf/4.0.2/../../../../arm-elf/lib/thumb/interwork/libc.a(mlock.o)
 .debug_info    0x00003190       0xd9 /cygdrive/C/cygwin/GNUARM/bin/../lib/gcc/arm-elf/4.0.2/../../../../arm-elf/lib/thumb/interwork/libc.a(strcmp.o)
 .debug_info    0x00003269      0x10c /cygdrive/C/cygwin/GNUARM/bin/../lib/gcc/arm-elf/4.0.2/../../../../arm-elf/lib/thumb/interwork/libc.a(strcpy.o)
 .debug_info    0x00003375       0xd5 /cygdrive/C/cygwin/GNUARM/bin/../lib/gcc/arm-elf/4.0.2/../../../../arm-elf/lib/thumb/interwork/libc.a(strlen.o)
 .debug_info    0x0000344a      0x126 /cygdrive/C/cygwin/GNUARM/bin/../lib/gcc/arm-elf/4.0.2/../../../../arm-elf/lib/thumb/interwork/libc.a(strncpy.o)
 .debug_info    0x00003570      0xbb3 /cygdrive/C/cygwin/GNUARM/bin/../lib/gcc/arm-elf/4.0.2/../../../../arm-elf/lib/thumb/interwork/libc.a(freer.o)
 .debug_info    0x00004123      0x922 /cygdrive/C/cygwin/GNUARM/bin/../lib/gcc/arm-elf/4.0.2/../../../../arm-elf/lib/thumb/interwork/libc.a(impure.o)

.debug_abbrev   0x00000000      0xf86
 .debug_abbrev  0x00000000       0x14 /cygdrive/C/cygwin/GNUARM/bin/../lib/gcc/arm-elf/4.0.2/thumb/interwork/libgcc.a(_udivsi3.o)
 .debug_abbrev  0x00000014       0x14 /cygdrive/C/cygwin/GNUARM/bin/../lib/gcc/arm-elf/4.0.2/thumb/interwork/libgcc.a(_divsi3.o)
 .debug_abbrev  0x00000028       0x14 /cygdrive/C/cygwin/GNUARM/bin/../lib/gcc/arm-elf/4.0.2/thumb/interwork/libgcc.a(_umodsi3.o)
 .debug_abbrev  0x0000003c       0x14 /cygdrive/C/cygwin/GNUARM/bin/../lib/gcc/arm-elf/4.0.2/thumb/interwork/libgcc.a(_modsi3.o)
 .debug_abbrev  0x00000050       0x14 /cygdrive/C/cygwin/GNUARM/bin/../lib/gcc/arm-elf/4.0.2/thumb/interwork/libgcc.a(_dvmd_tls.o)
 .debug_abbrev  0x00000064       0x14 /cygdrive/C/cygwin/GNUARM/bin/../lib/gcc/arm-elf/4.0.2/thumb/interwork/libgcc.a(_addsubdf3.o)
 .debug_abbrev  0x00000078       0x14 /cygdrive/C/cygwin/GNUARM/bin/../lib/gcc/arm-elf/4.0.2/thumb/interwork/libgcc.a(_muldivdf3.o)
 .debug_abbrev  0x0000008c       0x14 /cygdrive/C/cygwin/GNUARM/bin/../lib/gcc/arm-elf/4.0.2/thumb/interwork/libgcc.a(_cmpdf2.o)
 .debug_abbrev  0x000000a0       0x14 /cygdrive/C/cygwin/GNUARM/bin/../lib/gcc/arm-elf/4.0.2/thumb/interwork/libgcc.a(_fixdfsi.o)
 .debug_abbrev  0x000000b4       0x14 /cygdrive/C/cygwin/GNUARM/bin/../lib/gcc/arm-elf/4.0.2/thumb/interwork/libgcc.a(_addsubsf3.o)
 .debug_abbrev  0x000000c8       0x14 /cygdrive/C/cygwin/GNUARM/bin/../lib/gcc/arm-elf/4.0.2/thumb/interwork/libgcc.a(_muldivsf3.o)
 .debug_abbrev  0x000000dc       0x14 /cygdrive/C/cygwin/GNUARM/bin/../lib/gcc/arm-elf/4.0.2/thumb/interwork/libgcc.a(_cmpsf2.o)
 .debug_abbrev  0x000000f0       0x14 /cygdrive/C/cygwin/GNUARM/bin/../lib/gcc/arm-elf/4.0.2/thumb/interwork/libgcc.a(_fixsfsi.o)
 .debug_abbrev  0x00000104       0xec /cygdrive/C/cygwin/GNUARM/bin/../lib/gcc/arm-elf/4.0.2/thumb/interwork/libgcc.a(_muldi3.o)
 .debug_abbrev  0x000001f0      0x174 /cygdrive/C/cygwin/GNUARM/bin/../lib/gcc/arm-elf/4.0.2/thumb/interwork/libgcc.a(_divdi3.o)
 .debug_abbrev  0x00000364       0x61 /cygdrive/C/cygwin/GNUARM/bin/../lib/gcc/arm-elf/4.0.2/thumb/interwork/libgcc.a(_clz.o)
 .debug_abbrev  0x000003c5       0x50 /cygdrive/C/cygwin/GNUARM/bin/../lib/gcc/arm-elf/4.0.2/../../../../arm-elf/lib/thumb/interwork/libc.a(abs.o)
 .debug_abbrev  0x00000415      0x187 /cygdrive/C/cygwin/GNUARM/bin/../lib/gcc/arm-elf/4.0.2/../../../../arm-elf/lib/thumb/interwork/libc.a(malloc.o)
 .debug_abbrev  0x0000059c      0x214 /cygdrive/C/cygwin/GNUARM/bin/../lib/gcc/arm-elf/4.0.2/../../../../arm-elf/lib/thumb/interwork/libc.a(mallocr.o)
 .debug_abbrev  0x000007b0       0x99 /cygdrive/C/cygwin/GNUARM/bin/../lib/gcc/arm-elf/4.0.2/../../../../arm-elf/lib/thumb/interwork/libc.a(memcpy.o)
 .debug_abbrev  0x00000849       0x9a /cygdrive/C/cygwin/GNUARM/bin/../lib/gcc/arm-elf/4.0.2/../../../../arm-elf/lib/thumb/interwork/libc.a(memset.o)
 .debug_abbrev  0x000008e3      0x16a /cygdrive/C/cygwin/GNUARM/bin/../lib/gcc/arm-elf/4.0.2/../../../../arm-elf/lib/thumb/interwork/libc.a(mlock.o)
 .debug_abbrev  0x00000a4d       0x71 /cygdrive/C/cygwin/GNUARM/bin/../lib/gcc/arm-elf/4.0.2/../../../../arm-elf/lib/thumb/interwork/libc.a(strcmp.o)
 .debug_abbrev  0x00000abe       0x80 /cygdrive/C/cygwin/GNUARM/bin/../lib/gcc/arm-elf/4.0.2/../../../../arm-elf/lib/thumb/interwork/libc.a(strcpy.o)
 .debug_abbrev  0x00000b3e       0x8b /cygdrive/C/cygwin/GNUARM/bin/../lib/gcc/arm-elf/4.0.2/../../../../arm-elf/lib/thumb/interwork/libc.a(strlen.o)
 .debug_abbrev  0x00000bc9       0x8d /cygdrive/C/cygwin/GNUARM/bin/../lib/gcc/arm-elf/4.0.2/../../../../arm-elf/lib/thumb/interwork/libc.a(strncpy.o)
 .debug_abbrev  0x00000c56      0x1d9 /cygdrive/C/cygwin/GNUARM/bin/../lib/gcc/arm-elf/4.0.2/../../../../arm-elf/lib/thumb/interwork/libc.a(freer.o)
 .debug_abbrev  0x00000e2f      0x157 /cygdrive/C/cygwin/GNUARM/bin/../lib/gcc/arm-elf/4.0.2/../../../../arm-elf/lib/thumb/interwork/libc.a(impure.o)

.debug_aranges  0x00000000      0x340
 .debug_aranges
                0x00000000       0x20 /cygdrive/C/cygwin/GNUARM/bin/../lib/gcc/arm-elf/4.0.2/thumb/interwork/libgcc.a(_udivsi3.o)
 .debug_aranges
                0x00000020       0x20 /cygdrive/C/cygwin/GNUARM/bin/../lib/gcc/arm-elf/4.0.2/thumb/interwork/libgcc.a(_divsi3.o)
 .debug_aranges
                0x00000040       0x20 /cygdrive/C/cygwin/GNUARM/bin/../lib/gcc/arm-elf/4.0.2/thumb/interwork/libgcc.a(_umodsi3.o)
 .debug_aranges
                0x00000060       0x20 /cygdrive/C/cygwin/GNUARM/bin/../lib/gcc/arm-elf/4.0.2/thumb/interwork/libgcc.a(_modsi3.o)
 .debug_aranges
                0x00000080       0x20 /cygdrive/C/cygwin/GNUARM/bin/../lib/gcc/arm-elf/4.0.2/thumb/interwork/libgcc.a(_dvmd_tls.o)
 .debug_aranges